Archive member included to satisfy reference by file (symbol)

/home/nahomts/Documents/DaisyExamples/libDaisy/build/libdaisy.a(daisy_seed.o)
                              build/I2C.o (daisy::DaisySeed::DelayMs(unsigned int))
/home/nahomts/Documents/DaisyExamples/libDaisy/build/libdaisy.a(codec_ak4556.o)
                              /home/nahomts/Documents/DaisyExamples/libDaisy/build/libdaisy.a(daisy_seed.o) (daisy::Ak4556::Init(dsy_gpio_pin))
/home/nahomts/Documents/DaisyExamples/libDaisy/build/libdaisy.a(codec_wm8731.o)
                              /home/nahomts/Documents/DaisyExamples/libDaisy/build/libdaisy.a(daisy_seed.o) (daisy::Wm8731::Init(daisy::Wm8731::Config const&, daisy::I2CHandle))
/home/nahomts/Documents/DaisyExamples/libDaisy/build/libdaisy.a(sdram.o)
                              /home/nahomts/Documents/DaisyExamples/libDaisy/build/libdaisy.a(daisy_seed.o) (SdramHandle::Init())
/home/nahomts/Documents/DaisyExamples/libDaisy/build/libdaisy.a(audio.o)
                              /home/nahomts/Documents/DaisyExamples/libDaisy/build/libdaisy.a(daisy_seed.o) (daisy::AudioHandle::Init(daisy::AudioHandle::Config const&, daisy::SaiHandle))
/home/nahomts/Documents/DaisyExamples/libDaisy/build/libdaisy.a(gpio.o)
                              /home/nahomts/Documents/DaisyExamples/libDaisy/build/libdaisy.a(daisy_seed.o) (daisy::GPIO::Init(daisy::Pin, daisy::GPIO::Mode, daisy::GPIO::Pull, daisy::GPIO::Speed))
/home/nahomts/Documents/DaisyExamples/libDaisy/build/libdaisy.a(i2c.o)
                              build/I2C.o (daisy::I2CHandle::Init(daisy::I2CHandle::Config const&))
/home/nahomts/Documents/DaisyExamples/libDaisy/build/libdaisy.a(qspi.o)
                              /home/nahomts/Documents/DaisyExamples/libDaisy/build/libdaisy.a(daisy_seed.o) (daisy::QSPIHandle::Init(daisy::QSPIHandle::Config const&))
/home/nahomts/Documents/DaisyExamples/libDaisy/build/libdaisy.a(sai.o)
                              /home/nahomts/Documents/DaisyExamples/libDaisy/build/libdaisy.a(daisy_seed.o) (daisy::SaiHandle::Init(daisy::SaiHandle::Config const&))
/home/nahomts/Documents/DaisyExamples/libDaisy/build/libdaisy.a(system.o)
                              /home/nahomts/Documents/DaisyExamples/libDaisy/build/libdaisy.a(daisy_seed.o) (daisy::System::DeInit())
/home/nahomts/Documents/DaisyExamples/libDaisy/build/libdaisy.a(system_stm32h7xx.o)
                              build/startup_stm32h750xx.o (SystemInit)
/home/nahomts/Documents/DaisyExamples/libDaisy/build/libdaisy.a(usbd_conf.o)
                              /home/nahomts/Documents/DaisyExamples/libDaisy/build/libdaisy.a(system.o) (hpcd_USB_OTG_HS)
/home/nahomts/Documents/DaisyExamples/libDaisy/build/libdaisy.a(usbh_conf.o)
                              /home/nahomts/Documents/DaisyExamples/libDaisy/build/libdaisy.a(system.o) (hhcd_USB_OTG_HS)
/home/nahomts/Documents/DaisyExamples/libDaisy/build/libdaisy.a(hal_map.o)
                              /home/nahomts/Documents/DaisyExamples/libDaisy/build/libdaisy.a(gpio.o) (dsy_hal_map_get_port)
/home/nahomts/Documents/DaisyExamples/libDaisy/build/libdaisy.a(stm32h7xx_hal.o)
                              /home/nahomts/Documents/DaisyExamples/libDaisy/build/libdaisy.a(system.o) (HAL_Init)
/home/nahomts/Documents/DaisyExamples/libDaisy/build/libdaisy.a(stm32h7xx_hal_cortex.o)
                              /home/nahomts/Documents/DaisyExamples/libDaisy/build/libdaisy.a(stm32h7xx_hal.o) (HAL_NVIC_SetPriorityGrouping)
/home/nahomts/Documents/DaisyExamples/libDaisy/build/libdaisy.a(stm32h7xx_hal_dma.o)
                              /home/nahomts/Documents/DaisyExamples/libDaisy/build/libdaisy.a(i2c.o) (HAL_DMA_Init)
/home/nahomts/Documents/DaisyExamples/libDaisy/build/libdaisy.a(stm32h7xx_hal_gpio.o)
                              /home/nahomts/Documents/DaisyExamples/libDaisy/build/libdaisy.a(sdram.o) (HAL_GPIO_Init)
/home/nahomts/Documents/DaisyExamples/libDaisy/build/libdaisy.a(stm32h7xx_hal_hcd.o)
                              /home/nahomts/Documents/DaisyExamples/libDaisy/build/libdaisy.a(usbh_conf.o) (HAL_HCD_HC_Init)
/home/nahomts/Documents/DaisyExamples/libDaisy/build/libdaisy.a(stm32h7xx_hal_i2c.o)
                              /home/nahomts/Documents/DaisyExamples/libDaisy/build/libdaisy.a(i2c.o) (HAL_I2C_Init)
/home/nahomts/Documents/DaisyExamples/libDaisy/build/libdaisy.a(stm32h7xx_hal_i2c_ex.o)
                              /home/nahomts/Documents/DaisyExamples/libDaisy/build/libdaisy.a(i2c.o) (HAL_I2CEx_ConfigAnalogFilter)
/home/nahomts/Documents/DaisyExamples/libDaisy/build/libdaisy.a(stm32h7xx_hal_pcd.o)
                              /home/nahomts/Documents/DaisyExamples/libDaisy/build/libdaisy.a(usbd_conf.o) (HAL_PCD_Init)
/home/nahomts/Documents/DaisyExamples/libDaisy/build/libdaisy.a(stm32h7xx_hal_pcd_ex.o)
                              /home/nahomts/Documents/DaisyExamples/libDaisy/build/libdaisy.a(usbd_conf.o) (HAL_PCDEx_SetTxFiFo)
[...]
Memory Configuration

Name             Origin             Length             Attributes
FLASH            0x0000000008000000 0x0000000000020000 xr
DTCMRAM          0x0000000020000000 0x0000000000020000 xrw
SRAM             0x0000000024000000 0x0000000000080000 xrw
RAM_D2           0x0000000030000000 0x0000000000048000 xrw
RAM_D3           0x0000000038000000 0x0000000000010000 xrw
BACKUP_SRAM      0x0000000038800000 0x0000000000001000 xrw
ITCMRAM          0x0000000000000000 0x0000000000010000 xrw
SDRAM            0x00000000c0000000 0x0000000004000000 xrw
QSPIFLASH        0x0000000090000000 0x0000000000800000 xr
*default*        0x0000000000000000 0xffffffffffffffff

Linker script and memory map

LOAD /home/nahomts/Developer/gcc-arm-none-eabi-10-2020-q4-major/bin/../lib/gcc/arm-none-eabi/10.2.1/thumb/v7e-m+dp/hard/crti.o
LOAD /home/nahomts/Developer/gcc-arm-none-eabi-10-2020-q4-major/bin/../lib/gcc/arm-none-eabi/10.2.1/thumb/v7e-m+dp/hard/crtbegin.o
LOAD /home/nahomts/Developer/gcc-arm-none-eabi-10-2020-q4-major/bin/../lib/gcc/arm-none-eabi/10.2.1/../../../../arm-none-eabi/lib/thumb/v7e-m+dp/hard/crt0.o
LOAD build/startup_stm32h750xx.o
LOAD build/I2C.o
LOAD /home/nahomts/Documents/DaisyExamples/libDaisy/build/libdaisy.a
LOAD /home/nahomts/Developer/gcc-arm-none-eabi-10-2020-q4-major/bin/../lib/gcc/arm-none-eabi/10.2.1/../../../../arm-none-eabi/lib/thumb/v7e-m+dp/hard/libnosys.a
LOAD /home/nahomts/Documents/DaisyExamples/DaisySP/build/libdaisysp.a
LOAD /home/nahomts/Developer/gcc-arm-none-eabi-10-2020-q4-major/bin/../lib/gcc/arm-none-eabi/10.2.1/../../../../arm-none-eabi/lib/thumb/v7e-m+dp/hard/libstdc++_nano.a
LOAD /home/nahomts/Developer/gcc-arm-none-eabi-10-2020-q4-major/bin/../lib/gcc/arm-none-eabi/10.2.1/../../../../arm-none-eabi/lib/thumb/v7e-m+dp/hard/libm.a
LOAD /home/nahomts/Developer/gcc-arm-none-eabi-10-2020-q4-major/bin/../lib/gcc/arm-none-eabi/10.2.1/../../../../arm-none-eabi/lib/thumb/v7e-m+dp/hard/libc_nano.a
START GROUP
LOAD /home/nahomts/Developer/gcc-arm-none-eabi-10-2020-q4-major/bin/../lib/gcc/arm-none-eabi/10.2.1/thumb/v7e-m+dp/hard/libgcc.a
LOAD /home/nahomts/Developer/gcc-arm-none-eabi-10-2020-q4-major/bin/../lib/gcc/arm-none-eabi/10.2.1/../../../../arm-none-eabi/lib/thumb/v7e-m+dp/hard/libc_nano.a
END GROUP
START GROUP
LOAD /home/nahomts/Developer/gcc-arm-none-eabi-10-2020-q4-major/bin/../lib/gcc/arm-none-eabi/10.2.1/thumb/v7e-m+dp/hard/libgcc.a
LOAD /home/nahomts/Developer/gcc-arm-none-eabi-10-2020-q4-major/bin/../lib/gcc/arm-none-eabi/10.2.1/../../../../arm-none-eabi/lib/thumb/v7e-m+dp/hard/libc_nano.a
LOAD /home/nahomts/Developer/gcc-arm-none-eabi-10-2020-q4-major/bin/../lib/gcc/arm-none-eabi/10.2.1/../../../../arm-none-eabi/lib/thumb/v7e-m+dp/hard/libnosys.a
END GROUP
START GROUP
LOAD /home/nahomts/Developer/gcc-arm-none-eabi-10-2020-q4-major/bin/../lib/gcc/arm-none-eabi/10.2.1/thumb/v7e-m+dp/hard/libgcc.a
LOAD /home/nahomts/Developer/gcc-arm-none-eabi-10-2020-q4-major/bin/../lib/gcc/arm-none-eabi/10.2.1/../../../../arm-none-eabi/lib/thumb/v7e-m+dp/hard/libc_nano.a
LOAD /home/nahomts/Developer/gcc-arm-none-eabi-10-2020-q4-major/bin/../lib/gcc/arm-none-eabi/10.2.1/../../../../arm-none-eabi/lib/thumb/v7e-m+dp/hard/libnosys.a
END GROUP
LOAD /home/nahomts/Developer/gcc-arm-none-eabi-10-2020-q4-major/bin/../lib/gcc/arm-none-eabi/10.2.1/thumb/v7e-m+dp/hard/crtend.o
LOAD /home/nahomts/Developer/gcc-arm-none-eabi-10-2020-q4-major/bin/../lib/gcc/arm-none-eabi/10.2.1/thumb/v7e-m+dp/hard/crtn.o
                0x0000000020020000                _estack = 0x20020000

.isr_vector     0x0000000008000000      0x298
                0x0000000008000000                . = ALIGN (0x4)
 *(.isr_vector)
 .isr_vector    0x0000000008000000      0x298 build/startup_stm32h750xx.o
                0x0000000008000000                g_pfnVectors
                0x0000000008000298                . = ALIGN (0x4)

.text           0x0000000008000298     0xe8ac
                0x0000000008000298                . = ALIGN (0x4)
                0x0000000008000298                _stext = .
 *(.text)
 .text          0x0000000008000298       0x40 /home/nahomts/Developer/gcc-arm-none-eabi-10-2020-q4-major/bin/../lib/gcc/arm-none-eabi/10.2.1/thumb/v7e-m+dp/hard/crtbegin.o
 .text          0x00000000080002d8       0x30 /home/nahomts/Developer/gcc-arm-none-eabi-10-2020-q4-major/bin/../lib/gcc/arm-none-eabi/10.2.1/thumb/v7e-m+dp/hard/libgcc.a(_aeabi_uldivmod.o)
                0x00000000080002d8                __aeabi_uldivmod
 .text          0x0000000008000308      0x2d0 /home/nahomts/Developer/gcc-arm-none-eabi-10-2020-q4-major/bin/../lib/gcc/arm-none-eabi/10.2.1/thumb/v7e-m+dp/hard/libgcc.a(_udivmoddi4.o)
                0x0000000008000308                __udivmoddi4
 .text          0x00000000080005d8        0x4 /home/nahomts/Developer/gcc-arm-none-eabi-10-2020-q4-major/bin/../lib/gcc/arm-none-eabi/10.2.1/thumb/v7e-m+dp/hard/libgcc.a(_dvmd_tls.o)
                0x00000000080005d8                __aeabi_ldiv0
                0x00000000080005d8                __aeabi_idiv0
 *(.text*)
 .text.Default_Handler
                0x00000000080005dc        0x4 build/startup_stm32h750xx.o
                0x00000000080005dc                RTC_Alarm_IRQHandler
                0x00000000080005dc                HASH_RNG_IRQHandler
                0x00000000080005dc                EXTI2_IRQHandler
                0x00000000080005dc                TIM8_CC_IRQHandler
                0x00000000080005dc                HRTIM1_Master_IRQHandler
                0x00000000080005dc                DebugMon_Handler
                0x00000000080005dc                TIM1_CC_IRQHandler
                0x00000000080005dc                BDMA_Channel6_IRQHandler
                0x00000000080005dc                DMA2_Stream5_IRQHandler
                0x00000000080005dc                HRTIM1_FLT_IRQHandler
                0x00000000080005dc                JPEG_IRQHandler
                0x00000000080005dc                BDMA_Channel1_IRQHandler
                0x00000000080005dc                HRTIM1_TIMD_IRQHandler
                0x00000000080005dc                TAMP_STAMP_IRQHandler
                0x00000000080005dc                PendSV_Handler
                0x00000000080005dc                NMI_Handler
                0x00000000080005dc                EXTI3_IRQHandler
                0x00000000080005dc                LPTIM4_IRQHandler
                0x00000000080005dc                TIM8_TRG_COM_TIM14_IRQHandler
                0x00000000080005dc                LPTIM2_IRQHandler
                0x00000000080005dc                DFSDM1_FLT1_IRQHandler
                0x00000000080005dc                DMAMUX2_OVR_IRQHandler
                0x00000000080005dc                TIM8_UP_TIM13_IRQHandler
                0x00000000080005dc                I2C3_ER_IRQHandler
                0x00000000080005dc                DFSDM1_FLT2_IRQHandler
                0x00000000080005dc                MDMA_IRQHandler
                0x00000000080005dc                LPTIM3_IRQHandler
                0x00000000080005dc                HSEM1_IRQHandler
                0x00000000080005dc                EXTI0_IRQHandler
                0x00000000080005dc                DMA1_Stream2_IRQHandler
                0x00000000080005dc                FPU_IRQHandler
                0x00000000080005dc                OTG_HS_WKUP_IRQHandler
                0x00000000080005dc                FDCAN1_IT1_IRQHandler
                0x00000000080005dc                UsageFault_Handler
                0x00000000080005dc                LTDC_ER_IRQHandler
                0x00000000080005dc                HRTIM1_TIME_IRQHandler
                0x00000000080005dc                TIM6_DAC_IRQHandler
                0x00000000080005dc                DCMI_IRQHandler
                0x00000000080005dc                HRTIM1_TIMC_IRQHandler
                0x00000000080005dc                SAI2_IRQHandler
                0x00000000080005dc                DFSDM1_FLT3_IRQHandler
                0x00000000080005dc                TIM17_IRQHandler
                0x00000000080005dc                CRYP_IRQHandler
                0x00000000080005dc                BDMA_Channel7_IRQHandler
                0x00000000080005dc                LPTIM5_IRQHandler
                0x00000000080005dc                ADC3_IRQHandler
                0x00000000080005dc                DMA2_Stream0_IRQHandler
                0x00000000080005dc                BDMA_Channel2_IRQHandler
                0x00000000080005dc                DMAMUX1_OVR_IRQHandler
                0x00000000080005dc                TIM16_IRQHandler
                0x00000000080005dc                BDMA_Channel5_IRQHandler
                0x00000000080005dc                RCC_IRQHandler
                0x00000000080005dc                TIM8_BRK_TIM12_IRQHandler
                0x00000000080005dc                TIM1_TRG_COM_IRQHandler
                0x00000000080005dc                Default_Handler
                0x00000000080005dc                ECC_IRQHandler
                0x00000000080005dc                CEC_IRQHandler
                0x00000000080005dc                EXTI15_10_IRQHandler
                0x00000000080005dc                BDMA_Channel0_IRQHandler
                0x00000000080005dc                ADC_IRQHandler
                0x00000000080005dc                DMA1_Stream7_IRQHandler
                0x00000000080005dc                HRTIM1_TIMA_IRQHandler
                0x00000000080005dc                TIM7_IRQHandler
                0x00000000080005dc                SDMMC1_IRQHandler
                0x00000000080005dc                DMA2_Stream7_IRQHandler
                0x00000000080005dc                TIM15_IRQHandler
                0x00000000080005dc                PVD_AVD_IRQHandler
                0x00000000080005dc                EXTI9_5_IRQHandler
                0x00000000080005dc                RTC_WKUP_IRQHandler
                0x00000000080005dc                LTDC_IRQHandler
                0x00000000080005dc                SAI3_IRQHandler
                0x00000000080005dc                ETH_WKUP_IRQHandler
                0x00000000080005dc                SPDIF_RX_IRQHandler
                0x00000000080005dc                MemManage_Handler
                0x00000000080005dc                SVC_Handler
                0x00000000080005dc                CRS_IRQHandler
                0x00000000080005dc                EXTI4_IRQHandler
                0x00000000080005dc                HRTIM1_TIMB_IRQHandler
                0x00000000080005dc                FDCAN2_IT1_IRQHandler
                0x00000000080005dc                ETH_IRQHandler
                0x00000000080005dc                TIM1_UP_IRQHandler
                0x00000000080005dc                BDMA_Channel4_IRQHandler
                0x00000000080005dc                WWDG_IRQHandler
                0x00000000080005dc                SPI6_IRQHandler
                0x00000000080005dc                I2C4_EV_IRQHandler
                0x00000000080005dc                MDIOS_IRQHandler
                0x00000000080005dc                FDCAN2_IT0_IRQHandler
                0x00000000080005dc                FDCAN1_IT0_IRQHandler
                0x00000000080005dc                OTG_FS_WKUP_IRQHandler
                0x00000000080005dc                DMA2D_IRQHandler
                0x00000000080005dc                TIM1_BRK_IRQHandler
                0x00000000080005dc                EXTI1_IRQHandler
                0x00000000080005dc                SDMMC2_IRQHandler
                0x00000000080005dc                OTG_FS_EP1_OUT_IRQHandler
                0x00000000080005dc                BDMA_Channel3_IRQHandler
                0x00000000080005dc                MDIOS_WKUP_IRQHandler
                0x00000000080005dc                DFSDM1_FLT0_IRQHandler
                0x00000000080005dc                SAI4_IRQHandler
                0x00000000080005dc                I2C2_ER_IRQHandler
                0x00000000080005dc                DMA2_Stream1_IRQHandler
                0x00000000080005dc                FLASH_IRQHandler
                0x00000000080005dc                BusFault_Handler
                0x00000000080005dc                OTG_FS_IRQHandler
                0x00000000080005dc                WAKEUP_PIN_IRQHandler
                0x00000000080005dc                OTG_FS_EP1_IN_IRQHandler
                0x00000000080005dc                I2C1_ER_IRQHandler
                0x00000000080005dc                FMC_IRQHandler
                0x00000000080005dc                FDCAN_CAL_IRQHandler
                0x00000000080005dc                SWPMI1_IRQHandler
                0x00000000080005dc                COMP1_IRQHandler
                0x00000000080005dc                LPTIM1_IRQHandler
                0x00000000080005dc                I2C4_ER_IRQHandler
                0x00000000080005dc                DMA2_Stream6_IRQHandler
                0x00000000080005dc                SAI1_IRQHandler
 .text.Reset_Handler
                0x00000000080005e0       0x44 build/startup_stm32h750xx.o
                0x00000000080005e0                Reset_Handler
 .text._ZN5daisy9DaisySeedD2Ev
                0x0000000008000624        0x4 build/I2C.o
                0x0000000008000624                daisy::DaisySeed::~DaisySeed()
                0x0000000008000624                daisy::DaisySeed::~DaisySeed()
 .text.startup.main
                0x0000000008000628       0x9c build/I2C.o
                0x0000000008000628                main
 .text.startup._GLOBAL__sub_I_hardware
                0x00000000080006c4       0x20 build/I2C.o
 .text._ZN5daisy9DaisySeed7DelayMsEj
                0x00000000080006e4        0x8 /home/nahomts/Documents/DaisyExamples/libDaisy/build/libdaisy.a(daisy_seed.o)
                0x00000000080006e4                daisy::DaisySeed::DelayMs(unsigned int)
 .text._ZN5daisy9DaisySeed6SetLedEb
                0x00000000080006ec        0x8 /home/nahomts/Documents/DaisyExamples/libDaisy/build/libdaisy.a(daisy_seed.o)
                0x00000000080006ec                daisy::DaisySeed::SetLed(bool)
 .text._ZN5daisy9DaisySeed17CheckBoardVersionEv
                0x00000000080006f4       0x6c /home/nahomts/Documents/DaisyExamples/libDaisy/build/libdaisy.a(daisy_seed.o)
                0x00000000080006f4                daisy::DaisySeed::CheckBoardVersion()
 .text._ZN5daisy9DaisySeed14ConfigureAudioEv
                0x0000000008000760      0x10c /home/nahomts/Documents/DaisyExamples/libDaisy/build/libdaisy.a(daisy_seed.o)
                0x0000000008000760                daisy::DaisySeed::ConfigureAudio()
 .text._ZN5daisy9DaisySeed4InitEb
                0x000000000800086c      0x108 /home/nahomts/Documents/DaisyExamples/libDaisy/build/libdaisy.a(daisy_seed.o)
                0x000000000800086c                daisy::DaisySeed::Init(bool)
 .text._ZN5daisy6Ak45564InitE12dsy_gpio_pin
                0x0000000008000974       0x44 /home/nahomts/Documents/DaisyExamples/libDaisy/build/libdaisy.a(codec_ak4556.o)
                0x0000000008000974                daisy::Ak4556::Init(dsy_gpio_pin)
 .text._ZN5daisy6Wm873120WriteControlRegisterEht
                0x00000000080009b8       0x3c /home/nahomts/Documents/DaisyExamples/libDaisy/build/libdaisy.a(codec_wm8731.o)
                0x00000000080009b8                daisy::Wm8731::WriteControlRegister(unsigned char, unsigned short)
 .text._ZN5daisy6Wm87314InitERKNS0_6ConfigENS_9I2CHandleE
                0x00000000080009f4      0x1bc /home/nahomts/Documents/DaisyExamples/libDaisy/build/libdaisy.a(codec_wm8731.o)
                0x00000000080009f4                daisy::Wm8731::Init(daisy::Wm8731::Config const&, daisy::I2CHandle)
 .text._ZN11SdramHandle10DeviceInitEv
                0x0000000008000bb0       0x98 /home/nahomts/Documents/DaisyExamples/libDaisy/build/libdaisy.a(sdram.o)
                0x0000000008000bb0                SdramHandle::DeviceInit()
 .text._ZN11SdramHandle4InitEv
                0x0000000008000c48       0x7c /home/nahomts/Documents/DaisyExamples/libDaisy/build/libdaisy.a(sdram.o)
                0x0000000008000c48                SdramHandle::Init()
 .text.HAL_SDRAM_MspInit
                0x0000000008000cc4      0x1a8 /home/nahomts/Documents/DaisyExamples/libDaisy/build/libdaisy.a(sdram.o)
                0x0000000008000cc4                HAL_SDRAM_MspInit
 .text._ZN5daisy11AudioHandle4InitERKNS0_6ConfigENS_9SaiHandleE
                0x0000000008000e6c       0x70 /home/nahomts/Documents/DaisyExamples/libDaisy/build/libdaisy.a(audio.o)
                0x0000000008000e6c                daisy::AudioHandle::Init(daisy::AudioHandle::Config const&, daisy::SaiHandle)
 .text._ZNK5daisy11AudioHandle9GetConfigEv
                0x0000000008000edc        0x8 /home/nahomts/Documents/DaisyExamples/libDaisy/build/libdaisy.a(audio.o)
                0x0000000008000edc                daisy::AudioHandle::GetConfig() const
 .text._ZN5daisy11AudioHandle13GetSampleRateEv
                0x0000000008000ee4        0x8 /home/nahomts/Documents/DaisyExamples/libDaisy/build/libdaisy.a(audio.o)
                0x0000000008000ee4                daisy::AudioHandle::GetSampleRate()
 .text.startup._GLOBAL__sub_I__ZN5daisy11AudioHandle4Impl4InitENS0_6ConfigENS_9SaiHandleE
                0x0000000008000eec       0x24 /home/nahomts/Documents/DaisyExamples/libDaisy/build/libdaisy.a(audio.o)
 .text._ZN5daisy4GPIO4InitENS_3PinENS0_4ModeENS0_4PullENS0_5SpeedE
                0x0000000008000f10      0x1cc /home/nahomts/Documents/DaisyExamples/libDaisy/build/libdaisy.a(gpio.o)
                0x0000000008000f10                daisy::GPIO::Init(daisy::Pin, daisy::GPIO::Mode, daisy::GPIO::Pull, daisy::GPIO::Speed)
 .text._ZN5daisy4GPIO4ReadEv
                0x00000000080010dc       0x18 /home/nahomts/Documents/DaisyExamples/libDaisy/build/libdaisy.a(gpio.o)
                0x00000000080010dc                daisy::GPIO::Read()
 .text._ZN5daisy4GPIO5WriteEb
                0x00000000080010f4       0x14 /home/nahomts/Documents/DaisyExamples/libDaisy/build/libdaisy.a(gpio.o)
                0x00000000080010f4                daisy::GPIO::Write(bool)
 .text.dsy_gpio_init
                0x0000000008001108      0x1b8 /home/nahomts/Documents/DaisyExamples/libDaisy/build/libdaisy.a(gpio.o)
                0x0000000008001108                dsy_gpio_init
 .text.dsy_gpio_write
                0x00000000080012c0       0x24 /home/nahomts/Documents/DaisyExamples/libDaisy/build/libdaisy.a(gpio.o)
                0x00000000080012c0                dsy_gpio_write
 .text._ZN5daisy9I2CHandle4Impl8InitPinsEv
                0x00000000080012e4       0x58 /home/nahomts/Documents/DaisyExamples/libDaisy/build/libdaisy.a(i2c.o)
                0x00000000080012e4                daisy::I2CHandle::Impl::InitPins()
 .text.HAL_I2C_MspInit
                0x000000000800133c      0x1b4 /home/nahomts/Documents/DaisyExamples/libDaisy/build/libdaisy.a(i2c.o)
                0x000000000800133c                HAL_I2C_MspInit
 .text.dsy_i2c_global_init
                0x00000000080014f0       0x78 /home/nahomts/Documents/DaisyExamples/libDaisy/build/libdaisy.a(i2c.o)
                0x00000000080014f0                dsy_i2c_global_init
 .text.DMA1_Stream6_IRQHandler
                0x0000000008001568       0x34 /home/nahomts/Documents/DaisyExamples/libDaisy/build/libdaisy.a(i2c.o)
                0x0000000008001568                DMA1_Stream6_IRQHandler
 .text.I2C1_EV_IRQHandler
                0x000000000800159c        0xc /home/nahomts/Documents/DaisyExamples/libDaisy/build/libdaisy.a(i2c.o)
                0x000000000800159c                I2C1_EV_IRQHandler
 .text.I2C2_EV_IRQHandler
                0x00000000080015a8        0xc /home/nahomts/Documents/DaisyExamples/libDaisy/build/libdaisy.a(i2c.o)
                0x00000000080015a8                I2C2_EV_IRQHandler
 .text.I2C3_EV_IRQHandler
                0x00000000080015b4        0xc /home/nahomts/Documents/DaisyExamples/libDaisy/build/libdaisy.a(i2c.o)
                0x00000000080015b4                I2C3_EV_IRQHandler
 .text._ZN5daisy9I2CHandle4InitERKNS0_6ConfigE
                0x00000000080015c0      0x12c /home/nahomts/Documents/DaisyExamples/libDaisy/build/libdaisy.a(i2c.o)
                0x00000000080015c0                daisy::I2CHandle::Init(daisy::I2CHandle::Config const&)
 .text._ZN5daisy9I2CHandle16TransmitBlockingEtPhtm
                0x00000000080016ec       0x50 /home/nahomts/Documents/DaisyExamples/libDaisy/build/libdaisy.a(i2c.o)
                0x00000000080016ec                daisy::I2CHandle::TransmitBlocking(unsigned short, unsigned char*, unsigned short, unsigned long)
 .text._ZN5daisy9I2CHandle15ReceiveBlockingEtPhtm
                0x000000000800173c       0x50 /home/nahomts/Documents/DaisyExamples/libDaisy/build/libdaisy.a(i2c.o)
                0x000000000800173c                daisy::I2CHandle::ReceiveBlocking(unsigned short, unsigned char*, unsigned short, unsigned long)
 .text.startup._GLOBAL__sub_I__ZN5daisy9I2CHandle4Impl10GlobalInitEv
                0x000000000800178c       0x18 /home/nahomts/Documents/DaisyExamples/libDaisy/build/libdaisy.a(i2c.o)
 .text._ZN5daisy10QSPIHandle4Impl11WriteEnableEv
                0x00000000080017a4       0x8c /home/nahomts/Documents/DaisyExamples/libDaisy/build/libdaisy.a(qspi.o)
                0x00000000080017a4                daisy::QSPIHandle::Impl::WriteEnable()
 .text._ZN5daisy10QSPIHandle4Impl17DummyCyclesConfigENS0_6Config6DeviceE
                0x0000000008001830      0x118 /home/nahomts/Documents/DaisyExamples/libDaisy/build/libdaisy.a(qspi.o)
                0x0000000008001830                daisy::QSPIHandle::Impl::DummyCyclesConfig(daisy::QSPIHandle::Config::Device)
 .text._ZN5daisy10QSPIHandle4Impl10QuadEnableEv
                0x0000000008001948      0x158 /home/nahomts/Documents/DaisyExamples/libDaisy/build/libdaisy.a(qspi.o)
                0x0000000008001948                daisy::QSPIHandle::Impl::QuadEnable()
 .text._ZN5daisy10QSPIHandle4InitERKNS0_6ConfigE
                0x0000000008001aa0      0x198 /home/nahomts/Documents/DaisyExamples/libDaisy/build/libdaisy.a(qspi.o)
                0x0000000008001aa0                daisy::QSPIHandle::Init(daisy::QSPIHandle::Config const&)
 .text.HAL_QSPI_MspInit
                0x0000000008001c38      0x11c /home/nahomts/Documents/DaisyExamples/libDaisy/build/libdaisy.a(qspi.o)
                0x0000000008001c38                HAL_QSPI_MspInit
 .text.HAL_QSPI_MspDeInit
                0x0000000008001d54       0x54 /home/nahomts/Documents/DaisyExamples/libDaisy/build/libdaisy.a(qspi.o)
                0x0000000008001d54                HAL_QSPI_MspDeInit
 .text.QUADSPI_IRQHandler
                0x0000000008001da8        0xc /home/nahomts/Documents/DaisyExamples/libDaisy/build/libdaisy.a(qspi.o)
                0x0000000008001da8                QUADSPI_IRQHandler
 .text.startup._GLOBAL__sub_I__ZN5daisy10QSPIHandle4Impl4InitERKNS0_6ConfigE
                0x0000000008001db4       0x28 /home/nahomts/Documents/DaisyExamples/libDaisy/build/libdaisy.a(qspi.o)
 .text._ZN5daisy9SaiHandle4Impl7InitDmaENS1_15PeripheralBlockE
                0x0000000008001ddc       0xa0 /home/nahomts/Documents/DaisyExamples/libDaisy/build/libdaisy.a(sai.o)
                0x0000000008001ddc                daisy::SaiHandle::Impl::InitDma(daisy::SaiHandle::Impl::PeripheralBlock)
 .text._ZN5daisy9SaiHandle4Impl8InitPinsEv
                0x0000000008001e7c       0xa8 /home/nahomts/Documents/DaisyExamples/libDaisy/build/libdaisy.a(sai.o)
                0x0000000008001e7c                daisy::SaiHandle::Impl::InitPins()
 .text.HAL_SAI_MspInit
                0x0000000008001f24      0x164 /home/nahomts/Documents/DaisyExamples/libDaisy/build/libdaisy.a(sai.o)
                0x0000000008001f24                HAL_SAI_MspInit
 .text.DMA1_Stream0_IRQHandler
                0x0000000008002088        0xc /home/nahomts/Documents/DaisyExamples/libDaisy/build/libdaisy.a(sai.o)
                0x0000000008002088                DMA1_Stream0_IRQHandler
 .text.DMA1_Stream1_IRQHandler
                0x0000000008002094        0xc /home/nahomts/Documents/DaisyExamples/libDaisy/build/libdaisy.a(sai.o)
                0x0000000008002094                DMA1_Stream1_IRQHandler
 .text.DMA1_Stream3_IRQHandler
                0x00000000080020a0        0xc /home/nahomts/Documents/DaisyExamples/libDaisy/build/libdaisy.a(sai.o)
                0x00000000080020a0                DMA1_Stream3_IRQHandler
 .text.DMA1_Stream4_IRQHandler
                0x00000000080020ac        0xc /home/nahomts/Documents/DaisyExamples/libDaisy/build/libdaisy.a(sai.o)
                0x00000000080020ac                DMA1_Stream4_IRQHandler
 .text._ZN5daisy9SaiHandle4InitERKNS0_6ConfigE
                0x00000000080020b8      0x1f0 /home/nahomts/Documents/DaisyExamples/libDaisy/build/libdaisy.a(sai.o)
                0x00000000080020b8                daisy::SaiHandle::Init(daisy::SaiHandle::Config const&)
 .text._ZNK5daisy9SaiHandle9GetConfigEv
                0x00000000080022a8        0x4 /home/nahomts/Documents/DaisyExamples/libDaisy/build/libdaisy.a(sai.o)
                0x00000000080022a8                daisy::SaiHandle::GetConfig() const
 .text._ZN5daisy9SaiHandle13GetSampleRateEv
                0x00000000080022ac       0x24 /home/nahomts/Documents/DaisyExamples/libDaisy/build/libdaisy.a(sai.o)
                0x00000000080022ac                daisy::SaiHandle::GetSampleRate()
 .text._ZN5daisy11TimerHandleD2Ev
                0x00000000080022d0        0x4 /home/nahomts/Documents/DaisyExamples/libDaisy/build/libdaisy.a(system.o)
                0x00000000080022d0                daisy::TimerHandle::~TimerHandle()
                0x00000000080022d0                daisy::TimerHandle::~TimerHandle()
 .text.SysTick_Handler
                0x00000000080022d4       0x10 /home/nahomts/Documents/DaisyExamples/libDaisy/build/libdaisy.a(system.o)
                0x00000000080022d4                SysTick_Handler
 .text.OTG_HS_EP1_OUT_IRQHandler
                0x00000000080022e4       0x24 /home/nahomts/Documents/DaisyExamples/libDaisy/build/libdaisy.a(system.o)
                0x00000000080022e4                OTG_HS_EP1_OUT_IRQHandler
 .text.OTG_HS_EP1_IN_IRQHandler
                0x0000000008002308       0x24 /home/nahomts/Documents/DaisyExamples/libDaisy/build/libdaisy.a(system.o)
                0x0000000008002308                OTG_HS_EP1_IN_IRQHandler
 .text.OTG_HS_IRQHandler
                0x000000000800232c       0x24 /home/nahomts/Documents/DaisyExamples/libDaisy/build/libdaisy.a(system.o)
                0x000000000800232c                OTG_HS_IRQHandler
 .text.HardFault_Handler
                0x0000000008002350       0xe0 /home/nahomts/Documents/DaisyExamples/libDaisy/build/libdaisy.a(system.o)
                0x0000000008002350                HardFault_Handler
 .text._ZN5daisy6System5DelayEm
                0x0000000008002430        0x4 /home/nahomts/Documents/DaisyExamples/libDaisy/build/libdaisy.a(system.o)
                0x0000000008002430                daisy::System::Delay(unsigned long)
 .text._ZN5daisy6System20GetBootloaderVersionEv
                0x0000000008002434       0x34 /home/nahomts/Documents/DaisyExamples/libDaisy/build/libdaisy.a(system.o)
                0x0000000008002434                daisy::System::GetBootloaderVersion()
 .text._ZN5daisy6System15ConfigureClocksEv
                0x0000000008002468      0x194 /home/nahomts/Documents/DaisyExamples/libDaisy/build/libdaisy.a(system.o)
                0x0000000008002468                daisy::System::ConfigureClocks()
 .text._ZN5daisy6System12ConfigureMpuEv
                0x00000000080025fc       0x7c /home/nahomts/Documents/DaisyExamples/libDaisy/build/libdaisy.a(system.o)
                0x00000000080025fc                daisy::System::ConfigureMpu()
 .text._ZN5daisy6System4InitERKNS0_6ConfigE
                0x0000000008002678       0xec /home/nahomts/Documents/DaisyExamples/libDaisy/build/libdaisy.a(system.o)
                0x0000000008002678                daisy::System::Init(daisy::System::Config const&)
 .text._ZN5daisy6System12GetPClk1FreqEv
                0x0000000008002764        0x4 /home/nahomts/Documents/DaisyExamples/libDaisy/build/libdaisy.a(system.o)
                0x0000000008002764                daisy::System::GetPClk1Freq()
 .text._ZN5daisy6System22GetProgramMemoryRegionEv
                0x0000000008002768       0x78 /home/nahomts/Documents/DaisyExamples/libDaisy/build/libdaisy.a(system.o)
                0x0000000008002768                daisy::System::GetProgramMemoryRegion()
 .text.startup._GLOBAL__sub_I__ZN5daisy9boot_infoE
                0x00000000080027e0       0x1c /home/nahomts/Documents/DaisyExamples/libDaisy/build/libdaisy.a(system.o)
 .text.SystemInit
                0x00000000080027fc       0x9c /home/nahomts/Documents/DaisyExamples/libDaisy/build/libdaisy.a(system_stm32h7xx.o)
                0x00000000080027fc                SystemInit
 .text.HAL_PCD_SetupStageCallback
                0x0000000008002898        0xc /home/nahomts/Documents/DaisyExamples/libDaisy/build/libdaisy.a(usbd_conf.o)
                0x0000000008002898                HAL_PCD_SetupStageCallback
 .text.HAL_PCD_DataOutStageCallback
                0x00000000080028a4       0x14 /home/nahomts/Documents/DaisyExamples/libDaisy/build/libdaisy.a(usbd_conf.o)
                0x00000000080028a4                HAL_PCD_DataOutStageCallback
 .text.HAL_PCD_DataInStageCallback
                0x00000000080028b8       0x14 /home/nahomts/Documents/DaisyExamples/libDaisy/build/libdaisy.a(usbd_conf.o)
                0x00000000080028b8                HAL_PCD_DataInStageCallback
 .text.HAL_PCD_SOFCallback
                0x00000000080028cc        0x8 /home/nahomts/Documents/DaisyExamples/libDaisy/build/libdaisy.a(usbd_conf.o)
                0x00000000080028cc                HAL_PCD_SOFCallback
 .text.HAL_PCD_ResetCallback
                0x00000000080028d4       0x24 /home/nahomts/Documents/DaisyExamples/libDaisy/build/libdaisy.a(usbd_conf.o)
                0x00000000080028d4                HAL_PCD_ResetCallback
 .text.HAL_PCD_SuspendCallback
                0x00000000080028f8       0x30 /home/nahomts/Documents/DaisyExamples/libDaisy/build/libdaisy.a(usbd_conf.o)
                0x00000000080028f8                HAL_PCD_SuspendCallback
 .text.HAL_PCD_ResumeCallback
                0x0000000008002928        0x8 /home/nahomts/Documents/DaisyExamples/libDaisy/build/libdaisy.a(usbd_conf.o)
                0x0000000008002928                HAL_PCD_ResumeCallback
 .text.HAL_PCD_ISOOUTIncompleteCallback
                0x0000000008002930        0x8 /home/nahomts/Documents/DaisyExamples/libDaisy/build/libdaisy.a(usbd_conf.o)
                0x0000000008002930                HAL_PCD_ISOOUTIncompleteCallback
 .text.HAL_PCD_ISOINIncompleteCallback
                0x0000000008002938        0x8 /home/nahomts/Documents/DaisyExamples/libDaisy/build/libdaisy.a(usbd_conf.o)
                0x0000000008002938                HAL_PCD_ISOINIncompleteCallback
 .text.HAL_PCD_ConnectCallback
                0x0000000008002940        0x8 /home/nahomts/Documents/DaisyExamples/libDaisy/build/libdaisy.a(usbd_conf.o)
                0x0000000008002940                HAL_PCD_ConnectCallback
 .text.HAL_PCD_DisconnectCallback
                0x0000000008002948        0x8 /home/nahomts/Documents/DaisyExamples/libDaisy/build/libdaisy.a(usbd_conf.o)
                0x0000000008002948                HAL_PCD_DisconnectCallback
 .text.USBD_LL_OpenEP
                0x0000000008002950       0x24 /home/nahomts/Documents/DaisyExamples/libDaisy/build/libdaisy.a(usbd_conf.o)
                0x0000000008002950                USBD_LL_OpenEP
 .text.USBD_LL_StallEP
                0x0000000008002974       0x1c /home/nahomts/Documents/DaisyExamples/libDaisy/build/libdaisy.a(usbd_conf.o)
                0x0000000008002974                USBD_LL_StallEP
 .text.USBD_LL_ClearStallEP
                0x0000000008002990       0x1c /home/nahomts/Documents/DaisyExamples/libDaisy/build/libdaisy.a(usbd_conf.o)
                0x0000000008002990                USBD_LL_ClearStallEP
 .text.USBD_LL_IsStallEP
                0x00000000080029ac       0x28 /home/nahomts/Documents/DaisyExamples/libDaisy/build/libdaisy.a(usbd_conf.o)
                0x00000000080029ac                USBD_LL_IsStallEP
 .text.USBD_LL_SetUSBAddress
                0x00000000080029d4       0x1c /home/nahomts/Documents/DaisyExamples/libDaisy/build/libdaisy.a(usbd_conf.o)
                0x00000000080029d4                USBD_LL_SetUSBAddress
 .text.USBD_LL_Transmit
                0x00000000080029f0       0x1c /home/nahomts/Documents/DaisyExamples/libDaisy/build/libdaisy.a(usbd_conf.o)
                0x00000000080029f0                USBD_LL_Transmit
 .text.USBD_LL_PrepareReceive
                0x0000000008002a0c       0x1c /home/nahomts/Documents/DaisyExamples/libDaisy/build/libdaisy.a(usbd_conf.o)
                0x0000000008002a0c                USBD_LL_PrepareReceive
 .text.HAL_HCD_SOF_Callback
                0x0000000008002a28        0x8 /home/nahomts/Documents/DaisyExamples/libDaisy/build/libdaisy.a(usbh_conf.o)
                0x0000000008002a28                HAL_HCD_SOF_Callback
 .text.HAL_HCD_Connect_Callback
                0x0000000008002a30        0x8 /home/nahomts/Documents/DaisyExamples/libDaisy/build/libdaisy.a(usbh_conf.o)
                0x0000000008002a30                HAL_HCD_Connect_Callback
 .text.HAL_HCD_Disconnect_Callback
                0x0000000008002a38        0x8 /home/nahomts/Documents/DaisyExamples/libDaisy/build/libdaisy.a(usbh_conf.o)
                0x0000000008002a38                HAL_HCD_Disconnect_Callback
 .text.HAL_HCD_HC_NotifyURBChange_Callback
                0x0000000008002a40        0x4 /home/nahomts/Documents/DaisyExamples/libDaisy/build/libdaisy.a(usbh_conf.o)
                0x0000000008002a40                HAL_HCD_HC_NotifyURBChange_Callback
 .text.HAL_HCD_PortEnabled_Callback
                0x0000000008002a44        0x8 /home/nahomts/Documents/DaisyExamples/libDaisy/build/libdaisy.a(usbh_conf.o)
                0x0000000008002a44                HAL_HCD_PortEnabled_Callback
 .text.HAL_HCD_PortDisabled_Callback
                0x0000000008002a4c        0x8 /home/nahomts/Documents/DaisyExamples/libDaisy/build/libdaisy.a(usbh_conf.o)
                0x0000000008002a4c                HAL_HCD_PortDisabled_Callback
 .text.USBH_LL_Stop
                0x0000000008002a54       0x1c /home/nahomts/Documents/DaisyExamples/libDaisy/build/libdaisy.a(usbh_conf.o)
                0x0000000008002a54                USBH_LL_Stop
 .text.dsy_hal_map_get_port
                0x0000000008002a70       0x10 /home/nahomts/Documents/DaisyExamples/libDaisy/build/libdaisy.a(hal_map.o)
                0x0000000008002a70                dsy_hal_map_get_port
 .text.dsy_hal_map_get_pin
                0x0000000008002a80       0x10 /home/nahomts/Documents/DaisyExamples/libDaisy/build/libdaisy.a(hal_map.o)
                0x0000000008002a80                dsy_hal_map_get_pin
 .text.dsy_hal_map_gpio_clk_enable
                0x0000000008002a90      0x150 /home/nahomts/Documents/DaisyExamples/libDaisy/build/libdaisy.a(hal_map.o)
                0x0000000008002a90                dsy_hal_map_gpio_clk_enable
 .text.HAL_MspInit
                0x0000000008002be0        0x4 /home/nahomts/Documents/DaisyExamples/libDaisy/build/libdaisy.a(stm32h7xx_hal.o)
                0x0000000008002be0                HAL_MspInit
 .text.HAL_InitTick
                0x0000000008002be4       0x4c /home/nahomts/Documents/DaisyExamples/libDaisy/build/libdaisy.a(stm32h7xx_hal.o)
                0x0000000008002be4                HAL_InitTick
 .text.HAL_Init
                0x0000000008002c30       0x60 /home/nahomts/Documents/DaisyExamples/libDaisy/build/libdaisy.a(stm32h7xx_hal.o)
                0x0000000008002c30                HAL_Init
 .text.HAL_IncTick
                0x0000000008002c90       0x18 /home/nahomts/Documents/DaisyExamples/libDaisy/build/libdaisy.a(stm32h7xx_hal.o)
                0x0000000008002c90                HAL_IncTick
 .text.HAL_GetTick
                0x0000000008002ca8        0xc /home/nahomts/Documents/DaisyExamples/libDaisy/build/libdaisy.a(stm32h7xx_hal.o)
                0x0000000008002ca8                HAL_GetTick
 .text.HAL_Delay
                0x0000000008002cb4       0x24 /home/nahomts/Documents/DaisyExamples/libDaisy/build/libdaisy.a(stm32h7xx_hal.o)
                0x0000000008002cb4                HAL_Delay
 .text.HAL_GetREVID
                0x0000000008002cd8        0xc /home/nahomts/Documents/DaisyExamples/libDaisy/build/libdaisy.a(stm32h7xx_hal.o)
                0x0000000008002cd8                HAL_GetREVID
 .text.HAL_NVIC_SetPriorityGrouping
                0x0000000008002ce4       0x24 /home/nahomts/Documents/DaisyExamples/libDaisy/build/libdaisy.a(stm32h7xx_hal_cortex.o)
                0x0000000008002ce4                HAL_NVIC_SetPriorityGrouping
 .text.HAL_NVIC_SetPriority
                0x0000000008002d08       0x7c /home/nahomts/Documents/DaisyExamples/libDaisy/build/libdaisy.a(stm32h7xx_hal_cortex.o)
                0x0000000008002d08                HAL_NVIC_SetPriority
 .text.HAL_NVIC_EnableIRQ
                0x0000000008002d84       0x1c /home/nahomts/Documents/DaisyExamples/libDaisy/build/libdaisy.a(stm32h7xx_hal_cortex.o)
                0x0000000008002d84                HAL_NVIC_EnableIRQ
 .text.HAL_NVIC_DisableIRQ
                0x0000000008002da0       0x28 /home/nahomts/Documents/DaisyExamples/libDaisy/build/libdaisy.a(stm32h7xx_hal_cortex.o)
                0x0000000008002da0                HAL_NVIC_DisableIRQ
 .text.HAL_SYSTICK_Config
                0x0000000008002dc8       0x2c /home/nahomts/Documents/DaisyExamples/libDaisy/build/libdaisy.a(stm32h7xx_hal_cortex.o)
                0x0000000008002dc8                HAL_SYSTICK_Config
 .text.HAL_MPU_Disable
                0x0000000008002df4       0x1c /home/nahomts/Documents/DaisyExamples/libDaisy/build/libdaisy.a(stm32h7xx_hal_cortex.o)
                0x0000000008002df4                HAL_MPU_Disable
 .text.HAL_MPU_Enable
                0x0000000008002e10       0x20 /home/nahomts/Documents/DaisyExamples/libDaisy/build/libdaisy.a(stm32h7xx_hal_cortex.o)
                0x0000000008002e10                HAL_MPU_Enable
 .text.HAL_MPU_ConfigRegion
                0x0000000008002e30       0x64 /home/nahomts/Documents/DaisyExamples/libDaisy/build/libdaisy.a(stm32h7xx_hal_cortex.o)
                0x0000000008002e30                HAL_MPU_ConfigRegion
 .text.HAL_SYSTICK_Callback
                0x0000000008002e94        0x4 /home/nahomts/Documents/DaisyExamples/libDaisy/build/libdaisy.a(stm32h7xx_hal_cortex.o)
                0x0000000008002e94                HAL_SYSTICK_Callback
 .text.HAL_SYSTICK_IRQHandler
                0x0000000008002e98        0x8 /home/nahomts/Documents/DaisyExamples/libDaisy/build/libdaisy.a(stm32h7xx_hal_cortex.o)
                0x0000000008002e98                HAL_SYSTICK_IRQHandler
 .text.DMA_CalcBaseAndBitshift
                0x0000000008002ea0       0xf4 /home/nahomts/Documents/DaisyExamples/libDaisy/build/libdaisy.a(stm32h7xx_hal_dma.o)
 .text.DMA_CalcDMAMUXChannelBaseAndMask
                0x0000000008002f94       0xd8 /home/nahomts/Documents/DaisyExamples/libDaisy/build/libdaisy.a(stm32h7xx_hal_dma.o)
 .text.HAL_DMA_Init
                0x000000000800306c      0x37c /home/nahomts/Documents/DaisyExamples/libDaisy/build/libdaisy.a(stm32h7xx_hal_dma.o)
                0x000000000800306c                HAL_DMA_Init
 .text.HAL_DMA_Start_IT
                0x00000000080033e8      0x240 /home/nahomts/Documents/DaisyExamples/libDaisy/build/libdaisy.a(stm32h7xx_hal_dma.o)
                0x00000000080033e8                HAL_DMA_Start_IT
 .text.HAL_DMA_Abort_IT
                0x0000000008003628      0x134 /home/nahomts/Documents/DaisyExamples/libDaisy/build/libdaisy.a(stm32h7xx_hal_dma.o)
                0x0000000008003628                HAL_DMA_Abort_IT
 .text.HAL_DMA_IRQHandler
                0x000000000800375c      0x6a0 /home/nahomts/Documents/DaisyExamples/libDaisy/build/libdaisy.a(stm32h7xx_hal_dma.o)
                0x000000000800375c                HAL_DMA_IRQHandler
 .text.HAL_DMA_GetError
                0x0000000008003dfc        0x4 /home/nahomts/Documents/DaisyExamples/libDaisy/build/libdaisy.a(stm32h7xx_hal_dma.o)
                0x0000000008003dfc                HAL_DMA_GetError
 .text.HAL_GPIO_Init
                0x0000000008003e00      0x280 /home/nahomts/Documents/DaisyExamples/libDaisy/build/libdaisy.a(stm32h7xx_hal_gpio.o)
                0x0000000008003e00                HAL_GPIO_Init
 .text.HAL_GPIO_DeInit
                0x0000000008004080      0x190 /home/nahomts/Documents/DaisyExamples/libDaisy/build/libdaisy.a(stm32h7xx_hal_gpio.o)
                0x0000000008004080                HAL_GPIO_DeInit
 .text.HAL_GPIO_ReadPin
                0x0000000008004210        0xc /home/nahomts/Documents/DaisyExamples/libDaisy/build/libdaisy.a(stm32h7xx_hal_gpio.o)
                0x0000000008004210                HAL_GPIO_ReadPin
 .text.HAL_GPIO_WritePin
                0x000000000800421c        0x8 /home/nahomts/Documents/DaisyExamples/libDaisy/build/libdaisy.a(stm32h7xx_hal_gpio.o)
                0x000000000800421c                HAL_GPIO_WritePin
 .text.HAL_HCD_IRQHandler
                0x0000000008004224      0x780 /home/nahomts/Documents/DaisyExamples/libDaisy/build/libdaisy.a(stm32h7xx_hal_hcd.o)
                0x0000000008004224                HAL_HCD_IRQHandler
 .text.HAL_HCD_Stop
                0x00000000080049a4       0x28 /home/nahomts/Documents/DaisyExamples/libDaisy/build/libdaisy.a(stm32h7xx_hal_hcd.o)
                0x00000000080049a4                HAL_HCD_Stop
 .text.I2C_WaitOnRXNEFlagUntilTimeout
                0x00000000080049cc      0x100 /home/nahomts/Documents/DaisyExamples/libDaisy/build/libdaisy.a(stm32h7xx_hal_i2c.o)
 .text.I2C_WaitOnTXISFlagUntilTimeout
                0x0000000008004acc       0xb8 /home/nahomts/Documents/DaisyExamples/libDaisy/build/libdaisy.a(stm32h7xx_hal_i2c.o)
 .text.I2C_WaitOnSTOPFlagUntilTimeout
                0x0000000008004b84       0xac /home/nahomts/Documents/DaisyExamples/libDaisy/build/libdaisy.a(stm32h7xx_hal_i2c.o)
 .text.HAL_I2C_Init
                0x0000000008004c30       0xac /home/nahomts/Documents/DaisyExamples/libDaisy/build/libdaisy.a(stm32h7xx_hal_i2c.o)
                0x0000000008004c30                HAL_I2C_Init
 .text.HAL_I2C_Master_Transmit
                0x0000000008004cdc      0x1a8 /home/nahomts/Documents/DaisyExamples/libDaisy/build/libdaisy.a(stm32h7xx_hal_i2c.o)
                0x0000000008004cdc                HAL_I2C_Master_Transmit
 .text.HAL_I2C_Master_Receive
                0x0000000008004e84      0x1ac /home/nahomts/Documents/DaisyExamples/libDaisy/build/libdaisy.a(stm32h7xx_hal_i2c.o)
                0x0000000008004e84                HAL_I2C_Master_Receive
 .text.HAL_I2C_Slave_Transmit
                0x0000000008005030      0x1c8 /home/nahomts/Documents/DaisyExamples/libDaisy/build/libdaisy.a(stm32h7xx_hal_i2c.o)
                0x0000000008005030                HAL_I2C_Slave_Transmit
 .text.HAL_I2C_Slave_Receive
                0x00000000080051f8      0x1a4 /home/nahomts/Documents/DaisyExamples/libDaisy/build/libdaisy.a(stm32h7xx_hal_i2c.o)
                0x00000000080051f8                HAL_I2C_Slave_Receive
 .text.HAL_I2C_EV_IRQHandler
                0x000000000800539c       0x10 /home/nahomts/Documents/DaisyExamples/libDaisy/build/libdaisy.a(stm32h7xx_hal_i2c.o)
                0x000000000800539c                HAL_I2C_EV_IRQHandler
 .text.HAL_I2C_GetState
                0x00000000080053ac        0x8 /home/nahomts/Documents/DaisyExamples/libDaisy/build/libdaisy.a(stm32h7xx_hal_i2c.o)
                0x00000000080053ac                HAL_I2C_GetState
 .text.HAL_I2CEx_ConfigAnalogFilter
                0x00000000080053b4       0x54 /home/nahomts/Documents/DaisyExamples/libDaisy/build/libdaisy.a(stm32h7xx_hal_i2c_ex.o)
                0x00000000080053b4                HAL_I2CEx_ConfigAnalogFilter
 .text.HAL_I2CEx_ConfigDigitalFilter
                0x0000000008005408       0x58 /home/nahomts/Documents/DaisyExamples/libDaisy/build/libdaisy.a(stm32h7xx_hal_i2c_ex.o)
                0x0000000008005408                HAL_I2CEx_ConfigDigitalFilter
 .text.HAL_PCD_IRQHandler
                0x0000000008005460      0x69c /home/nahomts/Documents/DaisyExamples/libDaisy/build/libdaisy.a(stm32h7xx_hal_pcd.o)
                0x0000000008005460                HAL_PCD_IRQHandler
 .text.HAL_PCD_SetAddress
                0x0000000008005afc       0x2c /home/nahomts/Documents/DaisyExamples/libDaisy/build/libdaisy.a(stm32h7xx_hal_pcd.o)
                0x0000000008005afc                HAL_PCD_SetAddress
 .text.HAL_PCD_EP_Open
                0x0000000008005b28       0x7c /home/nahomts/Documents/DaisyExamples/libDaisy/build/libdaisy.a(stm32h7xx_hal_pcd.o)
                0x0000000008005b28                HAL_PCD_EP_Open
 .text.HAL_PCD_EP_Receive
                0x0000000008005ba4       0x50 /home/nahomts/Documents/DaisyExamples/libDaisy/build/libdaisy.a(stm32h7xx_hal_pcd.o)
                0x0000000008005ba4                HAL_PCD_EP_Receive
 .text.HAL_PCD_EP_Transmit
                0x0000000008005bf4       0x50 /home/nahomts/Documents/DaisyExamples/libDaisy/build/libdaisy.a(stm32h7xx_hal_pcd.o)
                0x0000000008005bf4                HAL_PCD_EP_Transmit
 .text.HAL_PCD_EP_SetStall
                0x0000000008005c44       0x88 /home/nahomts/Documents/DaisyExamples/libDaisy/build/libdaisy.a(stm32h7xx_hal_pcd.o)
                0x0000000008005c44                HAL_PCD_EP_SetStall
 .text.HAL_PCD_EP_ClrStall
                0x0000000008005ccc       0x78 /home/nahomts/Documents/DaisyExamples/libDaisy/build/libdaisy.a(stm32h7xx_hal_pcd.o)
                0x0000000008005ccc                HAL_PCD_EP_ClrStall
 .text.HAL_PCDEx_LPM_Callback
                0x0000000008005d44        0x4 /home/nahomts/Documents/DaisyExamples/libDaisy/build/libdaisy.a(stm32h7xx_hal_pcd_ex.o)
                0x0000000008005d44                HAL_PCDEx_LPM_Callback
 .text.HAL_PWREx_ConfigSupply
                0x0000000008005d48       0x4c /home/nahomts/Documents/DaisyExamples/libDaisy/build/libdaisy.a(stm32h7xx_hal_pwr_ex.o)
                0x0000000008005d48                HAL_PWREx_ConfigSupply
 .text.HAL_PWREx_EnableUSBVoltageDetector
                0x0000000008005d94       0x10 /home/nahomts/Documents/DaisyExamples/libDaisy/build/libdaisy.a(stm32h7xx_hal_pwr_ex.o)
                0x0000000008005d94                HAL_PWREx_EnableUSBVoltageDetector
 .text.QSPI_Config
                0x0000000008005da4      0x174 /home/nahomts/Documents/DaisyExamples/libDaisy/build/libdaisy.a(stm32h7xx_hal_qspi.o)
 .text.HAL_QSPI_Init
                0x0000000008005f18       0xd8 /home/nahomts/Documents/DaisyExamples/libDaisy/build/libdaisy.a(stm32h7xx_hal_qspi.o)
                0x0000000008005f18                HAL_QSPI_Init
 .text.HAL_QSPI_DeInit
                0x0000000008005ff0       0x3c /home/nahomts/Documents/DaisyExamples/libDaisy/build/libdaisy.a(stm32h7xx_hal_qspi.o)
                0x0000000008005ff0                HAL_QSPI_DeInit
 .text.HAL_QSPI_Command
                0x000000000800602c       0xd4 /home/nahomts/Documents/DaisyExamples/libDaisy/build/libdaisy.a(stm32h7xx_hal_qspi.o)
                0x000000000800602c                HAL_QSPI_Command
 .text.HAL_QSPI_Transmit
                0x0000000008006100       0xfc /home/nahomts/Documents/DaisyExamples/libDaisy/build/libdaisy.a(stm32h7xx_hal_qspi.o)
                0x0000000008006100                HAL_QSPI_Transmit
 .text.HAL_QSPI_Receive
                0x00000000080061fc      0x108 /home/nahomts/Documents/DaisyExamples/libDaisy/build/libdaisy.a(stm32h7xx_hal_qspi.o)
                0x00000000080061fc                HAL_QSPI_Receive
 .text.HAL_QSPI_AutoPolling
                0x0000000008006304       0xf0 /home/nahomts/Documents/DaisyExamples/libDaisy/build/libdaisy.a(stm32h7xx_hal_qspi.o)
                0x0000000008006304                HAL_QSPI_AutoPolling
 .text.HAL_QSPI_MemoryMapped
                0x00000000080063f4       0xc0 /home/nahomts/Documents/DaisyExamples/libDaisy/build/libdaisy.a(stm32h7xx_hal_qspi.o)
                0x00000000080063f4                HAL_QSPI_MemoryMapped
 .text.HAL_QSPI_ErrorCallback
                0x00000000080064b4        0x4 /home/nahomts/Documents/DaisyExamples/libDaisy/build/libdaisy.a(stm32h7xx_hal_qspi.o)
                0x00000000080064b4                HAL_QSPI_ErrorCallback
 .text.QSPI_DMAAbortCplt
                0x00000000080064b8       0x38 /home/nahomts/Documents/DaisyExamples/libDaisy/build/libdaisy.a(stm32h7xx_hal_qspi.o)
 .text.HAL_QSPI_AbortCpltCallback
                0x00000000080064f0        0x4 /home/nahomts/Documents/DaisyExamples/libDaisy/build/libdaisy.a(stm32h7xx_hal_qspi.o)
                0x00000000080064f0                HAL_QSPI_AbortCpltCallback
 .text.HAL_QSPI_CmdCpltCallback
                0x00000000080064f4        0x4 /home/nahomts/Documents/DaisyExamples/libDaisy/build/libdaisy.a(stm32h7xx_hal_qspi.o)
                0x00000000080064f4                HAL_QSPI_CmdCpltCallback
 .text.HAL_QSPI_RxCpltCallback
                0x00000000080064f8        0x4 /home/nahomts/Documents/DaisyExamples/libDaisy/build/libdaisy.a(stm32h7xx_hal_qspi.o)
                0x00000000080064f8                HAL_QSPI_RxCpltCallback
 .text.HAL_QSPI_TxCpltCallback
                0x00000000080064fc        0x4 /home/nahomts/Documents/DaisyExamples/libDaisy/build/libdaisy.a(stm32h7xx_hal_qspi.o)
                0x00000000080064fc                HAL_QSPI_TxCpltCallback
 .text.HAL_QSPI_FifoThresholdCallback
                0x0000000008006500        0x4 /home/nahomts/Documents/DaisyExamples/libDaisy/build/libdaisy.a(stm32h7xx_hal_qspi.o)
                0x0000000008006500                HAL_QSPI_FifoThresholdCallback
 .text.HAL_QSPI_StatusMatchCallback
                0x0000000008006504        0x4 /home/nahomts/Documents/DaisyExamples/libDaisy/build/libdaisy.a(stm32h7xx_hal_qspi.o)
                0x0000000008006504                HAL_QSPI_StatusMatchCallback
 .text.HAL_QSPI_TimeOutCallback
                0x0000000008006508        0x4 /home/nahomts/Documents/DaisyExamples/libDaisy/build/libdaisy.a(stm32h7xx_hal_qspi.o)
                0x0000000008006508                HAL_QSPI_TimeOutCallback
 .text.HAL_QSPI_IRQHandler
                0x000000000800650c      0x210 /home/nahomts/Documents/DaisyExamples/libDaisy/build/libdaisy.a(stm32h7xx_hal_qspi.o)
                0x000000000800650c                HAL_QSPI_IRQHandler
 .text.HAL_RCC_OscConfig
                0x000000000800671c      0x51c /home/nahomts/Documents/DaisyExamples/libDaisy/build/libdaisy.a(stm32h7xx_hal_rcc.o)
                0x000000000800671c                HAL_RCC_OscConfig
 .text.HAL_RCC_GetSysClockFreq
                0x0000000008006c38      0x140 /home/nahomts/Documents/DaisyExamples/libDaisy/build/libdaisy.a(stm32h7xx_hal_rcc.o)
                0x0000000008006c38                HAL_RCC_GetSysClockFreq
 .text.HAL_RCC_ClockConfig
                0x0000000008006d78      0x234 /home/nahomts/Documents/DaisyExamples/libDaisy/build/libdaisy.a(stm32h7xx_hal_rcc.o)
                0x0000000008006d78                HAL_RCC_ClockConfig
 .text.HAL_RCC_GetHCLKFreq
                0x0000000008006fac       0x2c /home/nahomts/Documents/DaisyExamples/libDaisy/build/libdaisy.a(stm32h7xx_hal_rcc.o)
                0x0000000008006fac                HAL_RCC_GetHCLKFreq
 .text.HAL_RCC_GetPCLK1Freq
                0x0000000008006fd8       0x38 /home/nahomts/Documents/DaisyExamples/libDaisy/build/libdaisy.a(stm32h7xx_hal_rcc.o)
                0x0000000008006fd8                HAL_RCC_GetPCLK1Freq
 .text.HAL_RCC_GetPCLK2Freq
                0x0000000008007010       0x38 /home/nahomts/Documents/DaisyExamples/libDaisy/build/libdaisy.a(stm32h7xx_hal_rcc.o)
                0x0000000008007010                HAL_RCC_GetPCLK2Freq
 .text.RCCEx_PLL2_Config
                0x0000000008007048       0xf4 /home/nahomts/Documents/DaisyExamples/libDaisy/build/libdaisy.a(stm32h7xx_hal_rcc_ex.o)
 .text.RCCEx_PLL3_Config
                0x000000000800713c       0xf4 /home/nahomts/Documents/DaisyExamples/libDaisy/build/libdaisy.a(stm32h7xx_hal_rcc_ex.o)
 .text.HAL_RCCEx_PeriphCLKConfig
                0x0000000008007230      0xa7c /home/nahomts/Documents/DaisyExamples/libDaisy/build/libdaisy.a(stm32h7xx_hal_rcc_ex.o)
                0x0000000008007230                HAL_RCCEx_PeriphCLKConfig
 .text.HAL_RCCEx_GetD3PCLK1Freq
                0x0000000008007cac       0x24 /home/nahomts/Documents/DaisyExamples/libDaisy/build/libdaisy.a(stm32h7xx_hal_rcc_ex.o)
                0x0000000008007cac                HAL_RCCEx_GetD3PCLK1Freq
 .text.HAL_RCCEx_GetPLL2ClockFreq
                0x0000000008007cd0      0x17c /home/nahomts/Documents/DaisyExamples/libDaisy/build/libdaisy.a(stm32h7xx_hal_rcc_ex.o)
                0x0000000008007cd0                HAL_RCCEx_GetPLL2ClockFreq
 .text.HAL_RCCEx_GetPLL3ClockFreq
                0x0000000008007e4c      0x17c /home/nahomts/Documents/DaisyExamples/libDaisy/build/libdaisy.a(stm32h7xx_hal_rcc_ex.o)
                0x0000000008007e4c                HAL_RCCEx_GetPLL3ClockFreq
 .text.HAL_RCCEx_GetPLL1ClockFreq
                0x0000000008007fc8      0x17c /home/nahomts/Documents/DaisyExamples/libDaisy/build/libdaisy.a(stm32h7xx_hal_rcc_ex.o)
                0x0000000008007fc8                HAL_RCCEx_GetPLL1ClockFreq
 .text.HAL_RCCEx_GetPeriphCLKFreq
                0x0000000008008144      0x198 /home/nahomts/Documents/DaisyExamples/libDaisy/build/libdaisy.a(stm32h7xx_hal_rcc_ex.o)
                0x0000000008008144                HAL_RCCEx_GetPeriphCLKFreq
 .text.HAL_RCCEx_GetD1SysClockFreq
                0x00000000080082dc       0x2c /home/nahomts/Documents/DaisyExamples/libDaisy/build/libdaisy.a(stm32h7xx_hal_rcc_ex.o)
                0x00000000080082dc                HAL_RCCEx_GetD1SysClockFreq
 .text.HAL_SAI_Init.part.0
                0x0000000008008308      0x348 /home/nahomts/Documents/DaisyExamples/libDaisy/build/libdaisy.a(stm32h7xx_hal_sai.o)
 .text.HAL_SAI_InitProtocol
                0x0000000008008650      0x178 /home/nahomts/Documents/DaisyExamples/libDaisy/build/libdaisy.a(stm32h7xx_hal_sai.o)
                0x0000000008008650                HAL_SAI_InitProtocol
 .text.HAL_SDRAM_Init
                0x00000000080087c8       0x54 /home/nahomts/Documents/DaisyExamples/libDaisy/build/libdaisy.a(stm32h7xx_hal_sdram.o)
                0x00000000080087c8                HAL_SDRAM_Init
 .text.HAL_SDRAM_SendCommand
                0x000000000800881c       0x40 /home/nahomts/Documents/DaisyExamples/libDaisy/build/libdaisy.a(stm32h7xx_hal_sdram.o)
                0x000000000800881c                HAL_SDRAM_SendCommand
 .text.HAL_SDRAM_ProgramRefreshRate
                0x000000000800885c       0x30 /home/nahomts/Documents/DaisyExamples/libDaisy/build/libdaisy.a(stm32h7xx_hal_sdram.o)
                0x000000000800885c                HAL_SDRAM_ProgramRefreshRate
 .text.FMC_SDRAM_Init
                0x000000000800888c       0x7c /home/nahomts/Documents/DaisyExamples/libDaisy/build/libdaisy.a(stm32h7xx_ll_fmc.o)
                0x000000000800888c                FMC_SDRAM_Init
 .text.FMC_SDRAM_Timing_Init
                0x0000000008008908       0x98 /home/nahomts/Documents/DaisyExamples/libDaisy/build/libdaisy.a(stm32h7xx_ll_fmc.o)
                0x0000000008008908                FMC_SDRAM_Timing_Init
 .text.FMC_SDRAM_SendCommand
                0x00000000080089a0       0x28 /home/nahomts/Documents/DaisyExamples/libDaisy/build/libdaisy.a(stm32h7xx_ll_fmc.o)
                0x00000000080089a0                FMC_SDRAM_SendCommand
 .text.FMC_SDRAM_ProgramRefreshRate
                0x00000000080089c8       0x1c /home/nahomts/Documents/DaisyExamples/libDaisy/build/libdaisy.a(stm32h7xx_ll_fmc.o)
                0x00000000080089c8                FMC_SDRAM_ProgramRefreshRate
 .text.USB_SetTurnaroundTime
                0x00000000080089e4      0x104 /home/nahomts/Documents/DaisyExamples/libDaisy/build/libdaisy.a(stm32h7xx_ll_usb.o)
                0x00000000080089e4                USB_SetTurnaroundTime
 .text.USB_FlushTxFifo
                0x0000000008008ae8       0x34 /home/nahomts/Documents/DaisyExamples/libDaisy/build/libdaisy.a(stm32h7xx_ll_usb.o)
                0x0000000008008ae8                USB_FlushTxFifo
 .text.USB_GetDevSpeed
                0x0000000008008b1c       0x24 /home/nahomts/Documents/DaisyExamples/libDaisy/build/libdaisy.a(stm32h7xx_ll_usb.o)
                0x0000000008008b1c                USB_GetDevSpeed
 .text.USB_ActivateEndpoint
                0x0000000008008b40       0x90 /home/nahomts/Documents/DaisyExamples/libDaisy/build/libdaisy.a(stm32h7xx_ll_usb.o)
                0x0000000008008b40                USB_ActivateEndpoint
 .text.USB_EPStartXfer
                0x0000000008008bd0      0x230 /home/nahomts/Documents/DaisyExamples/libDaisy/build/libdaisy.a(stm32h7xx_ll_usb.o)
                0x0000000008008bd0                USB_EPStartXfer
 .text.USB_EP0StartXfer
                0x0000000008008e00      0x174 /home/nahomts/Documents/DaisyExamples/libDaisy/build/libdaisy.a(stm32h7xx_ll_usb.o)
                0x0000000008008e00                USB_EP0StartXfer
 .text.USB_WritePacket
                0x0000000008008f74       0x2c /home/nahomts/Documents/DaisyExamples/libDaisy/build/libdaisy.a(stm32h7xx_ll_usb.o)
                0x0000000008008f74                USB_WritePacket
 .text.USB_ReadPacket
                0x0000000008008fa0       0x20 /home/nahomts/Documents/DaisyExamples/libDaisy/build/libdaisy.a(stm32h7xx_ll_usb.o)
                0x0000000008008fa0                USB_ReadPacket
 .text.USB_EPSetStall
                0x0000000008008fc0       0x68 /home/nahomts/Documents/DaisyExamples/libDaisy/build/libdaisy.a(stm32h7xx_ll_usb.o)
                0x0000000008008fc0                USB_EPSetStall
 .text.USB_EPClearStall
                0x0000000008009028       0x58 /home/nahomts/Documents/DaisyExamples/libDaisy/build/libdaisy.a(stm32h7xx_ll_usb.o)
                0x0000000008009028                USB_EPClearStall
 .text.USB_SetDevAddress
                0x0000000008009080       0x24 /home/nahomts/Documents/DaisyExamples/libDaisy/build/libdaisy.a(stm32h7xx_ll_usb.o)
                0x0000000008009080                USB_SetDevAddress
 .text.USB_ReadInterrupts
                0x00000000080090a4       0x14 /home/nahomts/Documents/DaisyExamples/libDaisy/build/libdaisy.a(stm32h7xx_ll_usb.o)
                0x00000000080090a4                USB_ReadInterrupts
 .text.USB_ReadDevAllOutEpInterrupt
                0x00000000080090b8       0x1c /home/nahomts/Documents/DaisyExamples/libDaisy/build/libdaisy.a(stm32h7xx_ll_usb.o)
                0x00000000080090b8                USB_ReadDevAllOutEpInterrupt
 .text.USB_ReadDevAllInEpInterrupt
                0x00000000080090d4       0x1c /home/nahomts/Documents/DaisyExamples/libDaisy/build/libdaisy.a(stm32h7xx_ll_usb.o)
                0x00000000080090d4                USB_ReadDevAllInEpInterrupt
 .text.USB_ReadDevOutEPInterrupt
                0x00000000080090f0       0x1c /home/nahomts/Documents/DaisyExamples/libDaisy/build/libdaisy.a(stm32h7xx_ll_usb.o)
                0x00000000080090f0                USB_ReadDevOutEPInterrupt
 .text.USB_ReadDevInEPInterrupt
                0x000000000800910c       0x38 /home/nahomts/Documents/DaisyExamples/libDaisy/build/libdaisy.a(stm32h7xx_ll_usb.o)
                0x000000000800910c                USB_ReadDevInEPInterrupt
 .text.USB_GetMode
                0x0000000008009144        0x8 /home/nahomts/Documents/DaisyExamples/libDaisy/build/libdaisy.a(stm32h7xx_ll_usb.o)
                0x0000000008009144                USB_GetMode
 .text.USB_ActivateSetup
                0x000000000800914c       0x38 /home/nahomts/Documents/DaisyExamples/libDaisy/build/libdaisy.a(stm32h7xx_ll_usb.o)
                0x000000000800914c                USB_ActivateSetup
 .text.USB_EP0_OutStart
                0x0000000008009184       0x58 /home/nahomts/Documents/DaisyExamples/libDaisy/build/libdaisy.a(stm32h7xx_ll_usb.o)
                0x0000000008009184                USB_EP0_OutStart
 .text.USB_InitFSLSPClkSel
                0x00000000080091dc       0x44 /home/nahomts/Documents/DaisyExamples/libDaisy/build/libdaisy.a(stm32h7xx_ll_usb.o)
                0x00000000080091dc                USB_InitFSLSPClkSel
 .text.USB_HC_ReadInterrupt
                0x0000000008009220        0x8 /home/nahomts/Documents/DaisyExamples/libDaisy/build/libdaisy.a(stm32h7xx_ll_usb.o)
                0x0000000008009220                USB_HC_ReadInterrupt
 .text.USB_HC_Halt
                0x0000000008009228       0xc0 /home/nahomts/Documents/DaisyExamples/libDaisy/build/libdaisy.a(stm32h7xx_ll_usb.o)
                0x0000000008009228                USB_HC_Halt
 .text.USB_StopHost
                0x00000000080092e8      0x2ec /home/nahomts/Documents/DaisyExamples/libDaisy/build/libdaisy.a(stm32h7xx_ll_usb.o)
                0x00000000080092e8                USB_StopHost
 .text.USBD_SetClassConfig
                0x00000000080095d4       0x14 /home/nahomts/Documents/DaisyExamples/libDaisy/build/libdaisy.a(usbd_core.o)
                0x00000000080095d4                USBD_SetClassConfig
 .text.USBD_ClrClassConfig
                0x00000000080095e8       0x10 /home/nahomts/Documents/DaisyExamples/libDaisy/build/libdaisy.a(usbd_core.o)
                0x00000000080095e8                USBD_ClrClassConfig
 .text.USBD_LL_SetupStage
                0x00000000080095f8       0x5c /home/nahomts/Documents/DaisyExamples/libDaisy/build/libdaisy.a(usbd_core.o)
                0x00000000080095f8                USBD_LL_SetupStage
 .text.USBD_LL_DataOutStage
                0x0000000008009654       0x7c /home/nahomts/Documents/DaisyExamples/libDaisy/build/libdaisy.a(usbd_core.o)
                0x0000000008009654                USBD_LL_DataOutStage
 .text.USBD_LL_DataInStage
                0x00000000080096d0       0xcc /home/nahomts/Documents/DaisyExamples/libDaisy/build/libdaisy.a(usbd_core.o)
                0x00000000080096d0                USBD_LL_DataInStage
 .text.USBD_LL_Reset
                0x000000000800979c       0x50 /home/nahomts/Documents/DaisyExamples/libDaisy/build/libdaisy.a(usbd_core.o)
                0x000000000800979c                USBD_LL_Reset
 .text.USBD_LL_SetSpeed
                0x00000000080097ec        0x8 /home/nahomts/Documents/DaisyExamples/libDaisy/build/libdaisy.a(usbd_core.o)
                0x00000000080097ec                USBD_LL_SetSpeed
 .text.USBD_LL_Suspend
                0x00000000080097f4       0x14 /home/nahomts/Documents/DaisyExamples/libDaisy/build/libdaisy.a(usbd_core.o)
                0x00000000080097f4                USBD_LL_Suspend
 .text.USBD_LL_Resume
                0x0000000008009808       0x10 /home/nahomts/Documents/DaisyExamples/libDaisy/build/libdaisy.a(usbd_core.o)
                0x0000000008009808                USBD_LL_Resume
 .text.USBD_LL_SOF
                0x0000000008009818       0x1c /home/nahomts/Documents/DaisyExamples/libDaisy/build/libdaisy.a(usbd_core.o)
                0x0000000008009818                USBD_LL_SOF
 .text.USBD_LL_IsoINIncomplete
                0x0000000008009834        0x4 /home/nahomts/Documents/DaisyExamples/libDaisy/build/libdaisy.a(usbd_core.o)
                0x0000000008009834                USBD_LL_IsoINIncomplete
 .text.USBD_LL_IsoOUTIncomplete
                0x0000000008009838        0x4 /home/nahomts/Documents/DaisyExamples/libDaisy/build/libdaisy.a(usbd_core.o)
                0x0000000008009838                USBD_LL_IsoOUTIncomplete
 .text.USBD_LL_DevConnected
                0x000000000800983c        0x4 /home/nahomts/Documents/DaisyExamples/libDaisy/build/libdaisy.a(usbd_core.o)
                0x000000000800983c                USBD_LL_DevConnected
 .text.USBD_LL_DevDisconnected
                0x0000000008009840       0x18 /home/nahomts/Documents/DaisyExamples/libDaisy/build/libdaisy.a(usbd_core.o)
                0x0000000008009840                USBD_LL_DevDisconnected
 .text.USBD_StdDevReq
                0x0000000008009858      0x304 /home/nahomts/Documents/DaisyExamples/libDaisy/build/libdaisy.a(usbd_ctlreq.o)
                0x0000000008009858                USBD_StdDevReq
 .text.USBD_StdItfReq
                0x0000000008009b5c       0x68 /home/nahomts/Documents/DaisyExamples/libDaisy/build/libdaisy.a(usbd_ctlreq.o)
                0x0000000008009b5c                USBD_StdItfReq
 .text.USBD_StdEPReq
                0x0000000008009bc4      0x13c /home/nahomts/Documents/DaisyExamples/libDaisy/build/libdaisy.a(usbd_ctlreq.o)
                0x0000000008009bc4                USBD_StdEPReq
 .text.USBD_ParseSetupRequest
                0x0000000008009d00       0x28 /home/nahomts/Documents/DaisyExamples/libDaisy/build/libdaisy.a(usbd_ctlreq.o)
                0x0000000008009d00                USBD_ParseSetupRequest
 .text.USBD_CtlSendData
                0x0000000008009d28       0x1c /home/nahomts/Documents/DaisyExamples/libDaisy/build/libdaisy.a(usbd_ioreq.o)
                0x0000000008009d28                USBD_CtlSendData
 .text.USBD_CtlContinueSendData
                0x0000000008009d44       0x14 /home/nahomts/Documents/DaisyExamples/libDaisy/build/libdaisy.a(usbd_ioreq.o)
                0x0000000008009d44                USBD_CtlContinueSendData
 .text.USBD_CtlContinueRx
                0x0000000008009d58       0x14 /home/nahomts/Documents/DaisyExamples/libDaisy/build/libdaisy.a(usbd_ioreq.o)
                0x0000000008009d58                USBD_CtlContinueRx
 .text.USBD_CtlSendStatus
                0x0000000008009d6c       0x18 /home/nahomts/Documents/DaisyExamples/libDaisy/build/libdaisy.a(usbd_ioreq.o)
                0x0000000008009d6c                USBD_CtlSendStatus
 .text.USBD_CtlReceiveStatus
                0x0000000008009d84       0x18 /home/nahomts/Documents/DaisyExamples/libDaisy/build/libdaisy.a(usbd_ioreq.o)
                0x0000000008009d84                USBD_CtlReceiveStatus
 .text.USBH_LL_IncTimer
                0x0000000008009d9c       0x20 /home/nahomts/Documents/DaisyExamples/libDaisy/build/libdaisy.a(usbh_core.o)
                0x0000000008009d9c                USBH_LL_IncTimer
 .text.USBH_LL_PortEnabled
                0x0000000008009dbc        0x8 /home/nahomts/Documents/DaisyExamples/libDaisy/build/libdaisy.a(usbh_core.o)
                0x0000000008009dbc                USBH_LL_PortEnabled
 .text.USBH_LL_PortDisabled
                0x0000000008009dc4        0x8 /home/nahomts/Documents/DaisyExamples/libDaisy/build/libdaisy.a(usbh_core.o)
                0x0000000008009dc4                USBH_LL_PortDisabled
 .text.USBH_LL_Connect
                0x0000000008009dcc       0x18 /home/nahomts/Documents/DaisyExamples/libDaisy/build/libdaisy.a(usbh_core.o)
                0x0000000008009dcc                USBH_LL_Connect
 .text.USBH_LL_Disconnect
                0x0000000008009de4       0x2c /home/nahomts/Documents/DaisyExamples/libDaisy/build/libdaisy.a(usbh_core.o)
                0x0000000008009de4                USBH_LL_Disconnect
 .text.USBH_FreePipe
                0x0000000008009e10       0x18 /home/nahomts/Documents/DaisyExamples/libDaisy/build/libdaisy.a(usbh_pipes.o)
                0x0000000008009e10                USBH_FreePipe
 .text._ZN5daisy6Random4InitEv
                0x0000000008009e28       0x3c /home/nahomts/Documents/DaisyExamples/libDaisy/build/libdaisy.a(rng.o)
                0x0000000008009e28                daisy::Random::Init()
 .text._ZN5daisy9SpiHandle4Impl7InitDmaEv
                0x0000000008009e64       0xec /home/nahomts/Documents/DaisyExamples/libDaisy/build/libdaisy.a(spi.o)
                0x0000000008009e64                daisy::SpiHandle::Impl::InitDma()
 .text._ZN5daisy9SpiHandle4Impl10StartDmaTxEPhjPFvPvEPFvS3_NS0_6ResultEES3_
                0x0000000008009f50       0xc8 /home/nahomts/Documents/DaisyExamples/libDaisy/build/libdaisy.a(spi.o)
                0x0000000008009f50                daisy::SpiHandle::Impl::StartDmaTx(unsigned char*, unsigned int, void (*)(void*), void (*)(void*, daisy::SpiHandle::Result), void*)
 .text._ZN5daisy9SpiHandle4Impl10StartDmaRxEPhjPFvPvEPFvS3_NS0_6ResultEES3_
                0x000000000800a018       0xc8 /home/nahomts/Documents/DaisyExamples/libDaisy/build/libdaisy.a(spi.o)
                0x000000000800a018                daisy::SpiHandle::Impl::StartDmaRx(unsigned char*, unsigned int, void (*)(void*), void (*)(void*, daisy::SpiHandle::Result), void*)
 .text._ZN5daisy9SpiHandle4Impl12StartDmaRxTxEPhS2_jPFvPvEPFvS3_NS0_6ResultEES3_
                0x000000000800a0e0       0xcc /home/nahomts/Documents/DaisyExamples/libDaisy/build/libdaisy.a(spi.o)
                0x000000000800a0e0                daisy::SpiHandle::Impl::StartDmaRxTx(unsigned char*, unsigned char*, unsigned int, void (*)(void*), void (*)(void*, daisy::SpiHandle::Result), void*)
 .text._ZN5daisy9SpiHandle4Impl8InitPinsEv
                0x000000000800a1ac      0x274 /home/nahomts/Documents/DaisyExamples/libDaisy/build/libdaisy.a(spi.o)
                0x000000000800a1ac                daisy::SpiHandle::Impl::InitPins()
 .text.HAL_SPI_MspInit
                0x000000000800a420      0x1a8 /home/nahomts/Documents/DaisyExamples/libDaisy/build/libdaisy.a(spi.o)
                0x000000000800a420                HAL_SPI_MspInit
 .text.dsy_spi_global_init
                0x000000000800a5c8       0x80 /home/nahomts/Documents/DaisyExamples/libDaisy/build/libdaisy.a(spi.o)
                0x000000000800a5c8                dsy_spi_global_init
 .text.SPI1_IRQHandler
                0x000000000800a648        0xc /home/nahomts/Documents/DaisyExamples/libDaisy/build/libdaisy.a(spi.o)
                0x000000000800a648                SPI1_IRQHandler
 .text.SPI2_IRQHandler
                0x000000000800a654        0xc /home/nahomts/Documents/DaisyExamples/libDaisy/build/libdaisy.a(spi.o)
                0x000000000800a654                SPI2_IRQHandler
 .text.SPI3_IRQHandler
                0x000000000800a660        0xc /home/nahomts/Documents/DaisyExamples/libDaisy/build/libdaisy.a(spi.o)
                0x000000000800a660                SPI3_IRQHandler
 .text.SPI4_IRQHandler
                0x000000000800a66c        0xc /home/nahomts/Documents/DaisyExamples/libDaisy/build/libdaisy.a(spi.o)
                0x000000000800a66c                SPI4_IRQHandler
 .text.SPI5_IRQHandler
                0x000000000800a678        0xc /home/nahomts/Documents/DaisyExamples/libDaisy/build/libdaisy.a(spi.o)
                0x000000000800a678                SPI5_IRQHandler
 .text.DMA2_Stream2_IRQHandler
                0x000000000800a684       0x34 /home/nahomts/Documents/DaisyExamples/libDaisy/build/libdaisy.a(spi.o)
                0x000000000800a684                DMA2_Stream2_IRQHandler
 .text.DMA2_Stream3_IRQHandler
                0x000000000800a6b8       0x38 /home/nahomts/Documents/DaisyExamples/libDaisy/build/libdaisy.a(spi.o)
                0x000000000800a6b8                DMA2_Stream3_IRQHandler
 .text.HAL_SPI_TxCpltCallback
                0x000000000800a6f0       0xc4 /home/nahomts/Documents/DaisyExamples/libDaisy/build/libdaisy.a(spi.o)
                0x000000000800a6f0                HAL_SPI_TxCpltCallback
 .text.HAL_SPI_RxCpltCallback
                0x000000000800a7b4       0xc4 /home/nahomts/Documents/DaisyExamples/libDaisy/build/libdaisy.a(spi.o)
                0x000000000800a7b4                HAL_SPI_RxCpltCallback
 .text.HAL_SPI_TxRxCpltCallback
                0x000000000800a878       0xc4 /home/nahomts/Documents/DaisyExamples/libDaisy/build/libdaisy.a(spi.o)
                0x000000000800a878                HAL_SPI_TxRxCpltCallback
 .text.HAL_SPI_ErrorCallback
                0x000000000800a93c       0xc8 /home/nahomts/Documents/DaisyExamples/libDaisy/build/libdaisy.a(spi.o)
                0x000000000800a93c                HAL_SPI_ErrorCallback
 .text.startup._GLOBAL__sub_I__Z19MapInstanceToHandleP11SPI_TypeDef
                0x000000000800aa04      0x1b0 /home/nahomts/Documents/DaisyExamples/libDaisy/build/libdaisy.a(spi.o)
 .text.HAL_TIM_Base_MspInit
                0x000000000800abb4      0x1e0 /home/nahomts/Documents/DaisyExamples/libDaisy/build/libdaisy.a(tim.o)
                0x000000000800abb4                HAL_TIM_Base_MspInit
 .text.HAL_TIM_PeriodElapsedCallback
                0x000000000800ad94       0x44 /home/nahomts/Documents/DaisyExamples/libDaisy/build/libdaisy.a(tim.o)
                0x000000000800ad94                HAL_TIM_PeriodElapsedCallback
 .text.TIM2_IRQHandler
                0x000000000800add8        0xc /home/nahomts/Documents/DaisyExamples/libDaisy/build/libdaisy.a(tim.o)
                0x000000000800add8                TIM2_IRQHandler
 .text.TIM3_IRQHandler
                0x000000000800ade4        0xc /home/nahomts/Documents/DaisyExamples/libDaisy/build/libdaisy.a(tim.o)
                0x000000000800ade4                TIM3_IRQHandler
 .text.TIM4_IRQHandler
                0x000000000800adf0        0xc /home/nahomts/Documents/DaisyExamples/libDaisy/build/libdaisy.a(tim.o)
                0x000000000800adf0                TIM4_IRQHandler
 .text.TIM5_IRQHandler
                0x000000000800adfc        0xc /home/nahomts/Documents/DaisyExamples/libDaisy/build/libdaisy.a(tim.o)
                0x000000000800adfc                TIM5_IRQHandler
 .text._ZN5daisy11TimerHandle4InitERKNS0_6ConfigE
                0x000000000800ae08       0xd0 /home/nahomts/Documents/DaisyExamples/libDaisy/build/libdaisy.a(tim.o)
                0x000000000800ae08                daisy::TimerHandle::Init(daisy::TimerHandle::Config const&)
 .text._ZN5daisy11TimerHandle5StartEv
                0x000000000800aed8       0x24 /home/nahomts/Documents/DaisyExamples/libDaisy/build/libdaisy.a(tim.o)
                0x000000000800aed8                daisy::TimerHandle::Start()
 .text.startup._GLOBAL__sub_I__ZN5daisy11TimerHandle4Impl4InitERKNS0_6ConfigE
                0x000000000800aefc       0x38 /home/nahomts/Documents/DaisyExamples/libDaisy/build/libdaisy.a(tim.o)
 .text._ZL20UART_CheckRxListenerPN5daisy11UartHandler4ImplE
                0x000000000800af34       0x84 /home/nahomts/Documents/DaisyExamples/libDaisy/build/libdaisy.a(uart.o)
 .text._ZN5daisy11UartHandler4Impl10StartDmaTxEPhjPFvPvEPFvS3_NS0_6ResultEES3_
                0x000000000800afb8      0x184 /home/nahomts/Documents/DaisyExamples/libDaisy/build/libdaisy.a(uart.o)
                0x000000000800afb8                daisy::UartHandler::Impl::StartDmaTx(unsigned char*, unsigned int, void (*)(void*), void (*)(void*, daisy::UartHandler::Result), void*)
 .text._ZN5daisy11UartHandler4Impl10StartDmaRxEPhjPFvPvEPFvS3_NS0_6ResultEES3_
                0x000000000800b13c      0x184 /home/nahomts/Documents/DaisyExamples/libDaisy/build/libdaisy.a(uart.o)
                0x000000000800b13c                daisy::UartHandler::Impl::StartDmaRx(unsigned char*, unsigned int, void (*)(void*), void (*)(void*, daisy::UartHandler::Result), void*)
 .text._ZN5daisy11UartHandler4Impl19DmaTransferFinishedEP20__UART_HandleTypeDefNS0_6ResultE
                0x000000000800b2c0       0xc0 /home/nahomts/Documents/DaisyExamples/libDaisy/build/libdaisy.a(uart.o)
                0x000000000800b2c0                daisy::UartHandler::Impl::DmaTransferFinished(__UART_HandleTypeDef*, daisy::UartHandler::Result)
 .text._ZN5daisy11UartHandler4Impl8InitPinsEv
                0x000000000800b380      0x154 /home/nahomts/Documents/DaisyExamples/libDaisy/build/libdaisy.a(uart.o)
                0x000000000800b380                daisy::UartHandler::Impl::InitPins()
 .text.HAL_UART_MspInit
                0x000000000800b4d4      0x210 /home/nahomts/Documents/DaisyExamples/libDaisy/build/libdaisy.a(uart.o)
                0x000000000800b4d4                HAL_UART_MspInit
 .text.dsy_uart_global_init
                0x000000000800b6e4      0x110 /home/nahomts/Documents/DaisyExamples/libDaisy/build/libdaisy.a(uart.o)
                0x000000000800b6e4                dsy_uart_global_init
 .text.USART1_IRQHandler
                0x000000000800b7f4       0x2c /home/nahomts/Documents/DaisyExamples/libDaisy/build/libdaisy.a(uart.o)
                0x000000000800b7f4                USART1_IRQHandler
 .text.USART2_IRQHandler
                0x000000000800b820       0x34 /home/nahomts/Documents/DaisyExamples/libDaisy/build/libdaisy.a(uart.o)
                0x000000000800b820                USART2_IRQHandler
 .text.USART3_IRQHandler
                0x000000000800b854       0x34 /home/nahomts/Documents/DaisyExamples/libDaisy/build/libdaisy.a(uart.o)
                0x000000000800b854                USART3_IRQHandler
 .text.UART4_IRQHandler
                0x000000000800b888       0x34 /home/nahomts/Documents/DaisyExamples/libDaisy/build/libdaisy.a(uart.o)
                0x000000000800b888                UART4_IRQHandler
 .text.UART5_IRQHandler
                0x000000000800b8bc       0x34 /home/nahomts/Documents/DaisyExamples/libDaisy/build/libdaisy.a(uart.o)
                0x000000000800b8bc                UART5_IRQHandler
 .text.USART6_IRQHandler
                0x000000000800b8f0       0x34 /home/nahomts/Documents/DaisyExamples/libDaisy/build/libdaisy.a(uart.o)
                0x000000000800b8f0                USART6_IRQHandler
 .text.UART7_IRQHandler
                0x000000000800b924       0x34 /home/nahomts/Documents/DaisyExamples/libDaisy/build/libdaisy.a(uart.o)
                0x000000000800b924                UART7_IRQHandler
 .text.UART8_IRQHandler
                0x000000000800b958       0x34 /home/nahomts/Documents/DaisyExamples/libDaisy/build/libdaisy.a(uart.o)
                0x000000000800b958                UART8_IRQHandler
 .text.LPUART1_IRQHandler
                0x000000000800b98c       0x34 /home/nahomts/Documents/DaisyExamples/libDaisy/build/libdaisy.a(uart.o)
                0x000000000800b98c                LPUART1_IRQHandler
 .text.DMA1_Stream5_IRQHandler
                0x000000000800b9c0       0x34 /home/nahomts/Documents/DaisyExamples/libDaisy/build/libdaisy.a(uart.o)
                0x000000000800b9c0                DMA1_Stream5_IRQHandler
 .text.DMA2_Stream4_IRQHandler
                0x000000000800b9f4       0x38 /home/nahomts/Documents/DaisyExamples/libDaisy/build/libdaisy.a(uart.o)
                0x000000000800b9f4                DMA2_Stream4_IRQHandler
 .text.HAL_UART_TxCpltCallback
                0x000000000800ba2c        0x8 /home/nahomts/Documents/DaisyExamples/libDaisy/build/libdaisy.a(uart.o)
                0x000000000800ba2c                HAL_UART_TxCpltCallback
 .text.HAL_UART_RxCpltCallback
                0x000000000800ba34       0x94 /home/nahomts/Documents/DaisyExamples/libDaisy/build/libdaisy.a(uart.o)
                0x000000000800ba34                HAL_UART_RxCpltCallback
 .text.HAL_UART_RxHalfCpltCallback
                0x000000000800bac8       0x90 /home/nahomts/Documents/DaisyExamples/libDaisy/build/libdaisy.a(uart.o)
                0x000000000800bac8                HAL_UART_RxHalfCpltCallback
 .text.HAL_UART_ErrorCallback
                0x000000000800bb58        0x8 /home/nahomts/Documents/DaisyExamples/libDaisy/build/libdaisy.a(uart.o)
                0x000000000800bb58                HAL_UART_ErrorCallback
 .text.startup._GLOBAL__sub_I__Z19MapInstanceToHandleP13USART_TypeDef
                0x000000000800bb60      0x194 /home/nahomts/Documents/DaisyExamples/libDaisy/build/libdaisy.a(uart.o)
 .text.dsy_dma_init
                0x000000000800bcf4      0x100 /home/nahomts/Documents/DaisyExamples/libDaisy/build/libdaisy.a(dma.o)
                0x000000000800bcf4                dsy_dma_init
 .text.dsy_dma_invalidate_cache_for_buffer
                0x000000000800bdf4       0x2c /home/nahomts/Documents/DaisyExamples/libDaisy/build/libdaisy.a(dma.o)
                0x000000000800bdf4                dsy_dma_invalidate_cache_for_buffer
 .text.HAL_MDMA_Abort_IT
                0x000000000800be20       0x2c /home/nahomts/Documents/DaisyExamples/libDaisy/build/libdaisy.a(stm32h7xx_hal_mdma.o)
                0x000000000800be20                HAL_MDMA_Abort_IT
 .text.SPI_CloseTransfer
                0x000000000800be4c       0xb8 /home/nahomts/Documents/DaisyExamples/libDaisy/build/libdaisy.a(stm32h7xx_hal_spi.o)
 .text.HAL_SPI_Init
                0x000000000800bf04      0x15c /home/nahomts/Documents/DaisyExamples/libDaisy/build/libdaisy.a(stm32h7xx_hal_spi.o)
                0x000000000800bf04                HAL_SPI_Init
 .text.HAL_SPI_Transmit_DMA
                0x000000000800c060      0x170 /home/nahomts/Documents/DaisyExamples/libDaisy/build/libdaisy.a(stm32h7xx_hal_spi.o)
                0x000000000800c060                HAL_SPI_Transmit_DMA
 .text.HAL_SPI_TransmitReceive_DMA
                0x000000000800c1d0      0x218 /home/nahomts/Documents/DaisyExamples/libDaisy/build/libdaisy.a(stm32h7xx_hal_spi.o)
                0x000000000800c1d0                HAL_SPI_TransmitReceive_DMA
 .text.HAL_SPI_Receive_DMA
                0x000000000800c3e8      0x1b4 /home/nahomts/Documents/DaisyExamples/libDaisy/build/libdaisy.a(stm32h7xx_hal_spi.o)
                0x000000000800c3e8                HAL_SPI_Receive_DMA
 .text.SPI_DMATransmitCplt
                0x000000000800c59c       0x28 /home/nahomts/Documents/DaisyExamples/libDaisy/build/libdaisy.a(stm32h7xx_hal_spi.o)
 .text.SPI_DMAReceiveCplt
                0x000000000800c5c4       0x28 /home/nahomts/Documents/DaisyExamples/libDaisy/build/libdaisy.a(stm32h7xx_hal_spi.o)
 .text.SPI_DMATransmitReceiveCplt
                0x000000000800c5ec       0x28 /home/nahomts/Documents/DaisyExamples/libDaisy/build/libdaisy.a(stm32h7xx_hal_spi.o)
 .text.HAL_SPI_TxHalfCpltCallback
                0x000000000800c614        0x4 /home/nahomts/Documents/DaisyExamples/libDaisy/build/libdaisy.a(stm32h7xx_hal_spi.o)
                0x000000000800c614                HAL_SPI_TxHalfCpltCallback
 .text.SPI_DMAHalfTransmitCplt
                0x000000000800c618        0xc /home/nahomts/Documents/DaisyExamples/libDaisy/build/libdaisy.a(stm32h7xx_hal_spi.o)
 .text.HAL_SPI_RxHalfCpltCallback
                0x000000000800c624        0x4 /home/nahomts/Documents/DaisyExamples/libDaisy/build/libdaisy.a(stm32h7xx_hal_spi.o)
                0x000000000800c624                HAL_SPI_RxHalfCpltCallback
 .text.SPI_DMAHalfReceiveCplt
                0x000000000800c628        0xc /home/nahomts/Documents/DaisyExamples/libDaisy/build/libdaisy.a(stm32h7xx_hal_spi.o)
 .text.HAL_SPI_TxRxHalfCpltCallback
                0x000000000800c634        0x4 /home/nahomts/Documents/DaisyExamples/libDaisy/build/libdaisy.a(stm32h7xx_hal_spi.o)
                0x000000000800c634                HAL_SPI_TxRxHalfCpltCallback
 .text.SPI_DMAHalfTransmitReceiveCplt
                0x000000000800c638        0xc /home/nahomts/Documents/DaisyExamples/libDaisy/build/libdaisy.a(stm32h7xx_hal_spi.o)
 .text.SPI_DMAError
                0x000000000800c644       0xd8 /home/nahomts/Documents/DaisyExamples/libDaisy/build/libdaisy.a(stm32h7xx_hal_spi.o)
 .text.HAL_SPI_IRQHandler
                0x000000000800c71c      0x23c /home/nahomts/Documents/DaisyExamples/libDaisy/build/libdaisy.a(stm32h7xx_hal_spi.o)
                0x000000000800c71c                HAL_SPI_IRQHandler
 .text.SPI_DMAAbortOnError
                0x000000000800c958       0x1c /home/nahomts/Documents/DaisyExamples/libDaisy/build/libdaisy.a(stm32h7xx_hal_spi.o)
 .text.HAL_SPI_GetState
                0x000000000800c974        0x8 /home/nahomts/Documents/DaisyExamples/libDaisy/build/libdaisy.a(stm32h7xx_hal_spi.o)
                0x000000000800c974                HAL_SPI_GetState
 .text.HAL_TIM_Base_Init
                0x000000000800c97c      0x140 /home/nahomts/Documents/DaisyExamples/libDaisy/build/libdaisy.a(stm32h7xx_hal_tim.o)
                0x000000000800c97c                HAL_TIM_Base_Init
 .text.HAL_TIM_Base_Start
                0x000000000800cabc       0x34 /home/nahomts/Documents/DaisyExamples/libDaisy/build/libdaisy.a(stm32h7xx_hal_tim.o)
                0x000000000800cabc                HAL_TIM_Base_Start
 .text.HAL_TIM_Base_Start_IT
                0x000000000800caf0       0x2c /home/nahomts/Documents/DaisyExamples/libDaisy/build/libdaisy.a(stm32h7xx_hal_tim.o)
                0x000000000800caf0                HAL_TIM_Base_Start_IT
 .text.HAL_TIM_ConfigClockSource
                0x000000000800cb1c      0x17c /home/nahomts/Documents/DaisyExamples/libDaisy/build/libdaisy.a(stm32h7xx_hal_tim.o)
                0x000000000800cb1c                HAL_TIM_ConfigClockSource
 .text.HAL_TIM_OC_DelayElapsedCallback
                0x000000000800cc98        0x4 /home/nahomts/Documents/DaisyExamples/libDaisy/build/libdaisy.a(stm32h7xx_hal_tim.o)
                0x000000000800cc98                HAL_TIM_OC_DelayElapsedCallback
 .text.HAL_TIM_IC_CaptureCallback
                0x000000000800cc9c        0x4 /home/nahomts/Documents/DaisyExamples/libDaisy/build/libdaisy.a(stm32h7xx_hal_tim.o)
                0x000000000800cc9c                HAL_TIM_IC_CaptureCallback
 .text.HAL_TIM_PWM_PulseFinishedCallback
                0x000000000800cca0        0x4 /home/nahomts/Documents/DaisyExamples/libDaisy/build/libdaisy.a(stm32h7xx_hal_tim.o)
                0x000000000800cca0                HAL_TIM_PWM_PulseFinishedCallback
 .text.HAL_TIM_TriggerCallback
                0x000000000800cca4        0x4 /home/nahomts/Documents/DaisyExamples/libDaisy/build/libdaisy.a(stm32h7xx_hal_tim.o)
                0x000000000800cca4                HAL_TIM_TriggerCallback
 .text.HAL_TIM_IRQHandler
                0x000000000800cca8      0x170 /home/nahomts/Documents/DaisyExamples/libDaisy/build/libdaisy.a(stm32h7xx_hal_tim.o)
                0x000000000800cca8                HAL_TIM_IRQHandler
 .text.HAL_TIMEx_MasterConfigSynchronization
                0x000000000800ce18       0x64 /home/nahomts/Documents/DaisyExamples/libDaisy/build/libdaisy.a(stm32h7xx_hal_tim_ex.o)
                0x000000000800ce18                HAL_TIMEx_MasterConfigSynchronization
 .text.HAL_TIMEx_CommutCallback
                0x000000000800ce7c        0x4 /home/nahomts/Documents/DaisyExamples/libDaisy/build/libdaisy.a(stm32h7xx_hal_tim_ex.o)
                0x000000000800ce7c                HAL_TIMEx_CommutCallback
 .text.HAL_TIMEx_BreakCallback
                0x000000000800ce80        0x4 /home/nahomts/Documents/DaisyExamples/libDaisy/build/libdaisy.a(stm32h7xx_hal_tim_ex.o)
                0x000000000800ce80                HAL_TIMEx_BreakCallback
 .text.HAL_TIMEx_Break2Callback
                0x000000000800ce84        0x4 /home/nahomts/Documents/DaisyExamples/libDaisy/build/libdaisy.a(stm32h7xx_hal_tim_ex.o)
                0x000000000800ce84                HAL_TIMEx_Break2Callback
 .text.HAL_UART_Transmit_DMA
                0x000000000800ce88       0xa4 /home/nahomts/Documents/DaisyExamples/libDaisy/build/libdaisy.a(stm32h7xx_hal_uart.o)
                0x000000000800ce88                HAL_UART_Transmit_DMA
 .text.HAL_UART_Receive_DMA
                0x000000000800cf2c       0xac /home/nahomts/Documents/DaisyExamples/libDaisy/build/libdaisy.a(stm32h7xx_hal_uart.o)
                0x000000000800cf2c                HAL_UART_Receive_DMA
 .text.UART_DMATransmitCplt
                0x000000000800cfd8       0x2c /home/nahomts/Documents/DaisyExamples/libDaisy/build/libdaisy.a(stm32h7xx_hal_uart.o)
 .text.HAL_UART_TxHalfCpltCallback
                0x000000000800d004        0x4 /home/nahomts/Documents/DaisyExamples/libDaisy/build/libdaisy.a(stm32h7xx_hal_uart.o)
                0x000000000800d004                HAL_UART_TxHalfCpltCallback
 .text.UART_DMATxHalfCplt
                0x000000000800d008        0xc /home/nahomts/Documents/DaisyExamples/libDaisy/build/libdaisy.a(stm32h7xx_hal_uart.o)
 .text.UART_DMAReceiveCplt
                0x000000000800d014       0x38 /home/nahomts/Documents/DaisyExamples/libDaisy/build/libdaisy.a(stm32h7xx_hal_uart.o)
 .text.UART_DMARxHalfCplt
                0x000000000800d04c        0xc /home/nahomts/Documents/DaisyExamples/libDaisy/build/libdaisy.a(stm32h7xx_hal_uart.o)
 .text.UART_DMAError
                0x000000000800d058       0x78 /home/nahomts/Documents/DaisyExamples/libDaisy/build/libdaisy.a(stm32h7xx_hal_uart.o)
 .text.HAL_UART_IRQHandler
                0x000000000800d0d0      0x1d0 /home/nahomts/Documents/DaisyExamples/libDaisy/build/libdaisy.a(stm32h7xx_hal_uart.o)
                0x000000000800d0d0                HAL_UART_IRQHandler
 .text.UART_DMAAbortOnError
                0x000000000800d2a0       0x14 /home/nahomts/Documents/DaisyExamples/libDaisy/build/libdaisy.a(stm32h7xx_hal_uart.o)
 .text.HAL_UART_GetState
                0x000000000800d2b4        0xc /home/nahomts/Documents/DaisyExamples/libDaisy/build/libdaisy.a(stm32h7xx_hal_uart.o)
                0x000000000800d2b4                HAL_UART_GetState
 .text.UART_SetConfig
                0x000000000800d2c0     0x14b8 /home/nahomts/Documents/DaisyExamples/libDaisy/build/libdaisy.a(stm32h7xx_hal_uart.o)
                0x000000000800d2c0                UART_SetConfig
 .text.UART_AdvFeatureConfig
                0x000000000800e778       0xb0 /home/nahomts/Documents/DaisyExamples/libDaisy/build/libdaisy.a(stm32h7xx_hal_uart.o)
                0x000000000800e778                UART_AdvFeatureConfig
 .text.UART_CheckIdleState
                0x000000000800e828       0x84 /home/nahomts/Documents/DaisyExamples/libDaisy/build/libdaisy.a(stm32h7xx_hal_uart.o)
                0x000000000800e828                UART_CheckIdleState
 .text.HAL_UART_Init
                0x000000000800e8ac       0x68 /home/nahomts/Documents/DaisyExamples/libDaisy/build/libdaisy.a(stm32h7xx_hal_uart.o)
                0x000000000800e8ac                HAL_UART_Init
 .text.HAL_UARTEx_WakeupCallback
                0x000000000800e914        0x4 /home/nahomts/Documents/DaisyExamples/libDaisy/build/libdaisy.a(stm32h7xx_hal_uart_ex.o)
                0x000000000800e914                HAL_UARTEx_WakeupCallback
 .text.HAL_UARTEx_RxFifoFullCallback
                0x000000000800e918        0x4 /home/nahomts/Documents/DaisyExamples/libDaisy/build/libdaisy.a(stm32h7xx_hal_uart_ex.o)
                0x000000000800e918                HAL_UARTEx_RxFifoFullCallback
 .text.HAL_UARTEx_TxFifoEmptyCallback
                0x000000000800e91c        0x4 /home/nahomts/Documents/DaisyExamples/libDaisy/build/libdaisy.a(stm32h7xx_hal_uart_ex.o)
                0x000000000800e91c                HAL_UARTEx_TxFifoEmptyCallback
 .text.__aeabi_atexit
                0x000000000800e920        0xa /home/nahomts/Developer/gcc-arm-none-eabi-10-2020-q4-major/bin/../lib/gcc/arm-none-eabi/10.2.1/../../../../arm-none-eabi/lib/thumb/v7e-m+dp/hard/libstdc++_nano.a(atexit_arm.o)
                0x000000000800e920                __aeabi_atexit
 *fill*         0x000000000800e92a        0x2 
 .text.__cxa_atexit
                0x000000000800e92c       0x1c /home/nahomts/Developer/gcc-arm-none-eabi-10-2020-q4-major/bin/../lib/gcc/arm-none-eabi/10.2.1/../../../../arm-none-eabi/lib/thumb/v7e-m+dp/hard/libc_nano.a(lib_a-cxa_atexit.o)
                0x000000000800e92c                __cxa_atexit
 .text.__libc_init_array
                0x000000000800e948       0x48 /home/nahomts/Developer/gcc-arm-none-eabi-10-2020-q4-major/bin/../lib/gcc/arm-none-eabi/10.2.1/../../../../arm-none-eabi/lib/thumb/v7e-m+dp/hard/libc_nano.a(lib_a-init.o)
                0x000000000800e948                __libc_init_array
 .text.memcpy   0x000000000800e990       0x1c /home/nahomts/Developer/gcc-arm-none-eabi-10-2020-q4-major/bin/../lib/gcc/arm-none-eabi/10.2.1/../../../../arm-none-eabi/lib/thumb/v7e-m+dp/hard/libc_nano.a(lib_a-memcpy-stub.o)
                0x000000000800e990                memcpy
 .text.memset   0x000000000800e9ac       0x10 /home/nahomts/Developer/gcc-arm-none-eabi-10-2020-q4-major/bin/../lib/gcc/arm-none-eabi/10.2.1/../../../../arm-none-eabi/lib/thumb/v7e-m+dp/hard/libc_nano.a(lib_a-memset.o)
                0x000000000800e9ac                memset
 *(.rodata)
 .rodata        0x000000000800e9bc        0x6 build/I2C.o
 *fill*         0x000000000800e9c2        0x2 
 .rodata        0x000000000800e9c4       0x10 /home/nahomts/Documents/DaisyExamples/libDaisy/build/libdaisy.a(i2c.o)
 .rodata        0x000000000800e9d4       0x10 /home/nahomts/Documents/DaisyExamples/libDaisy/build/libdaisy.a(tim.o)
 .rodata        0x000000000800e9e4       0x12 /home/nahomts/Documents/DaisyExamples/libDaisy/build/libdaisy.a(uart.o)
 *(.rodata*)
 *fill*         0x000000000800e9f6        0x2 
 .rodata.CSWTCH.35
                0x000000000800e9f8        0x3 /home/nahomts/Documents/DaisyExamples/libDaisy/build/libdaisy.a(sai.o)
 *fill*         0x000000000800e9fb        0x1 
 .rodata.CSWTCH.36
                0x000000000800e9fc        0xc /home/nahomts/Documents/DaisyExamples/libDaisy/build/libdaisy.a(sai.o)
 .rodata.CSWTCH.44
                0x000000000800ea08       0x14 /home/nahomts/Documents/DaisyExamples/libDaisy/build/libdaisy.a(sai.o)
 .rodata.D1CorePrescTable
                0x000000000800ea1c       0x10 /home/nahomts/Documents/DaisyExamples/libDaisy/build/libdaisy.a(system_stm32h7xx.o)
                0x000000000800ea1c                D1CorePrescTable
 .rodata.CSWTCH.24
                0x000000000800ea2c        0x4 /home/nahomts/Documents/DaisyExamples/libDaisy/build/libdaisy.a(usbd_conf.o)
 .rodata.CSWTCH.19
                0x000000000800ea30        0x4 /home/nahomts/Documents/DaisyExamples/libDaisy/build/libdaisy.a(usbh_conf.o)
 .rodata.gpio_hal_pin_map
                0x000000000800ea34       0x20 /home/nahomts/Documents/DaisyExamples/libDaisy/build/libdaisy.a(hal_map.o)
 .rodata.gpio_hal_port_map
                0x000000000800ea54       0x30 /home/nahomts/Documents/DaisyExamples/libDaisy/build/libdaisy.a(hal_map.o)
 .rodata.flagBitshiftOffset.0
                0x000000000800ea84        0x8 /home/nahomts/Documents/DaisyExamples/libDaisy/build/libdaisy.a(stm32h7xx_hal_dma.o)
 .rodata._ZL13pins_none_spi
                0x000000000800ea8c        0x3 /home/nahomts/Documents/DaisyExamples/libDaisy/build/libdaisy.a(spi.o)
 *fill*         0x000000000800ea8f        0x1 
 .rodata._ZL16pins_periphs_spi