Archive member included to satisfy reference by file (symbol)

/home/nahomts/Documents/DaisyExamples/libDaisy/build/libdaisy.a(daisy_seed.o)
                              build/main.o (daisy::DaisySeed::DelayMs(unsigned int))
/home/nahomts/Documents/DaisyExamples/libDaisy/build/libdaisy.a(codec_ak4556.o)
                              /home/nahomts/Documents/DaisyExamples/libDaisy/build/libdaisy.a(daisy_seed.o) (daisy::Ak4556::Init(dsy_gpio_pin))
/home/nahomts/Documents/DaisyExamples/libDaisy/build/libdaisy.a(codec_wm8731.o)
                              /home/nahomts/Documents/DaisyExamples/libDaisy/build/libdaisy.a(daisy_seed.o) (daisy::Wm8731::Init(daisy::Wm8731::Config const&, daisy::I2CHandle))
/home/nahomts/Documents/DaisyExamples/libDaisy/build/libdaisy.a(sdram.o)
                              /home/nahomts/Documents/DaisyExamples/libDaisy/build/libdaisy.a(daisy_seed.o) (SdramHandle::Init())
/home/nahomts/Documents/DaisyExamples/libDaisy/build/libdaisy.a(audio.o)
                              /home/nahomts/Documents/DaisyExamples/libDaisy/build/libdaisy.a(daisy_seed.o) (daisy::AudioHandle::Init(daisy::AudioHandle::Config const&, daisy::SaiHandle))
/home/nahomts/Documents/DaisyExamples/libDaisy/build/libdaisy.a(logger.o)
                              build/main.o (daisy::Logger<(daisy::LoggerDestination)1>::Print(char const*, ...))
/home/nahomts/Documents/DaisyExamples/libDaisy/build/libdaisy.a(usb.o)
                              /home/nahomts/Documents/DaisyExamples/libDaisy/build/libdaisy.a(logger.o) (daisy::UsbHandle::Init(daisy::UsbHandle::UsbPeriph))
/home/nahomts/Documents/DaisyExamples/libDaisy/build/libdaisy.a(gpio.o)
                              /home/nahomts/Documents/DaisyExamples/libDaisy/build/libdaisy.a(daisy_seed.o) (daisy::GPIO::Init(daisy::Pin, daisy::GPIO::Mode, daisy::GPIO::Pull, daisy::GPIO::Speed))
/home/nahomts/Documents/DaisyExamples/libDaisy/build/libdaisy.a(i2c.o)
                              build/main.o (daisy::I2CHandle::Init(daisy::I2CHandle::Config const&))
/home/nahomts/Documents/DaisyExamples/libDaisy/build/libdaisy.a(qspi.o)
                              /home/nahomts/Documents/DaisyExamples/libDaisy/build/libdaisy.a(daisy_seed.o) (daisy::QSPIHandle::Init(daisy::QSPIHandle::Config const&))
/home/nahomts/Documents/DaisyExamples/libDaisy/build/libdaisy.a(sai.o)
                              /home/nahomts/Documents/DaisyExamples/libDaisy/build/libdaisy.a(daisy_seed.o) (daisy::SaiHandle::Init(daisy::SaiHandle::Config const&))
/home/nahomts/Documents/DaisyExamples/libDaisy/build/libdaisy.a(system.o)
                              /home/nahomts/Documents/DaisyExamples/libDaisy/build/libdaisy.a(daisy_seed.o) (daisy::System::DeInit())
/home/nahomts/Documents/DaisyExamples/libDaisy/build/libdaisy.a(system_stm32h7xx.o)
                              build/startup_stm32h750xx.o (SystemInit)
/home/nahomts/Documents/DaisyExamples/libDaisy/build/libdaisy.a(usbd_cdc_if.o)
                              /home/nahomts/Documents/DaisyExamples/libDaisy/build/libdaisy.a(usb.o) (CDC_Transmit_FS)
/home/nahomts/Documents/DaisyExamples/libDaisy/build/libdaisy.a(usbd_conf.o)
                              /home/nahomts/Documents/DaisyExamples/libDaisy/build/libdaisy.a(system.o) (hpcd_USB_OTG_HS)
/home/nahomts/Documents/DaisyExamples/libDaisy/build/libdaisy.a(usbd_desc.o)
                              /home/nahomts/Documents/DaisyExamples/libDaisy/build/libdaisy.a(usb.o) (HS_Desc)
/home/nahomts/Documents/DaisyExamples/libDaisy/build/libdaisy.a(usbh_conf.o)
                              /home/nahomts/Documents/DaisyExamples/libDaisy/build/libdaisy.a(system.o) (hhcd_USB_OTG_HS)
/home/nahomts/Documents/DaisyExamples/libDaisy/build/libdaisy.a(hal_map.o)
                              /home/nahomts/Documents/DaisyExamples/libDaisy/build/libdaisy.a(gpio.o) (dsy_hal_map_get_port)
/home/nahomts/Documents/DaisyExamples/libDaisy/build/libdaisy.a(stm32h7xx_hal.o)
                              /home/nahomts/Documents/DaisyExamples/libDaisy/build/libdaisy.a(system.o) (HAL_Init)
/home/nahomts/Documents/DaisyExamples/libDaisy/build/libdaisy.a(stm32h7xx_hal_cortex.o)
                              /home/nahomts/Documents/DaisyExamples/libDaisy/build/libdaisy.a(stm32h7xx_hal.o) (HAL_NVIC_SetPriorityGrouping)
/home/nahomts/Documents/DaisyExamples/libDaisy/build/libdaisy.a(stm32h7xx_hal_dma.o)
                              /home/nahomts/Documents/DaisyExamples/libDaisy/build/libdaisy.a(i2c.o) (HAL_DMA_Init)
/home/nahomts/Documents/DaisyExamples/libDaisy/build/libdaisy.a(stm32h7xx_hal_gpio.o)
                              /home/nahomts/Documents/DaisyExamples/libDaisy/build/libdaisy.a(sdram.o) (HAL_GPIO_Init)
/home/nahomts/Documents/DaisyExamples/libDaisy/build/libdaisy.a(stm32h7xx_hal_hcd.o)
                              /home/nahomts/Documents/DaisyExamples/libDaisy/build/libdaisy.a(usbh_conf.o) (HAL_HCD_HC_Init)
/home/nahomts/Documents/DaisyExamples/libDaisy/build/libdaisy.a(stm32h7xx_hal_i2c.o)
[...]
Memory Configuration

Name             Origin             Length             Attributes
FLASH            0x0000000008000000 0x0000000000020000 xr
DTCMRAM          0x0000000020000000 0x0000000000020000 xrw
SRAM             0x0000000024000000 0x0000000000080000 xrw
RAM_D2           0x0000000030000000 0x0000000000048000 xrw
RAM_D3           0x0000000038000000 0x0000000000010000 xrw
BACKUP_SRAM      0x0000000038800000 0x0000000000001000 xrw
ITCMRAM          0x0000000000000000 0x0000000000010000 xrw
SDRAM            0x00000000c0000000 0x0000000004000000 xrw
QSPIFLASH        0x0000000090000000 0x0000000000800000 xr
*default*        0x0000000000000000 0xffffffffffffffff

Linker script and memory map

LOAD /home/nahomts/Developer/gcc-arm-none-eabi-10-2020-q4-major/bin/../lib/gcc/arm-none-eabi/10.2.1/thumb/v7e-m+dp/hard/crti.o
LOAD /home/nahomts/Developer/gcc-arm-none-eabi-10-2020-q4-major/bin/../lib/gcc/arm-none-eabi/10.2.1/thumb/v7e-m+dp/hard/crtbegin.o
LOAD /home/nahomts/Developer/gcc-arm-none-eabi-10-2020-q4-major/bin/../lib/gcc/arm-none-eabi/10.2.1/../../../../arm-none-eabi/lib/thumb/v7e-m+dp/hard/crt0.o
LOAD build/startup_stm32h750xx.o
LOAD build/main.o
LOAD /home/nahomts/Documents/DaisyExamples/libDaisy/build/libdaisy.a
LOAD /home/nahomts/Developer/gcc-arm-none-eabi-10-2020-q4-major/bin/../lib/gcc/arm-none-eabi/10.2.1/../../../../arm-none-eabi/lib/thumb/v7e-m+dp/hard/libnosys.a
LOAD /home/nahomts/Documents/DaisyExamples/DaisySP/build/libdaisysp.a
LOAD /home/nahomts/Developer/gcc-arm-none-eabi-10-2020-q4-major/bin/../lib/gcc/arm-none-eabi/10.2.1/../../../../arm-none-eabi/lib/thumb/v7e-m+dp/hard/libstdc++_nano.a
LOAD /home/nahomts/Developer/gcc-arm-none-eabi-10-2020-q4-major/bin/../lib/gcc/arm-none-eabi/10.2.1/../../../../arm-none-eabi/lib/thumb/v7e-m+dp/hard/libm.a
LOAD /home/nahomts/Developer/gcc-arm-none-eabi-10-2020-q4-major/bin/../lib/gcc/arm-none-eabi/10.2.1/../../../../arm-none-eabi/lib/thumb/v7e-m+dp/hard/libc_nano.a
START GROUP
LOAD /home/nahomts/Developer/gcc-arm-none-eabi-10-2020-q4-major/bin/../lib/gcc/arm-none-eabi/10.2.1/thumb/v7e-m+dp/hard/libgcc.a
LOAD /home/nahomts/Developer/gcc-arm-none-eabi-10-2020-q4-major/bin/../lib/gcc/arm-none-eabi/10.2.1/../../../../arm-none-eabi/lib/thumb/v7e-m+dp/hard/libc_nano.a
END GROUP
START GROUP
LOAD /home/nahomts/Developer/gcc-arm-none-eabi-10-2020-q4-major/bin/../lib/gcc/arm-none-eabi/10.2.1/thumb/v7e-m+dp/hard/libgcc.a
LOAD /home/nahomts/Developer/gcc-arm-none-eabi-10-2020-q4-major/bin/../lib/gcc/arm-none-eabi/10.2.1/../../../../arm-none-eabi/lib/thumb/v7e-m+dp/hard/libc_nano.a
LOAD /home/nahomts/Developer/gcc-arm-none-eabi-10-2020-q4-major/bin/../lib/gcc/arm-none-eabi/10.2.1/../../../../arm-none-eabi/lib/thumb/v7e-m+dp/hard/libnosys.a
END GROUP
START GROUP
LOAD /home/nahomts/Developer/gcc-arm-none-eabi-10-2020-q4-major/bin/../lib/gcc/arm-none-eabi/10.2.1/thumb/v7e-m+dp/hard/libgcc.a
LOAD /home/nahomts/Developer/gcc-arm-none-eabi-10-2020-q4-major/bin/../lib/gcc/arm-none-eabi/10.2.1/../../../../arm-none-eabi/lib/thumb/v7e-m+dp/hard/libc_nano.a
LOAD /home/nahomts/Developer/gcc-arm-none-eabi-10-2020-q4-major/bin/../lib/gcc/arm-none-eabi/10.2.1/../../../../arm-none-eabi/lib/thumb/v7e-m+dp/hard/libnosys.a
END GROUP
LOAD /home/nahomts/Developer/gcc-arm-none-eabi-10-2020-q4-major/bin/../lib/gcc/arm-none-eabi/10.2.1/thumb/v7e-m+dp/hard/crtend.o
LOAD /home/nahomts/Developer/gcc-arm-none-eabi-10-2020-q4-major/bin/../lib/gcc/arm-none-eabi/10.2.1/thumb/v7e-m+dp/hard/crtn.o
                0x0000000020020000                _estack = 0x20020000

.isr_vector     0x0000000008000000      0x298
                0x0000000008000000                . = ALIGN (0x4)
 *(.isr_vector)
 .isr_vector    0x0000000008000000      0x298 build/startup_stm32h750xx.o
                0x0000000008000000                g_pfnVectors
                0x0000000008000298                . = ALIGN (0x4)

.text           0x00000000080002a0    0x1191c
                0x00000000080002a0                . = ALIGN (0x4)
                0x00000000080002a0                _stext = .
 *(.text)
 .text          0x00000000080002a0       0x40 /home/nahomts/Developer/gcc-arm-none-eabi-10-2020-q4-major/bin/../lib/gcc/arm-none-eabi/10.2.1/thumb/v7e-m+dp/hard/crtbegin.o
 .text          0x00000000080002e0       0xa0 /home/nahomts/Developer/gcc-arm-none-eabi-10-2020-q4-major/bin/../lib/gcc/arm-none-eabi/10.2.1/../../../../arm-none-eabi/lib/thumb/v7e-m+dp/hard/libc_nano.a(lib_a-memchr.o)
                0x00000000080002e0                memchr
 .text          0x0000000008000380       0x30 /home/nahomts/Developer/gcc-arm-none-eabi-10-2020-q4-major/bin/../lib/gcc/arm-none-eabi/10.2.1/thumb/v7e-m+dp/hard/libgcc.a(_aeabi_uldivmod.o)
                0x0000000008000380                __aeabi_uldivmod
 .text          0x00000000080003b0      0x2d0 /home/nahomts/Developer/gcc-arm-none-eabi-10-2020-q4-major/bin/../lib/gcc/arm-none-eabi/10.2.1/thumb/v7e-m+dp/hard/libgcc.a(_udivmoddi4.o)
                0x00000000080003b0                __udivmoddi4
 .text          0x0000000008000680        0x4 /home/nahomts/Developer/gcc-arm-none-eabi-10-2020-q4-major/bin/../lib/gcc/arm-none-eabi/10.2.1/thumb/v7e-m+dp/hard/libgcc.a(_dvmd_tls.o)
                0x0000000008000680                __aeabi_ldiv0
                0x0000000008000680                __aeabi_idiv0
 *(.text*)
 .text.Default_Handler
                0x0000000008000684        0x4 build/startup_stm32h750xx.o
                0x0000000008000684                RTC_Alarm_IRQHandler
                0x0000000008000684                HASH_RNG_IRQHandler
                0x0000000008000684                EXTI2_IRQHandler
                0x0000000008000684                TIM8_CC_IRQHandler
                0x0000000008000684                HRTIM1_Master_IRQHandler
                0x0000000008000684                DebugMon_Handler
                0x0000000008000684                TIM1_CC_IRQHandler
                0x0000000008000684                BDMA_Channel6_IRQHandler
                0x0000000008000684                DMA2_Stream5_IRQHandler
                0x0000000008000684                HRTIM1_FLT_IRQHandler
                0x0000000008000684                JPEG_IRQHandler
                0x0000000008000684                BDMA_Channel1_IRQHandler
                0x0000000008000684                HRTIM1_TIMD_IRQHandler
                0x0000000008000684                TAMP_STAMP_IRQHandler
                0x0000000008000684                PendSV_Handler
                0x0000000008000684                NMI_Handler
                0x0000000008000684                EXTI3_IRQHandler
                0x0000000008000684                LPTIM4_IRQHandler
                0x0000000008000684                TIM8_TRG_COM_TIM14_IRQHandler
                0x0000000008000684                LPTIM2_IRQHandler
                0x0000000008000684                DFSDM1_FLT1_IRQHandler
                0x0000000008000684                DMAMUX2_OVR_IRQHandler
                0x0000000008000684                TIM8_UP_TIM13_IRQHandler
                0x0000000008000684                I2C3_ER_IRQHandler
                0x0000000008000684                DFSDM1_FLT2_IRQHandler
                0x0000000008000684                MDMA_IRQHandler
                0x0000000008000684                LPTIM3_IRQHandler
                0x0000000008000684                HSEM1_IRQHandler
                0x0000000008000684                EXTI0_IRQHandler
                0x0000000008000684                DMA1_Stream2_IRQHandler
                0x0000000008000684                FPU_IRQHandler
                0x0000000008000684                OTG_HS_WKUP_IRQHandler
                0x0000000008000684                FDCAN1_IT1_IRQHandler
                0x0000000008000684                UsageFault_Handler
                0x0000000008000684                LTDC_ER_IRQHandler
                0x0000000008000684                HRTIM1_TIME_IRQHandler
                0x0000000008000684                TIM6_DAC_IRQHandler
                0x0000000008000684                DCMI_IRQHandler
                0x0000000008000684                HRTIM1_TIMC_IRQHandler
                0x0000000008000684                SAI2_IRQHandler
                0x0000000008000684                DFSDM1_FLT3_IRQHandler
                0x0000000008000684                TIM17_IRQHandler
                0x0000000008000684                CRYP_IRQHandler
                0x0000000008000684                BDMA_Channel7_IRQHandler
                0x0000000008000684                LPTIM5_IRQHandler
                0x0000000008000684                ADC3_IRQHandler
                0x0000000008000684                DMA2_Stream0_IRQHandler
                0x0000000008000684                BDMA_Channel2_IRQHandler
                0x0000000008000684                DMAMUX1_OVR_IRQHandler
                0x0000000008000684                TIM16_IRQHandler
                0x0000000008000684                BDMA_Channel5_IRQHandler
                0x0000000008000684                RCC_IRQHandler
                0x0000000008000684                TIM8_BRK_TIM12_IRQHandler
                0x0000000008000684                TIM1_TRG_COM_IRQHandler
                0x0000000008000684                Default_Handler
                0x0000000008000684                ECC_IRQHandler
                0x0000000008000684                CEC_IRQHandler
                0x0000000008000684                EXTI15_10_IRQHandler
                0x0000000008000684                BDMA_Channel0_IRQHandler
                0x0000000008000684                ADC_IRQHandler
                0x0000000008000684                DMA1_Stream7_IRQHandler
                0x0000000008000684                HRTIM1_TIMA_IRQHandler
                0x0000000008000684                TIM7_IRQHandler
                0x0000000008000684                SDMMC1_IRQHandler
                0x0000000008000684                DMA2_Stream7_IRQHandler
                0x0000000008000684                TIM15_IRQHandler
                0x0000000008000684                PVD_AVD_IRQHandler
                0x0000000008000684                EXTI9_5_IRQHandler
                0x0000000008000684                RTC_WKUP_IRQHandler
                0x0000000008000684                LTDC_IRQHandler
                0x0000000008000684                SAI3_IRQHandler
                0x0000000008000684                ETH_WKUP_IRQHandler
                0x0000000008000684                SPDIF_RX_IRQHandler
                0x0000000008000684                MemManage_Handler
                0x0000000008000684                SVC_Handler
                0x0000000008000684                CRS_IRQHandler
                0x0000000008000684                EXTI4_IRQHandler
                0x0000000008000684                HRTIM1_TIMB_IRQHandler
                0x0000000008000684                FDCAN2_IT1_IRQHandler
                0x0000000008000684                ETH_IRQHandler
                0x0000000008000684                TIM1_UP_IRQHandler
                0x0000000008000684                BDMA_Channel4_IRQHandler
                0x0000000008000684                WWDG_IRQHandler
                0x0000000008000684                SPI6_IRQHandler
                0x0000000008000684                I2C4_EV_IRQHandler
                0x0000000008000684                MDIOS_IRQHandler
                0x0000000008000684                FDCAN2_IT0_IRQHandler
                0x0000000008000684                FDCAN1_IT0_IRQHandler
                0x0000000008000684                OTG_FS_WKUP_IRQHandler
                0x0000000008000684                DMA2D_IRQHandler
                0x0000000008000684                TIM1_BRK_IRQHandler
                0x0000000008000684                EXTI1_IRQHandler
                0x0000000008000684                SDMMC2_IRQHandler
                0x0000000008000684                BDMA_Channel3_IRQHandler
                0x0000000008000684                MDIOS_WKUP_IRQHandler
                0x0000000008000684                DFSDM1_FLT0_IRQHandler
                0x0000000008000684                SAI4_IRQHandler
                0x0000000008000684                I2C2_ER_IRQHandler
                0x0000000008000684                DMA2_Stream1_IRQHandler
                0x0000000008000684                FLASH_IRQHandler
                0x0000000008000684                BusFault_Handler
                0x0000000008000684                WAKEUP_PIN_IRQHandler
                0x0000000008000684                I2C1_ER_IRQHandler
                0x0000000008000684                FMC_IRQHandler
                0x0000000008000684                FDCAN_CAL_IRQHandler
                0x0000000008000684                SWPMI1_IRQHandler
                0x0000000008000684                COMP1_IRQHandler
                0x0000000008000684                LPTIM1_IRQHandler
                0x0000000008000684                I2C4_ER_IRQHandler
                0x0000000008000684                DMA2_Stream6_IRQHandler
                0x0000000008000684                SAI1_IRQHandler
 .text.Reset_Handler
                0x0000000008000688       0x44 build/startup_stm32h750xx.o
                0x0000000008000688                Reset_Handler
 .text._ZN5daisy9DaisySeedD2Ev
                0x00000000080006cc        0x4 build/main.o
                0x00000000080006cc                daisy::DaisySeed::~DaisySeed()
                0x00000000080006cc                daisy::DaisySeed::~DaisySeed()
 .text._Z14ReadSensorDatav
                0x00000000080006d0      0x19c build/main.o
                0x00000000080006d0                ReadSensorData()
 .text.startup.main
                0x000000000800086c       0x8c build/main.o
                0x000000000800086c                main
 .text.startup._GLOBAL__sub_I_hardware
                0x00000000080008f8       0x2c build/main.o
 .text._ZN5daisy9DaisySeed7DelayMsEj
                0x0000000008000924        0x8 /home/nahomts/Documents/DaisyExamples/libDaisy/build/libdaisy.a(daisy_seed.o)
                0x0000000008000924                daisy::DaisySeed::DelayMs(unsigned int)
 .text._ZN5daisy9DaisySeed6SetLedEb
                0x000000000800092c        0x8 /home/nahomts/Documents/DaisyExamples/libDaisy/build/libdaisy.a(daisy_seed.o)
                0x000000000800092c                daisy::DaisySeed::SetLed(bool)
 .text._ZN5daisy9DaisySeed17CheckBoardVersionEv
                0x0000000008000934       0x6c /home/nahomts/Documents/DaisyExamples/libDaisy/build/libdaisy.a(daisy_seed.o)
                0x0000000008000934                daisy::DaisySeed::CheckBoardVersion()
 .text._ZN5daisy9DaisySeed14ConfigureAudioEv
                0x00000000080009a0      0x10c /home/nahomts/Documents/DaisyExamples/libDaisy/build/libdaisy.a(daisy_seed.o)
                0x00000000080009a0                daisy::DaisySeed::ConfigureAudio()
 .text._ZN5daisy9DaisySeed4InitEb
                0x0000000008000aac      0x108 /home/nahomts/Documents/DaisyExamples/libDaisy/build/libdaisy.a(daisy_seed.o)
                0x0000000008000aac                daisy::DaisySeed::Init(bool)
 .text._ZN5daisy6Ak45564InitE12dsy_gpio_pin
                0x0000000008000bb4       0x44 /home/nahomts/Documents/DaisyExamples/libDaisy/build/libdaisy.a(codec_ak4556.o)
                0x0000000008000bb4                daisy::Ak4556::Init(dsy_gpio_pin)
 .text._ZN5daisy6Wm873120WriteControlRegisterEht
                0x0000000008000bf8       0x3c /home/nahomts/Documents/DaisyExamples/libDaisy/build/libdaisy.a(codec_wm8731.o)
                0x0000000008000bf8                daisy::Wm8731::WriteControlRegister(unsigned char, unsigned short)
 .text._ZN5daisy6Wm87314InitERKNS0_6ConfigENS_9I2CHandleE
                0x0000000008000c34      0x1bc /home/nahomts/Documents/DaisyExamples/libDaisy/build/libdaisy.a(codec_wm8731.o)
                0x0000000008000c34                daisy::Wm8731::Init(daisy::Wm8731::Config const&, daisy::I2CHandle)
 .text._ZN11SdramHandle10DeviceInitEv
                0x0000000008000df0       0x98 /home/nahomts/Documents/DaisyExamples/libDaisy/build/libdaisy.a(sdram.o)
                0x0000000008000df0                SdramHandle::DeviceInit()
 .text._ZN11SdramHandle4InitEv
                0x0000000008000e88       0x7c /home/nahomts/Documents/DaisyExamples/libDaisy/build/libdaisy.a(sdram.o)
                0x0000000008000e88                SdramHandle::Init()
 .text.HAL_SDRAM_MspInit
                0x0000000008000f04      0x1a8 /home/nahomts/Documents/DaisyExamples/libDaisy/build/libdaisy.a(sdram.o)
                0x0000000008000f04                HAL_SDRAM_MspInit
 .text._ZN5daisy11AudioHandle4InitERKNS0_6ConfigENS_9SaiHandleE
                0x00000000080010ac       0x70 /home/nahomts/Documents/DaisyExamples/libDaisy/build/libdaisy.a(audio.o)
                0x00000000080010ac                daisy::AudioHandle::Init(daisy::AudioHandle::Config const&, daisy::SaiHandle)
 .text._ZNK5daisy11AudioHandle9GetConfigEv
                0x000000000800111c        0x8 /home/nahomts/Documents/DaisyExamples/libDaisy/build/libdaisy.a(audio.o)
                0x000000000800111c                daisy::AudioHandle::GetConfig() const
 .text._ZN5daisy11AudioHandle13GetSampleRateEv
                0x0000000008001124        0x8 /home/nahomts/Documents/DaisyExamples/libDaisy/build/libdaisy.a(audio.o)
                0x0000000008001124                daisy::AudioHandle::GetSampleRate()
 .text.startup._GLOBAL__sub_I__ZN5daisy11AudioHandle4Impl4InitENS0_6ConfigENS_9SaiHandleE
                0x000000000800112c       0x24 /home/nahomts/Documents/DaisyExamples/libDaisy/build/libdaisy.a(audio.o)
 .text._ZN5daisy9UsbHandleD2Ev
                0x0000000008001150        0x4 /home/nahomts/Documents/DaisyExamples/libDaisy/build/libdaisy.a(logger.o)
                0x0000000008001150                daisy::UsbHandle::~UsbHandle()
                0x0000000008001150                daisy::UsbHandle::~UsbHandle()
 .text._ZN5daisy6LoggerILNS_17LoggerDestinationE1EE11TransmitBufEv
                0x0000000008001154       0x60 /home/nahomts/Documents/DaisyExamples/libDaisy/build/libdaisy.a(logger.o)
                0x0000000008001154                daisy::Logger<(daisy::LoggerDestination)1>::TransmitBuf()
 .text._ZN5daisy6LoggerILNS_17LoggerDestinationE1EE6PrintVEPKcSt9__va_list
                0x00000000080011b4       0x2c /home/nahomts/Documents/DaisyExamples/libDaisy/build/libdaisy.a(logger.o)
                0x00000000080011b4                daisy::Logger<(daisy::LoggerDestination)1>::PrintV(char const*, std::__va_list)
 .text._ZN5daisy6LoggerILNS_17LoggerDestinationE1EE5PrintEPKcz
                0x00000000080011e0       0x1c /home/nahomts/Documents/DaisyExamples/libDaisy/build/libdaisy.a(logger.o)
                0x00000000080011e0                daisy::Logger<(daisy::LoggerDestination)1>::Print(char const*, ...)
 .text._ZN5daisy6LoggerILNS_17LoggerDestinationE1EE13AppendNewLineEv
                0x00000000080011fc       0x60 /home/nahomts/Documents/DaisyExamples/libDaisy/build/libdaisy.a(logger.o)
                0x00000000080011fc                daisy::Logger<(daisy::LoggerDestination)1>::AppendNewLine()
 .text._ZN5daisy6LoggerILNS_17LoggerDestinationE1EE10PrintLineVEPKcSt9__va_list
                0x000000000800125c       0x30 /home/nahomts/Documents/DaisyExamples/libDaisy/build/libdaisy.a(logger.o)
                0x000000000800125c                daisy::Logger<(daisy::LoggerDestination)1>::PrintLineV(char const*, std::__va_list)
 .text._ZN5daisy6LoggerILNS_17LoggerDestinationE1EE9PrintLineEPKcz
                0x000000000800128c       0x1c /home/nahomts/Documents/DaisyExamples/libDaisy/build/libdaisy.a(logger.o)
                0x000000000800128c                daisy::Logger<(daisy::LoggerDestination)1>::PrintLine(char const*, ...)
 .text._ZN5daisy6LoggerILNS_17LoggerDestinationE1EE8StartLogEb
                0x00000000080012a8       0x40 /home/nahomts/Documents/DaisyExamples/libDaisy/build/libdaisy.a(logger.o)
                0x00000000080012a8                daisy::Logger<(daisy::LoggerDestination)1>::StartLog(bool)
 .text.startup._GLOBAL__sub_I__ZN5daisy10LoggerImplILNS_17LoggerDestinationE1EE11usb_handle_E
                0x00000000080012e8       0x2c /home/nahomts/Documents/DaisyExamples/libDaisy/build/libdaisy.a(logger.o)
 .text.DummyRxCallback
                0x0000000008001314        0x4 /home/nahomts/Documents/DaisyExamples/libDaisy/build/libdaisy.a(usb.o)
                0x0000000008001314                DummyRxCallback
 .text._ZN5daisy9UsbHandle4InitENS0_9UsbPeriphE
                0x0000000008001318      0x10c /home/nahomts/Documents/DaisyExamples/libDaisy/build/libdaisy.a(usb.o)
                0x0000000008001318                daisy::UsbHandle::Init(daisy::UsbHandle::UsbPeriph)
 .text._ZN5daisy9UsbHandle16TransmitInternalEPhj
                0x0000000008001424       0x14 /home/nahomts/Documents/DaisyExamples/libDaisy/build/libdaisy.a(usb.o)
                0x0000000008001424                daisy::UsbHandle::TransmitInternal(unsigned char*, unsigned int)
 .text.OTG_FS_EP1_OUT_IRQHandler
                0x0000000008001438        0xc /home/nahomts/Documents/DaisyExamples/libDaisy/build/libdaisy.a(usb.o)
                0x0000000008001438                OTG_FS_EP1_OUT_IRQHandler
 .text.OTG_FS_EP1_IN_IRQHandler
                0x0000000008001444        0xc /home/nahomts/Documents/DaisyExamples/libDaisy/build/libdaisy.a(usb.o)
                0x0000000008001444                OTG_FS_EP1_IN_IRQHandler
 .text.OTG_FS_IRQHandler
                0x0000000008001450        0xc /home/nahomts/Documents/DaisyExamples/libDaisy/build/libdaisy.a(usb.o)
                0x0000000008001450                OTG_FS_IRQHandler
 .text._ZN5daisy4GPIO4InitENS_3PinENS0_4ModeENS0_4PullENS0_5SpeedE
                0x000000000800145c      0x1cc /home/nahomts/Documents/DaisyExamples/libDaisy/build/libdaisy.a(gpio.o)
                0x000000000800145c                daisy::GPIO::Init(daisy::Pin, daisy::GPIO::Mode, daisy::GPIO::Pull, daisy::GPIO::Speed)
 .text._ZN5daisy4GPIO4ReadEv
                0x0000000008001628       0x18 /home/nahomts/Documents/DaisyExamples/libDaisy/build/libdaisy.a(gpio.o)
                0x0000000008001628                daisy::GPIO::Read()
 .text._ZN5daisy4GPIO5WriteEb
                0x0000000008001640       0x14 /home/nahomts/Documents/DaisyExamples/libDaisy/build/libdaisy.a(gpio.o)
                0x0000000008001640                daisy::GPIO::Write(bool)
 .text.dsy_gpio_init
                0x0000000008001654      0x1b8 /home/nahomts/Documents/DaisyExamples/libDaisy/build/libdaisy.a(gpio.o)
                0x0000000008001654                dsy_gpio_init
 .text.dsy_gpio_write
                0x000000000800180c       0x24 /home/nahomts/Documents/DaisyExamples/libDaisy/build/libdaisy.a(gpio.o)
                0x000000000800180c                dsy_gpio_write
 .text._ZN5daisy9I2CHandle4Impl8InitPinsEv
                0x0000000008001830       0x58 /home/nahomts/Documents/DaisyExamples/libDaisy/build/libdaisy.a(i2c.o)
                0x0000000008001830                daisy::I2CHandle::Impl::InitPins()
 .text.HAL_I2C_MspInit
                0x0000000008001888      0x1b4 /home/nahomts/Documents/DaisyExamples/libDaisy/build/libdaisy.a(i2c.o)
                0x0000000008001888                HAL_I2C_MspInit
 .text.dsy_i2c_global_init
                0x0000000008001a3c       0x78 /home/nahomts/Documents/DaisyExamples/libDaisy/build/libdaisy.a(i2c.o)
                0x0000000008001a3c                dsy_i2c_global_init
 .text.DMA1_Stream6_IRQHandler
                0x0000000008001ab4       0x34 /home/nahomts/Documents/DaisyExamples/libDaisy/build/libdaisy.a(i2c.o)
                0x0000000008001ab4                DMA1_Stream6_IRQHandler
 .text.I2C1_EV_IRQHandler
                0x0000000008001ae8        0xc /home/nahomts/Documents/DaisyExamples/libDaisy/build/libdaisy.a(i2c.o)
                0x0000000008001ae8                I2C1_EV_IRQHandler
 .text.I2C2_EV_IRQHandler
                0x0000000008001af4        0xc /home/nahomts/Documents/DaisyExamples/libDaisy/build/libdaisy.a(i2c.o)
                0x0000000008001af4                I2C2_EV_IRQHandler
 .text.I2C3_EV_IRQHandler
                0x0000000008001b00        0xc /home/nahomts/Documents/DaisyExamples/libDaisy/build/libdaisy.a(i2c.o)
                0x0000000008001b00                I2C3_EV_IRQHandler
 .text._ZN5daisy9I2CHandle4InitERKNS0_6ConfigE
                0x0000000008001b0c      0x12c /home/nahomts/Documents/DaisyExamples/libDaisy/build/libdaisy.a(i2c.o)
                0x0000000008001b0c                daisy::I2CHandle::Init(daisy::I2CHandle::Config const&)
 .text._ZN5daisy9I2CHandle16TransmitBlockingEtPhtm
                0x0000000008001c38       0x50 /home/nahomts/Documents/DaisyExamples/libDaisy/build/libdaisy.a(i2c.o)
                0x0000000008001c38                daisy::I2CHandle::TransmitBlocking(unsigned short, unsigned char*, unsigned short, unsigned long)
 .text._ZN5daisy9I2CHandle15ReceiveBlockingEtPhtm
                0x0000000008001c88       0x50 /home/nahomts/Documents/DaisyExamples/libDaisy/build/libdaisy.a(i2c.o)
                0x0000000008001c88                daisy::I2CHandle::ReceiveBlocking(unsigned short, unsigned char*, unsigned short, unsigned long)
 .text.startup._GLOBAL__sub_I__ZN5daisy9I2CHandle4Impl10GlobalInitEv
                0x0000000008001cd8       0x18 /home/nahomts/Documents/DaisyExamples/libDaisy/build/libdaisy.a(i2c.o)
 .text._ZN5daisy10QSPIHandle4Impl11WriteEnableEv
                0x0000000008001cf0       0x8c /home/nahomts/Documents/DaisyExamples/libDaisy/build/libdaisy.a(qspi.o)
                0x0000000008001cf0                daisy::QSPIHandle::Impl::WriteEnable()
 *fill*         0x0000000008001d7c        0x4 
 .text._ZN5daisy10QSPIHandle4Impl17DummyCyclesConfigENS0_6Config6DeviceE
                0x0000000008001d80      0x118 /home/nahomts/Documents/DaisyExamples/libDaisy/build/libdaisy.a(qspi.o)
                0x0000000008001d80                daisy::QSPIHandle::Impl::DummyCyclesConfig(daisy::QSPIHandle::Config::Device)
 .text._ZN5daisy10QSPIHandle4Impl10QuadEnableEv
                0x0000000008001e98      0x158 /home/nahomts/Documents/DaisyExamples/libDaisy/build/libdaisy.a(qspi.o)
                0x0000000008001e98                daisy::QSPIHandle::Impl::QuadEnable()
 .text._ZN5daisy10QSPIHandle4InitERKNS0_6ConfigE
                0x0000000008001ff0      0x198 /home/nahomts/Documents/DaisyExamples/libDaisy/build/libdaisy.a(qspi.o)
                0x0000000008001ff0                daisy::QSPIHandle::Init(daisy::QSPIHandle::Config const&)
 .text.HAL_QSPI_MspInit
                0x0000000008002188      0x11c /home/nahomts/Documents/DaisyExamples/libDaisy/build/libdaisy.a(qspi.o)
                0x0000000008002188                HAL_QSPI_MspInit
 .text.HAL_QSPI_MspDeInit
                0x00000000080022a4       0x54 /home/nahomts/Documents/DaisyExamples/libDaisy/build/libdaisy.a(qspi.o)
                0x00000000080022a4                HAL_QSPI_MspDeInit
 .text.QUADSPI_IRQHandler
                0x00000000080022f8        0xc /home/nahomts/Documents/DaisyExamples/libDaisy/build/libdaisy.a(qspi.o)
                0x00000000080022f8                QUADSPI_IRQHandler
 .text.startup._GLOBAL__sub_I__ZN5daisy10QSPIHandle4Impl4InitERKNS0_6ConfigE
                0x0000000008002304       0x28 /home/nahomts/Documents/DaisyExamples/libDaisy/build/libdaisy.a(qspi.o)
 .text._ZN5daisy9SaiHandle4Impl7InitDmaENS1_15PeripheralBlockE
                0x000000000800232c       0xa0 /home/nahomts/Documents/DaisyExamples/libDaisy/build/libdaisy.a(sai.o)
                0x000000000800232c                daisy::SaiHandle::Impl::InitDma(daisy::SaiHandle::Impl::PeripheralBlock)
 .text._ZN5daisy9SaiHandle4Impl8InitPinsEv
                0x00000000080023cc       0xa8 /home/nahomts/Documents/DaisyExamples/libDaisy/build/libdaisy.a(sai.o)
                0x00000000080023cc                daisy::SaiHandle::Impl::InitPins()
 .text.HAL_SAI_MspInit
                0x0000000008002474      0x164 /home/nahomts/Documents/DaisyExamples/libDaisy/build/libdaisy.a(sai.o)
                0x0000000008002474                HAL_SAI_MspInit
 .text.DMA1_Stream0_IRQHandler
                0x00000000080025d8        0xc /home/nahomts/Documents/DaisyExamples/libDaisy/build/libdaisy.a(sai.o)
                0x00000000080025d8                DMA1_Stream0_IRQHandler
 .text.DMA1_Stream1_IRQHandler
                0x00000000080025e4        0xc /home/nahomts/Documents/DaisyExamples/libDaisy/build/libdaisy.a(sai.o)
                0x00000000080025e4                DMA1_Stream1_IRQHandler
 .text.DMA1_Stream3_IRQHandler
                0x00000000080025f0        0xc /home/nahomts/Documents/DaisyExamples/libDaisy/build/libdaisy.a(sai.o)
                0x00000000080025f0                DMA1_Stream3_IRQHandler
 .text.DMA1_Stream4_IRQHandler
                0x00000000080025fc        0xc /home/nahomts/Documents/DaisyExamples/libDaisy/build/libdaisy.a(sai.o)
                0x00000000080025fc                DMA1_Stream4_IRQHandler
 .text._ZN5daisy9SaiHandle4InitERKNS0_6ConfigE
                0x0000000008002608      0x1f0 /home/nahomts/Documents/DaisyExamples/libDaisy/build/libdaisy.a(sai.o)
                0x0000000008002608                daisy::SaiHandle::Init(daisy::SaiHandle::Config const&)
 .text._ZNK5daisy9SaiHandle9GetConfigEv
                0x00000000080027f8        0x4 /home/nahomts/Documents/DaisyExamples/libDaisy/build/libdaisy.a(sai.o)
                0x00000000080027f8                daisy::SaiHandle::GetConfig() const
 .text._ZN5daisy9SaiHandle13GetSampleRateEv
                0x00000000080027fc       0x24 /home/nahomts/Documents/DaisyExamples/libDaisy/build/libdaisy.a(sai.o)
                0x00000000080027fc                daisy::SaiHandle::GetSampleRate()
 .text._ZN5daisy11TimerHandleD2Ev
                0x0000000008002820        0x4 /home/nahomts/Documents/DaisyExamples/libDaisy/build/libdaisy.a(system.o)
                0x0000000008002820                daisy::TimerHandle::~TimerHandle()
                0x0000000008002820                daisy::TimerHandle::~TimerHandle()
 .text.SysTick_Handler
                0x0000000008002824       0x10 /home/nahomts/Documents/DaisyExamples/libDaisy/build/libdaisy.a(system.o)
                0x0000000008002824                SysTick_Handler
 .text.OTG_HS_EP1_OUT_IRQHandler
                0x0000000008002834       0x24 /home/nahomts/Documents/DaisyExamples/libDaisy/build/libdaisy.a(system.o)
                0x0000000008002834                OTG_HS_EP1_OUT_IRQHandler
 .text.OTG_HS_EP1_IN_IRQHandler
                0x0000000008002858       0x24 /home/nahomts/Documents/DaisyExamples/libDaisy/build/libdaisy.a(system.o)
                0x0000000008002858                OTG_HS_EP1_IN_IRQHandler
 .text.OTG_HS_IRQHandler
                0x000000000800287c       0x24 /home/nahomts/Documents/DaisyExamples/libDaisy/build/libdaisy.a(system.o)
                0x000000000800287c                OTG_HS_IRQHandler
 .text.HardFault_Handler
                0x00000000080028a0       0xe0 /home/nahomts/Documents/DaisyExamples/libDaisy/build/libdaisy.a(system.o)
                0x00000000080028a0                HardFault_Handler
 .text._ZN5daisy6System5DelayEm
                0x0000000008002980        0x4 /home/nahomts/Documents/DaisyExamples/libDaisy/build/libdaisy.a(system.o)
                0x0000000008002980                daisy::System::Delay(unsigned long)
 .text._ZN5daisy6System20GetBootloaderVersionEv
                0x0000000008002984       0x34 /home/nahomts/Documents/DaisyExamples/libDaisy/build/libdaisy.a(system.o)
                0x0000000008002984                daisy::System::GetBootloaderVersion()
 .text._ZN5daisy6System15ConfigureClocksEv
                0x00000000080029b8      0x194 /home/nahomts/Documents/DaisyExamples/libDaisy/build/libdaisy.a(system.o)
                0x00000000080029b8                daisy::System::ConfigureClocks()
 .text._ZN5daisy6System12ConfigureMpuEv
                0x0000000008002b4c       0x7c /home/nahomts/Documents/DaisyExamples/libDaisy/build/libdaisy.a(system.o)
                0x0000000008002b4c                daisy::System::ConfigureMpu()
 .text._ZN5daisy6System4InitERKNS0_6ConfigE
                0x0000000008002bc8       0xec /home/nahomts/Documents/DaisyExamples/libDaisy/build/libdaisy.a(system.o)
                0x0000000008002bc8                daisy::System::Init(daisy::System::Config const&)
 .text._ZN5daisy6System12GetPClk1FreqEv
                0x0000000008002cb4        0x4 /home/nahomts/Documents/DaisyExamples/libDaisy/build/libdaisy.a(system.o)
                0x0000000008002cb4                daisy::System::GetPClk1Freq()
 .text._ZN5daisy6System22GetProgramMemoryRegionEv
                0x0000000008002cb8       0x78 /home/nahomts/Documents/DaisyExamples/libDaisy/build/libdaisy.a(system.o)
                0x0000000008002cb8                daisy::System::GetProgramMemoryRegion()
 .text.startup._GLOBAL__sub_I__ZN5daisy9boot_infoE
                0x0000000008002d30       0x1c /home/nahomts/Documents/DaisyExamples/libDaisy/build/libdaisy.a(system.o)
 .text.SystemInit
                0x0000000008002d4c       0x9c /home/nahomts/Documents/DaisyExamples/libDaisy/build/libdaisy.a(system_stm32h7xx.o)
                0x0000000008002d4c                SystemInit
 .text.dummy_rx_callback
                0x0000000008002de8        0x4 /home/nahomts/Documents/DaisyExamples/libDaisy/build/libdaisy.a(usbd_cdc_if.o)
                0x0000000008002de8                dummy_rx_callback
 .text.CDC_DeInit_FS
                0x0000000008002dec        0x4 /home/nahomts/Documents/DaisyExamples/libDaisy/build/libdaisy.a(usbd_cdc_if.o)
 .text.CDC_Receive_FS
                0x0000000008002df0       0x2c /home/nahomts/Documents/DaisyExamples/libDaisy/build/libdaisy.a(usbd_cdc_if.o)
 .text.CDC_Receive_HS
                0x0000000008002e1c       0x2c /home/nahomts/Documents/DaisyExamples/libDaisy/build/libdaisy.a(usbd_cdc_if.o)
 .text.CDC_Init_FS
                0x0000000008002e48       0x3c /home/nahomts/Documents/DaisyExamples/libDaisy/build/libdaisy.a(usbd_cdc_if.o)
 .text.CDC_Init_HS
                0x0000000008002e84       0x3c /home/nahomts/Documents/DaisyExamples/libDaisy/build/libdaisy.a(usbd_cdc_if.o)
 .text.CDC_Control_FS
                0x0000000008002ec0       0x34 /home/nahomts/Documents/DaisyExamples/libDaisy/build/libdaisy.a(usbd_cdc_if.o)
 .text.CDC_Control_HS
                0x0000000008002ef4       0x34 /home/nahomts/Documents/DaisyExamples/libDaisy/build/libdaisy.a(usbd_cdc_if.o)
 .text.CDC_DeInit_HS
                0x0000000008002f28        0x4 /home/nahomts/Documents/DaisyExamples/libDaisy/build/libdaisy.a(usbd_cdc_if.o)
 .text.CDC_Transmit_FS
                0x0000000008002f2c       0x2c /home/nahomts/Documents/DaisyExamples/libDaisy/build/libdaisy.a(usbd_cdc_if.o)
                0x0000000008002f2c                CDC_Transmit_FS
 .text.HAL_PCD_MspInit
                0x0000000008002f58      0x144 /home/nahomts/Documents/DaisyExamples/libDaisy/build/libdaisy.a(usbd_conf.o)
                0x0000000008002f58                HAL_PCD_MspInit
 .text.HAL_PCD_SetupStageCallback
                0x000000000800309c        0xc /home/nahomts/Documents/DaisyExamples/libDaisy/build/libdaisy.a(usbd_conf.o)
                0x000000000800309c                HAL_PCD_SetupStageCallback
 .text.HAL_PCD_DataOutStageCallback
                0x00000000080030a8       0x14 /home/nahomts/Documents/DaisyExamples/libDaisy/build/libdaisy.a(usbd_conf.o)
                0x00000000080030a8                HAL_PCD_DataOutStageCallback
 .text.HAL_PCD_DataInStageCallback
                0x00000000080030bc       0x14 /home/nahomts/Documents/DaisyExamples/libDaisy/build/libdaisy.a(usbd_conf.o)
                0x00000000080030bc                HAL_PCD_DataInStageCallback
 .text.HAL_PCD_SOFCallback
                0x00000000080030d0        0x8 /home/nahomts/Documents/DaisyExamples/libDaisy/build/libdaisy.a(usbd_conf.o)
                0x00000000080030d0                HAL_PCD_SOFCallback
 .text.HAL_PCD_ResetCallback
                0x00000000080030d8       0x24 /home/nahomts/Documents/DaisyExamples/libDaisy/build/libdaisy.a(usbd_conf.o)
                0x00000000080030d8                HAL_PCD_ResetCallback
 .text.HAL_PCD_SuspendCallback
                0x00000000080030fc       0x30 /home/nahomts/Documents/DaisyExamples/libDaisy/build/libdaisy.a(usbd_conf.o)
                0x00000000080030fc                HAL_PCD_SuspendCallback
 .text.HAL_PCD_ResumeCallback
                0x000000000800312c        0x8 /home/nahomts/Documents/DaisyExamples/libDaisy/build/libdaisy.a(usbd_conf.o)
                0x000000000800312c                HAL_PCD_ResumeCallback
 .text.HAL_PCD_ISOOUTIncompleteCallback
                0x0000000008003134        0x8 /home/nahomts/Documents/DaisyExamples/libDaisy/build/libdaisy.a(usbd_conf.o)
                0x0000000008003134                HAL_PCD_ISOOUTIncompleteCallback
 .text.HAL_PCD_ISOINIncompleteCallback
                0x000000000800313c        0x8 /home/nahomts/Documents/DaisyExamples/libDaisy/build/libdaisy.a(usbd_conf.o)
                0x000000000800313c                HAL_PCD_ISOINIncompleteCallback
 .text.HAL_PCD_ConnectCallback
                0x0000000008003144        0x8 /home/nahomts/Documents/DaisyExamples/libDaisy/build/libdaisy.a(usbd_conf.o)
                0x0000000008003144                HAL_PCD_ConnectCallback
 .text.HAL_PCD_DisconnectCallback
                0x000000000800314c        0x8 /home/nahomts/Documents/DaisyExamples/libDaisy/build/libdaisy.a(usbd_conf.o)
                0x000000000800314c                HAL_PCD_DisconnectCallback
 .text.USBD_LL_Init
                0x0000000008003154       0xe4 /home/nahomts/Documents/DaisyExamples/libDaisy/build/libdaisy.a(usbd_conf.o)
                0x0000000008003154                USBD_LL_Init
 .text.USBD_LL_Start
                0x0000000008003238       0x1c /home/nahomts/Documents/DaisyExamples/libDaisy/build/libdaisy.a(usbd_conf.o)
                0x0000000008003238                USBD_LL_Start
 .text.USBD_LL_OpenEP
                0x0000000008003254       0x24 /home/nahomts/Documents/DaisyExamples/libDaisy/build/libdaisy.a(usbd_conf.o)
                0x0000000008003254                USBD_LL_OpenEP
 .text.USBD_LL_CloseEP
                0x0000000008003278       0x1c /home/nahomts/Documents/DaisyExamples/libDaisy/build/libdaisy.a(usbd_conf.o)
                0x0000000008003278                USBD_LL_CloseEP
 .text.USBD_LL_StallEP
                0x0000000008003294       0x1c /home/nahomts/Documents/DaisyExamples/libDaisy/build/libdaisy.a(usbd_conf.o)
                0x0000000008003294                USBD_LL_StallEP
 .text.USBD_LL_ClearStallEP
                0x00000000080032b0       0x1c /home/nahomts/Documents/DaisyExamples/libDaisy/build/libdaisy.a(usbd_conf.o)
                0x00000000080032b0                USBD_LL_ClearStallEP
 .text.USBD_LL_IsStallEP
                0x00000000080032cc       0x28 /home/nahomts/Documents/DaisyExamples/libDaisy/build/libdaisy.a(usbd_conf.o)
                0x00000000080032cc                USBD_LL_IsStallEP
 .text.USBD_LL_SetUSBAddress
                0x00000000080032f4       0x1c /home/nahomts/Documents/DaisyExamples/libDaisy/build/libdaisy.a(usbd_conf.o)
                0x00000000080032f4                USBD_LL_SetUSBAddress
 .text.USBD_LL_Transmit
                0x0000000008003310       0x1c /home/nahomts/Documents/DaisyExamples/libDaisy/build/libdaisy.a(usbd_conf.o)
                0x0000000008003310                USBD_LL_Transmit
 .text.USBD_LL_PrepareReceive
                0x000000000800332c       0x1c /home/nahomts/Documents/DaisyExamples/libDaisy/build/libdaisy.a(usbd_conf.o)
                0x000000000800332c                USBD_LL_PrepareReceive
 .text.USBD_LL_GetRxDataSize
                0x0000000008003348        0x8 /home/nahomts/Documents/DaisyExamples/libDaisy/build/libdaisy.a(usbd_conf.o)
                0x0000000008003348                USBD_LL_GetRxDataSize
 .text.USBD_HS_DeviceDescriptor
                0x0000000008003350        0xc /home/nahomts/Documents/DaisyExamples/libDaisy/build/libdaisy.a(usbd_desc.o)
                0x0000000008003350                USBD_HS_DeviceDescriptor
 .text.USBD_FS_DeviceDescriptor
                0x000000000800335c        0xc /home/nahomts/Documents/DaisyExamples/libDaisy/build/libdaisy.a(usbd_desc.o)
                0x000000000800335c                USBD_FS_DeviceDescriptor
 .text.USBD_FS_LangIDStrDescriptor
                0x0000000008003368        0xc /home/nahomts/Documents/DaisyExamples/libDaisy/build/libdaisy.a(usbd_desc.o)
                0x0000000008003368                USBD_FS_LangIDStrDescriptor
 .text.USBD_FS_ManufacturerStrDescriptor
                0x0000000008003374       0x1c /home/nahomts/Documents/DaisyExamples/libDaisy/build/libdaisy.a(usbd_desc.o)
                0x0000000008003374                USBD_FS_ManufacturerStrDescriptor
 .text.USBD_HS_ProductStrDescriptor
                0x0000000008003390       0x1c /home/nahomts/Documents/DaisyExamples/libDaisy/build/libdaisy.a(usbd_desc.o)
                0x0000000008003390                USBD_HS_ProductStrDescriptor
 .text.USBD_FS_ConfigStrDescriptor
                0x00000000080033ac       0x1c /home/nahomts/Documents/DaisyExamples/libDaisy/build/libdaisy.a(usbd_desc.o)
                0x00000000080033ac                USBD_FS_ConfigStrDescriptor
 .text.USBD_FS_InterfaceStrDescriptor
                0x00000000080033c8       0x1c /home/nahomts/Documents/DaisyExamples/libDaisy/build/libdaisy.a(usbd_desc.o)
                0x00000000080033c8                USBD_FS_InterfaceStrDescriptor
 .text.USBD_FS_ProductStrDescriptor
                0x00000000080033e4       0x1c /home/nahomts/Documents/DaisyExamples/libDaisy/build/libdaisy.a(usbd_desc.o)
                0x00000000080033e4                USBD_FS_ProductStrDescriptor
 .text.USBD_HS_LangIDStrDescriptor
                0x0000000008003400        0xc /home/nahomts/Documents/DaisyExamples/libDaisy/build/libdaisy.a(usbd_desc.o)
                0x0000000008003400                USBD_HS_LangIDStrDescriptor
 .text.USBD_HS_ManufacturerStrDescriptor
                0x000000000800340c       0x1c /home/nahomts/Documents/DaisyExamples/libDaisy/build/libdaisy.a(usbd_desc.o)
                0x000000000800340c                USBD_HS_ManufacturerStrDescriptor
 .text.USBD_FS_SerialStrDescriptor
                0x0000000008003428      0x124 /home/nahomts/Documents/DaisyExamples/libDaisy/build/libdaisy.a(usbd_desc.o)
                0x0000000008003428                USBD_FS_SerialStrDescriptor
 .text.USBD_HS_SerialStrDescriptor
                0x000000000800354c      0x124 /home/nahomts/Documents/DaisyExamples/libDaisy/build/libdaisy.a(usbd_desc.o)
                0x000000000800354c                USBD_HS_SerialStrDescriptor
 .text.USBD_HS_InterfaceStrDescriptor
                0x0000000008003670       0x1c /home/nahomts/Documents/DaisyExamples/libDaisy/build/libdaisy.a(usbd_desc.o)
                0x0000000008003670                USBD_HS_InterfaceStrDescriptor
 .text.USBD_HS_ConfigStrDescriptor
                0x000000000800368c       0x1c /home/nahomts/Documents/DaisyExamples/libDaisy/build/libdaisy.a(usbd_desc.o)
                0x000000000800368c                USBD_HS_ConfigStrDescriptor
 .text.HAL_HCD_SOF_Callback
                0x00000000080036a8        0x8 /home/nahomts/Documents/DaisyExamples/libDaisy/build/libdaisy.a(usbh_conf.o)
                0x00000000080036a8                HAL_HCD_SOF_Callback
 .text.HAL_HCD_Connect_Callback
                0x00000000080036b0        0x8 /home/nahomts/Documents/DaisyExamples/libDaisy/build/libdaisy.a(usbh_conf.o)
                0x00000000080036b0                HAL_HCD_Connect_Callback
 .text.HAL_HCD_Disconnect_Callback
                0x00000000080036b8        0x8 /home/nahomts/Documents/DaisyExamples/libDaisy/build/libdaisy.a(usbh_conf.o)
                0x00000000080036b8                HAL_HCD_Disconnect_Callback
 .text.HAL_HCD_HC_NotifyURBChange_Callback
                0x00000000080036c0        0x4 /home/nahomts/Documents/DaisyExamples/libDaisy/build/libdaisy.a(usbh_conf.o)
                0x00000000080036c0                HAL_HCD_HC_NotifyURBChange_Callback
 .text.HAL_HCD_PortEnabled_Callback
                0x00000000080036c4        0x8 /home/nahomts/Documents/DaisyExamples/libDaisy/build/libdaisy.a(usbh_conf.o)
                0x00000000080036c4                HAL_HCD_PortEnabled_Callback
 .text.HAL_HCD_PortDisabled_Callback
                0x00000000080036cc        0x8 /home/nahomts/Documents/DaisyExamples/libDaisy/build/libdaisy.a(usbh_conf.o)
                0x00000000080036cc                HAL_HCD_PortDisabled_Callback
 .text.USBH_LL_Stop
                0x00000000080036d4       0x1c /home/nahomts/Documents/DaisyExamples/libDaisy/build/libdaisy.a(usbh_conf.o)
                0x00000000080036d4                USBH_LL_Stop
 .text.dsy_hal_map_get_port
                0x00000000080036f0       0x10 /home/nahomts/Documents/DaisyExamples/libDaisy/build/libdaisy.a(hal_map.o)
                0x00000000080036f0                dsy_hal_map_get_port
 .text.dsy_hal_map_get_pin
                0x0000000008003700       0x10 /home/nahomts/Documents/DaisyExamples/libDaisy/build/libdaisy.a(hal_map.o)
                0x0000000008003700                dsy_hal_map_get_pin
 .text.dsy_hal_map_gpio_clk_enable
                0x0000000008003710      0x150 /home/nahomts/Documents/DaisyExamples/libDaisy/build/libdaisy.a(hal_map.o)
                0x0000000008003710                dsy_hal_map_gpio_clk_enable
 .text.HAL_MspInit
                0x0000000008003860        0x4 /home/nahomts/Documents/DaisyExamples/libDaisy/build/libdaisy.a(stm32h7xx_hal.o)
                0x0000000008003860                HAL_MspInit
 .text.HAL_InitTick
                0x0000000008003864       0x4c /home/nahomts/Documents/DaisyExamples/libDaisy/build/libdaisy.a(stm32h7xx_hal.o)
                0x0000000008003864                HAL_InitTick
 .text.HAL_Init
                0x00000000080038b0       0x60 /home/nahomts/Documents/DaisyExamples/libDaisy/build/libdaisy.a(stm32h7xx_hal.o)
                0x00000000080038b0                HAL_Init
 .text.HAL_IncTick
                0x0000000008003910       0x18 /home/nahomts/Documents/DaisyExamples/libDaisy/build/libdaisy.a(stm32h7xx_hal.o)
                0x0000000008003910                HAL_IncTick
 .text.HAL_GetTick
                0x0000000008003928        0xc /home/nahomts/Documents/DaisyExamples/libDaisy/build/libdaisy.a(stm32h7xx_hal.o)
                0x0000000008003928                HAL_GetTick
 .text.HAL_Delay
                0x0000000008003934       0x24 /home/nahomts/Documents/DaisyExamples/libDaisy/build/libdaisy.a(stm32h7xx_hal.o)
                0x0000000008003934                HAL_Delay
 .text.HAL_GetREVID
                0x0000000008003958        0xc /home/nahomts/Documents/DaisyExamples/libDaisy/build/libdaisy.a(stm32h7xx_hal.o)
                0x0000000008003958                HAL_GetREVID
 .text.HAL_NVIC_SetPriorityGrouping
                0x0000000008003964       0x24 /home/nahomts/Documents/DaisyExamples/libDaisy/build/libdaisy.a(stm32h7xx_hal_cortex.o)
                0x0000000008003964                HAL_NVIC_SetPriorityGrouping
 .text.HAL_NVIC_SetPriority
                0x0000000008003988       0x7c /home/nahomts/Documents/DaisyExamples/libDaisy/build/libdaisy.a(stm32h7xx_hal_cortex.o)
                0x0000000008003988                HAL_NVIC_SetPriority
 .text.HAL_NVIC_EnableIRQ
                0x0000000008003a04       0x1c /home/nahomts/Documents/DaisyExamples/libDaisy/build/libdaisy.a(stm32h7xx_hal_cortex.o)
                0x0000000008003a04                HAL_NVIC_EnableIRQ
 .text.HAL_NVIC_DisableIRQ
                0x0000000008003a20       0x28 /home/nahomts/Documents/DaisyExamples/libDaisy/build/libdaisy.a(stm32h7xx_hal_cortex.o)
                0x0000000008003a20                HAL_NVIC_DisableIRQ
 .text.HAL_SYSTICK_Config
                0x0000000008003a48       0x2c /home/nahomts/Documents/DaisyExamples/libDaisy/build/libdaisy.a(stm32h7xx_hal_cortex.o)
                0x0000000008003a48                HAL_SYSTICK_Config
 .text.HAL_MPU_Disable
                0x0000000008003a74       0x1c /home/nahomts/Documents/DaisyExamples/libDaisy/build/libdaisy.a(stm32h7xx_hal_cortex.o)
                0x0000000008003a74                HAL_MPU_Disable
 .text.HAL_MPU_Enable
                0x0000000008003a90       0x20 /home/nahomts/Documents/DaisyExamples/libDaisy/build/libdaisy.a(stm32h7xx_hal_cortex.o)
                0x0000000008003a90                HAL_MPU_Enable
 .text.HAL_MPU_ConfigRegion
                0x0000000008003ab0       0x64 /home/nahomts/Documents/DaisyExamples/libDaisy/build/libdaisy.a(stm32h7xx_hal_cortex.o)
                0x0000000008003ab0                HAL_MPU_ConfigRegion
 .text.HAL_SYSTICK_Callback
                0x0000000008003b14        0x4 /home/nahomts/Documents/DaisyExamples/libDaisy/build/libdaisy.a(stm32h7xx_hal_cortex.o)
                0x0000000008003b14                HAL_SYSTICK_Callback
 .text.HAL_SYSTICK_IRQHandler
                0x0000000008003b18        0x8 /home/nahomts/Documents/DaisyExamples/libDaisy/build/libdaisy.a(stm32h7xx_hal_cortex.o)
                0x0000000008003b18                HAL_SYSTICK_IRQHandler
 .text.DMA_CalcBaseAndBitshift
                0x0000000008003b20       0xf4 /home/nahomts/Documents/DaisyExamples/libDaisy/build/libdaisy.a(stm32h7xx_hal_dma.o)
 .text.DMA_CalcDMAMUXChannelBaseAndMask
                0x0000000008003c14       0xd8 /home/nahomts/Documents/DaisyExamples/libDaisy/build/libdaisy.a(stm32h7xx_hal_dma.o)
 .text.HAL_DMA_Init
                0x0000000008003cec      0x37c /home/nahomts/Documents/DaisyExamples/libDaisy/build/libdaisy.a(stm32h7xx_hal_dma.o)
                0x0000000008003cec                HAL_DMA_Init
 .text.HAL_DMA_Start_IT
                0x0000000008004068      0x240 /home/nahomts/Documents/DaisyExamples/libDaisy/build/libdaisy.a(stm32h7xx_hal_dma.o)
                0x0000000008004068                HAL_DMA_Start_IT
 .text.HAL_DMA_Abort_IT
                0x00000000080042a8      0x134 /home/nahomts/Documents/DaisyExamples/libDaisy/build/libdaisy.a(stm32h7xx_hal_dma.o)
                0x00000000080042a8                HAL_DMA_Abort_IT
 .text.HAL_DMA_IRQHandler
                0x00000000080043dc      0x6a0 /home/nahomts/Documents/DaisyExamples/libDaisy/build/libdaisy.a(stm32h7xx_hal_dma.o)
                0x00000000080043dc                HAL_DMA_IRQHandler
 .text.HAL_DMA_GetError
                0x0000000008004a7c        0x4 /home/nahomts/Documents/DaisyExamples/libDaisy/build/libdaisy.a(stm32h7xx_hal_dma.o)
                0x0000000008004a7c                HAL_DMA_GetError
 .text.HAL_GPIO_Init
                0x0000000008004a80      0x280 /home/nahomts/Documents/DaisyExamples/libDaisy/build/libdaisy.a(stm32h7xx_hal_gpio.o)
                0x0000000008004a80                HAL_GPIO_Init
 .text.HAL_GPIO_DeInit
                0x0000000008004d00      0x190 /home/nahomts/Documents/DaisyExamples/libDaisy/build/libdaisy.a(stm32h7xx_hal_gpio.o)
                0x0000000008004d00                HAL_GPIO_DeInit
 .text.HAL_GPIO_ReadPin
                0x0000000008004e90        0xc /home/nahomts/Documents/DaisyExamples/libDaisy/build/libdaisy.a(stm32h7xx_hal_gpio.o)
                0x0000000008004e90                HAL_GPIO_ReadPin
 .text.HAL_GPIO_WritePin
                0x0000000008004e9c        0x8 /home/nahomts/Documents/DaisyExamples/libDaisy/build/libdaisy.a(stm32h7xx_hal_gpio.o)
                0x0000000008004e9c                HAL_GPIO_WritePin
 .text.HAL_HCD_IRQHandler
                0x0000000008004ea4      0x780 /home/nahomts/Documents/DaisyExamples/libDaisy/build/libdaisy.a(stm32h7xx_hal_hcd.o)
                0x0000000008004ea4                HAL_HCD_IRQHandler
 .text.HAL_HCD_Stop
                0x0000000008005624       0x28 /home/nahomts/Documents/DaisyExamples/libDaisy/build/libdaisy.a(stm32h7xx_hal_hcd.o)
                0x0000000008005624                HAL_HCD_Stop
 .text.I2C_WaitOnRXNEFlagUntilTimeout
                0x000000000800564c      0x100 /home/nahomts/Documents/DaisyExamples/libDaisy/build/libdaisy.a(stm32h7xx_hal_i2c.o)
 .text.I2C_WaitOnTXISFlagUntilTimeout
                0x000000000800574c       0xb8 /home/nahomts/Documents/DaisyExamples/libDaisy/build/libdaisy.a(stm32h7xx_hal_i2c.o)
 .text.I2C_WaitOnSTOPFlagUntilTimeout
                0x0000000008005804       0xac /home/nahomts/Documents/DaisyExamples/libDaisy/build/libdaisy.a(stm32h7xx_hal_i2c.o)
 .text.HAL_I2C_Init
                0x00000000080058b0       0xac /home/nahomts/Documents/DaisyExamples/libDaisy/build/libdaisy.a(stm32h7xx_hal_i2c.o)
                0x00000000080058b0                HAL_I2C_Init
 .text.HAL_I2C_Master_Transmit
                0x000000000800595c      0x1a8 /home/nahomts/Documents/DaisyExamples/libDaisy/build/libdaisy.a(stm32h7xx_hal_i2c.o)
                0x000000000800595c                HAL_I2C_Master_Transmit
 .text.HAL_I2C_Master_Receive
                0x0000000008005b04      0x1ac /home/nahomts/Documents/DaisyExamples/libDaisy/build/libdaisy.a(stm32h7xx_hal_i2c.o)
                0x0000000008005b04                HAL_I2C_Master_Receive
 .text.HAL_I2C_Slave_Transmit
                0x0000000008005cb0      0x1c8 /home/nahomts/Documents/DaisyExamples/libDaisy/build/libdaisy.a(stm32h7xx_hal_i2c.o)
                0x0000000008005cb0                HAL_I2C_Slave_Transmit
 .text.HAL_I2C_Slave_Receive
                0x0000000008005e78      0x1a4 /home/nahomts/Documents/DaisyExamples/libDaisy/build/libdaisy.a(stm32h7xx_hal_i2c.o)
                0x0000000008005e78                HAL_I2C_Slave_Receive
 .text.HAL_I2C_EV_IRQHandler
                0x000000000800601c       0x10 /home/nahomts/Documents/DaisyExamples/libDaisy/build/libdaisy.a(stm32h7xx_hal_i2c.o)
                0x000000000800601c                HAL_I2C_EV_IRQHandler
 .text.HAL_I2C_GetState
                0x000000000800602c        0x8 /home/nahomts/Documents/DaisyExamples/libDaisy/build/libdaisy.a(stm32h7xx_hal_i2c.o)
                0x000000000800602c                HAL_I2C_GetState
 .text.HAL_I2CEx_ConfigAnalogFilter
                0x0000000008006034       0x54 /home/nahomts/Documents/DaisyExamples/libDaisy/build/libdaisy.a(stm32h7xx_hal_i2c_ex.o)
                0x0000000008006034                HAL_I2CEx_ConfigAnalogFilter
 .text.HAL_I2CEx_ConfigDigitalFilter
                0x0000000008006088       0x58 /home/nahomts/Documents/DaisyExamples/libDaisy/build/libdaisy.a(stm32h7xx_hal_i2c_ex.o)
                0x0000000008006088                HAL_I2CEx_ConfigDigitalFilter
 .text.HAL_PCD_Init
                0x00000000080060e0      0x12c /home/nahomts/Documents/DaisyExamples/libDaisy/build/libdaisy.a(stm32h7xx_hal_pcd.o)
                0x00000000080060e0                HAL_PCD_Init
 .text.HAL_PCD_Start
                0x000000000800620c       0x44 /home/nahomts/Documents/DaisyExamples/libDaisy/build/libdaisy.a(stm32h7xx_hal_pcd.o)
                0x000000000800620c                HAL_PCD_Start
 .text.HAL_PCD_IRQHandler
                0x0000000008006250      0x69c /home/nahomts/Documents/DaisyExamples/libDaisy/build/libdaisy.a(stm32h7xx_hal_pcd.o)
                0x0000000008006250                HAL_PCD_IRQHandler
 .text.HAL_PCD_SetAddress
                0x00000000080068ec       0x2c /home/nahomts/Documents/DaisyExamples/libDaisy/build/libdaisy.a(stm32h7xx_hal_pcd.o)
                0x00000000080068ec                HAL_PCD_SetAddress
 .text.HAL_PCD_EP_Open
                0x0000000008006918       0x7c /home/nahomts/Documents/DaisyExamples/libDaisy/build/libdaisy.a(stm32h7xx_hal_pcd.o)
                0x0000000008006918                HAL_PCD_EP_Open
 .text.HAL_PCD_EP_Close
                0x0000000008006994       0x6c /home/nahomts/Documents/DaisyExamples/libDaisy/build/libdaisy.a(stm32h7xx_hal_pcd.o)
                0x0000000008006994                HAL_PCD_EP_Close
 .text.HAL_PCD_EP_Receive
                0x0000000008006a00       0x50 /home/nahomts/Documents/DaisyExamples/libDaisy/build/libdaisy.a(stm32h7xx_hal_pcd.o)
                0x0000000008006a00                HAL_PCD_EP_Receive
 .text.HAL_PCD_EP_GetRxCount
                0x0000000008006a50       0x14 /home/nahomts/Documents/DaisyExamples/libDaisy/build/libdaisy.a(stm32h7xx_hal_pcd.o)
                0x0000000008006a50                HAL_PCD_EP_GetRxCount
 .text.HAL_PCD_EP_Transmit
                0x0000000008006a64       0x50 /home/nahomts/Documents/DaisyExamples/libDaisy/build/libdaisy.a(stm32h7xx_hal_pcd.o)
                0x0000000008006a64                HAL_PCD_EP_Transmit
 .text.HAL_PCD_EP_SetStall
                0x0000000008006ab4       0x88 /home/nahomts/Documents/DaisyExamples/libDaisy/build/libdaisy.a(stm32h7xx_hal_pcd.o)
                0x0000000008006ab4                HAL_PCD_EP_SetStall
 .text.HAL_PCD_EP_ClrStall
                0x0000000008006b3c       0x78 /home/nahomts/Documents/DaisyExamples/libDaisy/build/libdaisy.a(stm32h7xx_hal_pcd.o)
                0x0000000008006b3c                HAL_PCD_EP_ClrStall
 .text.HAL_PCDEx_SetTxFiFo
                0x0000000008006bb4       0x54 /home/nahomts/Documents/DaisyExamples/libDaisy/build/libdaisy.a(stm32h7xx_hal_pcd_ex.o)
                0x0000000008006bb4                HAL_PCDEx_SetTxFiFo
 .text.HAL_PCDEx_SetRxFiFo
                0x0000000008006c08        0xc /home/nahomts/Documents/DaisyExamples/libDaisy/build/libdaisy.a(stm32h7xx_hal_pcd_ex.o)
                0x0000000008006c08                HAL_PCDEx_SetRxFiFo
 .text.HAL_PCDEx_ActivateLPM
                0x0000000008006c14       0x30 /home/nahomts/Documents/DaisyExamples/libDaisy/build/libdaisy.a(stm32h7xx_hal_pcd_ex.o)
                0x0000000008006c14                HAL_PCDEx_ActivateLPM
 .text.HAL_PCDEx_LPM_Callback
                0x0000000008006c44        0x4 /home/nahomts/Documents/DaisyExamples/libDaisy/build/libdaisy.a(stm32h7xx_hal_pcd_ex.o)
                0x0000000008006c44                HAL_PCDEx_LPM_Callback
 .text.HAL_PWREx_ConfigSupply
                0x0000000008006c48       0x4c /home/nahomts/Documents/DaisyExamples/libDaisy/build/libdaisy.a(stm32h7xx_hal_pwr_ex.o)
                0x0000000008006c48                HAL_PWREx_ConfigSupply
 .text.HAL_PWREx_EnableUSBVoltageDetector
                0x0000000008006c94       0x10 /home/nahomts/Documents/DaisyExamples/libDaisy/build/libdaisy.a(stm32h7xx_hal_pwr_ex.o)
                0x0000000008006c94                HAL_PWREx_EnableUSBVoltageDetector
 .text.QSPI_Config
                0x0000000008006ca4      0x174 /home/nahomts/Documents/DaisyExamples/libDaisy/build/libdaisy.a(stm32h7xx_hal_qspi.o)
 .text.HAL_QSPI_Init
                0x0000000008006e18       0xd8 /home/nahomts/Documents/DaisyExamples/libDaisy/build/libdaisy.a(stm32h7xx_hal_qspi.o)
                0x0000000008006e18                HAL_QSPI_Init
 .text.HAL_QSPI_DeInit
                0x0000000008006ef0       0x3c /home/nahomts/Documents/DaisyExamples/libDaisy/build/libdaisy.a(stm32h7xx_hal_qspi.o)
                0x0000000008006ef0                HAL_QSPI_DeInit
 .text.HAL_QSPI_Command
                0x0000000008006f2c       0xd4 /home/nahomts/Documents/DaisyExamples/libDaisy/build/libdaisy.a(stm32h7xx_hal_qspi.o)
                0x0000000008006f2c                HAL_QSPI_Command
 .text.HAL_QSPI_Transmit
                0x0000000008007000       0xfc /home/nahomts/Documents/DaisyExamples/libDaisy/build/libdaisy.a(stm32h7xx_hal_qspi.o)
                0x0000000008007000                HAL_QSPI_Transmit
 .text.HAL_QSPI_Receive
                0x00000000080070fc      0x108 /home/nahomts/Documents/DaisyExamples/libDaisy/build/libdaisy.a(stm32h7xx_hal_qspi.o)
                0x00000000080070fc                HAL_QSPI_Receive
 .text.HAL_QSPI_AutoPolling
                0x0000000008007204       0xf0 /home/nahomts/Documents/DaisyExamples/libDaisy/build/libdaisy.a(stm32h7xx_hal_qspi.o)
                0x0000000008007204                HAL_QSPI_AutoPolling
 .text.HAL_QSPI_MemoryMapped
                0x00000000080072f4       0xc0 /home/nahomts/Documents/DaisyExamples/libDaisy/build/libdaisy.a(stm32h7xx_hal_qspi.o)
                0x00000000080072f4                HAL_QSPI_MemoryMapped
 .text.HAL_QSPI_ErrorCallback
                0x00000000080073b4        0x4 /home/nahomts/Documents/DaisyExamples/libDaisy/build/libdaisy.a(stm32h7xx_hal_qspi.o)
                0x00000000080073b4                HAL_QSPI_ErrorCallback
 .text.QSPI_DMAAbortCplt
                0x00000000080073b8       0x38 /home/nahomts/Documents/DaisyExamples/libDaisy/build/libdaisy.a(stm32h7xx_hal_qspi.o)
 .text.HAL_QSPI_AbortCpltCallback
                0x00000000080073f0        0x4 /home/nahomts/Documents/DaisyExamples/libDaisy/build/libdaisy.a(stm32h7xx_hal_qspi.o)
                0x00000000080073f0                HAL_QSPI_AbortCpltCallback
 .text.HAL_QSPI_CmdCpltCallback
                0x00000000080073f4        0x4 /home/nahomts/Documents/DaisyExamples/libDaisy/build/libdaisy.a(stm32h7xx_hal_qspi.o)
                0x00000000080073f4                HAL_QSPI_CmdCpltCallback
 .text.HAL_QSPI_RxCpltCallback
                0x00000000080073f8        0x4 /home/nahomts/Documents/DaisyExamples/libDaisy/build/libdaisy.a(stm32h7xx_hal_qspi.o)
                0x00000000080073f8                HAL_QSPI_RxCpltCallback
 .text.HAL_QSPI_TxCpltCallback
                0x00000000080073fc        0x4 /home/nahomts/Documents/DaisyExamples/libDaisy/build/libdaisy.a(stm32h7xx_hal_qspi.o)
                0x00000000080073fc                HAL_QSPI_TxCpltCallback
 .text.HAL_QSPI_FifoThresholdCallback
                0x0000000008007400        0x4 /home/nahomts/Documents/DaisyExamples/libDaisy/build/libdaisy.a(stm32h7xx_hal_qspi.o)
                0x0000000008007400                HAL_QSPI_FifoThresholdCallback
 .text.HAL_QSPI_StatusMatchCallback
                0x0000000008007404        0x4 /home/nahomts/Documents/DaisyExamples/libDaisy/build/libdaisy.a(stm32h7xx_hal_qspi.o)
                0x0000000008007404                HAL_QSPI_StatusMatchCallback
 .text.HAL_QSPI_TimeOutCallback
                0x0000000008007408        0x4 /home/nahomts/Documents/DaisyExamples/libDaisy/build/libdaisy.a(stm32h7xx_hal_qspi.o)
                0x0000000008007408                HAL_QSPI_TimeOutCallback
 .text.HAL_QSPI_IRQHandler
                0x000000000800740c      0x210 /home/nahomts/Documents/DaisyExamples/libDaisy/build/libdaisy.a(stm32h7xx_hal_qspi.o)
                0x000000000800740c                HAL_QSPI_IRQHandler
 .text.HAL_RCC_OscConfig
                0x000000000800761c      0x51c /home/nahomts/Documents/DaisyExamples/libDaisy/build/libdaisy.a(stm32h7xx_hal_rcc.o)
                0x000000000800761c                HAL_RCC_OscConfig
 .text.HAL_RCC_GetSysClockFreq
                0x0000000008007b38      0x140 /home/nahomts/Documents/DaisyExamples/libDaisy/build/libdaisy.a(stm32h7xx_hal_rcc.o)
                0x0000000008007b38                HAL_RCC_GetSysClockFreq
 .text.HAL_RCC_ClockConfig
                0x0000000008007c78      0x234 /home/nahomts/Documents/DaisyExamples/libDaisy/build/libdaisy.a(stm32h7xx_hal_rcc.o)
                0x0000000008007c78                HAL_RCC_ClockConfig
 .text.HAL_RCC_GetHCLKFreq
                0x0000000008007eac       0x2c /home/nahomts/Documents/DaisyExamples/libDaisy/build/libdaisy.a(stm32h7xx_hal_rcc.o)
                0x0000000008007eac                HAL_RCC_GetHCLKFreq
 .text.HAL_RCC_GetPCLK1Freq
                0x0000000008007ed8       0x38 /home/nahomts/Documents/DaisyExamples/libDaisy/build/libdaisy.a(stm32h7xx_hal_rcc.o)
                0x0000000008007ed8                HAL_RCC_GetPCLK1Freq
 .text.HAL_RCC_GetPCLK2Freq
                0x0000000008007f10       0x38 /home/nahomts/Documents/DaisyExamples/libDaisy/build/libdaisy.a(stm32h7xx_hal_rcc.o)
                0x0000000008007f10                HAL_RCC_GetPCLK2Freq
 .text.RCCEx_PLL2_Config
                0x0000000008007f48       0xf4 /home/nahomts/Documents/DaisyExamples/libDaisy/build/libdaisy.a(stm32h7xx_hal_rcc_ex.o)
 .text.RCCEx_PLL3_Config
                0x000000000800803c       0xf4 /home/nahomts/Documents/DaisyExamples/libDaisy/build/libdaisy.a(stm32h7xx_hal_rcc_ex.o)
 .text.HAL_RCCEx_PeriphCLKConfig
                0x0000000008008130      0xa7c /home/nahomts/Documents/DaisyExamples/libDaisy/build/libdaisy.a(stm32h7xx_hal_rcc_ex.o)
                0x0000000008008130                HAL_RCCEx_PeriphCLKConfig
 .text.HAL_RCCEx_GetD3PCLK1Freq
                0x0000000008008bac       0x24 /home/nahomts/Documents/DaisyExamples/libDaisy/build/libdaisy.a(stm32h7xx_hal_rcc_ex.o)
                0x0000000008008bac                HAL_RCCEx_GetD3PCLK1Freq
 .text.HAL_RCCEx_GetPLL2ClockFreq
                0x0000000008008bd0      0x17c /home/nahomts/Documents/DaisyExamples/libDaisy/build/libdaisy.a(stm32h7xx_hal_rcc_ex.o)
                0x0000000008008bd0                HAL_RCCEx_GetPLL2ClockFreq
 .text.HAL_RCCEx_GetPLL3ClockFreq
                0x0000000008008d4c      0x17c /home/nahomts/Documents/DaisyExamples/libDaisy/build/libdaisy.a(stm32h7xx_hal_rcc_ex.o)
                0x0000000008008d4c                HAL_RCCEx_GetPLL3ClockFreq
 .text.HAL_RCCEx_GetPLL1ClockFreq
                0x0000000008008ec8      0x17c /home/nahomts/Documents/DaisyExamples/libDaisy/build/libdaisy.a(stm32h7xx_hal_rcc_ex.o)
                0x0000000008008ec8                HAL_RCCEx_GetPLL1ClockFreq
 .text.HAL_RCCEx_GetPeriphCLKFreq
                0x0000000008009044      0x198 /home/nahomts/Documents/DaisyExamples/libDaisy/build/libdaisy.a(stm32h7xx_hal_rcc_ex.o)
                0x0000000008009044                HAL_RCCEx_GetPeriphCLKFreq
 .text.HAL_RCCEx_GetD1SysClockFreq
                0x00000000080091dc       0x2c /home/nahomts/Documents/DaisyExamples/libDaisy/build/libdaisy.a(stm32h7xx_hal_rcc_ex.o)
                0x00000000080091dc                HAL_RCCEx_GetD1SysClockFreq
 .text.HAL_SAI_Init.part.0
                0x0000000008009208      0x348 /home/nahomts/Documents/DaisyExamples/libDaisy/build/libdaisy.a(stm32h7xx_hal_sai.o)
 .text.HAL_SAI_InitProtocol
                0x0000000008009550      0x178 /home/nahomts/Documents/DaisyExamples/libDaisy/build/libdaisy.a(stm32h7xx_hal_sai.o)
                0x0000000008009550                HAL_SAI_InitProtocol
 .text.HAL_SDRAM_Init
                0x00000000080096c8       0x54 /home/nahomts/Documents/DaisyExamples/libDaisy/build/libdaisy.a(stm32h7xx_hal_sdram.o)
                0x00000000080096c8                HAL_SDRAM_Init
 .text.HAL_SDRAM_SendCommand
                0x000000000800971c       0x40 /home/nahomts/Documents/DaisyExamples/libDaisy/build/libdaisy.a(stm32h7xx_hal_sdram.o)
                0x000000000800971c                HAL_SDRAM_SendCommand
 .text.HAL_SDRAM_ProgramRefreshRate
                0x000000000800975c       0x30 /home/nahomts/Documents/DaisyExamples/libDaisy/build/libdaisy.a(stm32h7xx_hal_sdram.o)
                0x000000000800975c                HAL_SDRAM_ProgramRefreshRate
 .text.FMC_SDRAM_Init
                0x000000000800978c       0x7c /home/nahomts/Documents/DaisyExamples/libDaisy/build/libdaisy.a(stm32h7xx_ll_fmc.o)
                0x000000000800978c                FMC_SDRAM_Init
 .text.FMC_SDRAM_Timing_Init
                0x0000000008009808       0x98 /home/nahomts/Documents/DaisyExamples/libDaisy/build/libdaisy.a(stm32h7xx_ll_fmc.o)
                0x0000000008009808                FMC_SDRAM_Timing_Init
 .text.FMC_SDRAM_SendCommand
                0x00000000080098a0       0x28 /home/nahomts/Documents/DaisyExamples/libDaisy/build/libdaisy.a(stm32h7xx_ll_fmc.o)
                0x00000000080098a0                FMC_SDRAM_SendCommand
 .text.FMC_SDRAM_ProgramRefreshRate
                0x00000000080098c8       0x1c /home/nahomts/Documents/DaisyExamples/libDaisy/build/libdaisy.a(stm32h7xx_ll_fmc.o)
                0x00000000080098c8                FMC_SDRAM_ProgramRefreshRate
 .text.USB_CoreInit
                0x00000000080098e4      0x124 /home/nahomts/Documents/DaisyExamples/libDaisy/build/libdaisy.a(stm32h7xx_ll_usb.o)
                0x00000000080098e4                USB_CoreInit
 .text.USB_SetTurnaroundTime
                0x0000000008009a08      0x104 /home/nahomts/Documents/DaisyExamples/libDaisy/build/libdaisy.a(stm32h7xx_ll_usb.o)
                0x0000000008009a08                USB_SetTurnaroundTime
 .text.USB_EnableGlobalInt
                0x0000000008009b0c       0x10 /home/nahomts/Documents/DaisyExamples/libDaisy/build/libdaisy.a(stm32h7xx_ll_usb.o)
                0x0000000008009b0c                USB_EnableGlobalInt
 .text.USB_DisableGlobalInt
                0x0000000008009b1c       0x10 /home/nahomts/Documents/DaisyExamples/libDaisy/build/libdaisy.a(stm32h7xx_ll_usb.o)
                0x0000000008009b1c                USB_DisableGlobalInt
 .text.USB_SetCurrentMode
                0x0000000008009b2c       0x30 /home/nahomts/Documents/DaisyExamples/libDaisy/build/libdaisy.a(stm32h7xx_ll_usb.o)
                0x0000000008009b2c                USB_SetCurrentMode
 .text.USB_DevInit
                0x0000000008009b5c      0x20c /home/nahomts/Documents/DaisyExamples/libDaisy/build/libdaisy.a(stm32h7xx_ll_usb.o)
                0x0000000008009b5c                USB_DevInit
 .text.USB_FlushTxFifo
                0x0000000008009d68       0x34 /home/nahomts/Documents/DaisyExamples/libDaisy/build/libdaisy.a(stm32h7xx_ll_usb.o)
                0x0000000008009d68                USB_FlushTxFifo
 .text.USB_GetDevSpeed
                0x0000000008009d9c       0x24 /home/nahomts/Documents/DaisyExamples/libDaisy/build/libdaisy.a(stm32h7xx_ll_usb.o)
                0x0000000008009d9c                USB_GetDevSpeed
 .text.USB_ActivateEndpoint
                0x0000000008009dc0       0x90 /home/nahomts/Documents/DaisyExamples/libDaisy/build/libdaisy.a(stm32h7xx_ll_usb.o)
                0x0000000008009dc0                USB_ActivateEndpoint
 .text.USB_DeactivateEndpoint
                0x0000000008009e50       0x84 /home/nahomts/Documents/DaisyExamples/libDaisy/build/libdaisy.a(stm32h7xx_ll_usb.o)
                0x0000000008009e50                USB_DeactivateEndpoint
 .text.USB_EPStartXfer
                0x0000000008009ed4      0x230 /home/nahomts/Documents/DaisyExamples/libDaisy/build/libdaisy.a(stm32h7xx_ll_usb.o)
                0x0000000008009ed4                USB_EPStartXfer
 .text.USB_EP0StartXfer
                0x000000000800a104      0x174 /home/nahomts/Documents/DaisyExamples/libDaisy/build/libdaisy.a(stm32h7xx_ll_usb.o)
                0x000000000800a104                USB_EP0StartXfer
 .text.USB_WritePacket
                0x000000000800a278       0x2c /home/nahomts/Documents/DaisyExamples/libDaisy/build/libdaisy.a(stm32h7xx_ll_usb.o)
                0x000000000800a278                USB_WritePacket
 .text.USB_ReadPacket
                0x000000000800a2a4       0x20 /home/nahomts/Documents/DaisyExamples/libDaisy/build/libdaisy.a(stm32h7xx_ll_usb.o)
                0x000000000800a2a4                USB_ReadPacket
 .text.USB_EPSetStall
                0x000000000800a2c4       0x68 /home/nahomts/Documents/DaisyExamples/libDaisy/build/libdaisy.a(stm32h7xx_ll_usb.o)
                0x000000000800a2c4                USB_EPSetStall
 .text.USB_EPClearStall
                0x000000000800a32c       0x58 /home/nahomts/Documents/DaisyExamples/libDaisy/build/libdaisy.a(stm32h7xx_ll_usb.o)
                0x000000000800a32c                USB_EPClearStall
 .text.USB_SetDevAddress
                0x000000000800a384       0x24 /home/nahomts/Documents/DaisyExamples/libDaisy/build/libdaisy.a(stm32h7xx_ll_usb.o)
                0x000000000800a384                USB_SetDevAddress
 .text.USB_DevConnect
                0x000000000800a3a8       0x1c /home/nahomts/Documents/DaisyExamples/libDaisy/build/libdaisy.a(stm32h7xx_ll_usb.o)
                0x000000000800a3a8                USB_DevConnect
 .text.USB_DevDisconnect
                0x000000000800a3c4       0x1c /home/nahomts/Documents/DaisyExamples/libDaisy/build/libdaisy.a(stm32h7xx_ll_usb.o)
                0x000000000800a3c4                USB_DevDisconnect
 .text.USB_ReadInterrupts
                0x000000000800a3e0       0x14 /home/nahomts/Documents/DaisyExamples/libDaisy/build/libdaisy.a(stm32h7xx_ll_usb.o)
                0x000000000800a3e0                USB_ReadInterrupts
 .text.USB_ReadDevAllOutEpInterrupt
                0x000000000800a3f4       0x1c /home/nahomts/Documents/DaisyExamples/libDaisy/build/libdaisy.a(stm32h7xx_ll_usb.o)
                0x000000000800a3f4                USB_ReadDevAllOutEpInterrupt
 .text.USB_ReadDevAllInEpInterrupt
                0x000000000800a410       0x1c /home/nahomts/Documents/DaisyExamples/libDaisy/build/libdaisy.a(stm32h7xx_ll_usb.o)
                0x000000000800a410                USB_ReadDevAllInEpInterrupt
 .text.USB_ReadDevOutEPInterrupt
                0x000000000800a42c       0x1c /home/nahomts/Documents/DaisyExamples/libDaisy/build/libdaisy.a(stm32h7xx_ll_usb.o)
                0x000000000800a42c                USB_ReadDevOutEPInterrupt
 .text.USB_ReadDevInEPInterrupt
                0x000000000800a448       0x38 /home/nahomts/Documents/DaisyExamples/libDaisy/build/libdaisy.a(stm32h7xx_ll_usb.o)
                0x000000000800a448                USB_ReadDevInEPInterrupt
 .text.USB_GetMode
                0x000000000800a480        0x8 /home/nahomts/Documents/DaisyExamples/libDaisy/build/libdaisy.a(stm32h7xx_ll_usb.o)
                0x000000000800a480                USB_GetMode
 .text.USB_ActivateSetup
                0x000000000800a488       0x38 /home/nahomts/Documents/DaisyExamples/libDaisy/build/libdaisy.a(stm32h7xx_ll_usb.o)
                0x000000000800a488                USB_ActivateSetup
 .text.USB_EP0_OutStart
                0x000000000800a4c0       0x58 /home/nahomts/Documents/DaisyExamples/libDaisy/build/libdaisy.a(stm32h7xx_ll_usb.o)
                0x000000000800a4c0                USB_EP0_OutStart
 .text.USB_InitFSLSPClkSel
                0x000000000800a518       0x44 /home/nahomts/Documents/DaisyExamples/libDaisy/build/libdaisy.a(stm32h7xx_ll_usb.o)
                0x000000000800a518                USB_InitFSLSPClkSel
 .text.USB_HC_ReadInterrupt
                0x000000000800a55c        0x8 /home/nahomts/Documents/DaisyExamples/libDaisy/build/libdaisy.a(stm32h7xx_ll_usb.o)
                0x000000000800a55c                USB_HC_ReadInterrupt
 .text.USB_HC_Halt
                0x000000000800a564       0xc0 /home/nahomts/Documents/DaisyExamples/libDaisy/build/libdaisy.a(stm32h7xx_ll_usb.o)
                0x000000000800a564                USB_HC_Halt
 .text.USB_StopHost
                0x000000000800a624      0x2ec /home/nahomts/Documents/DaisyExamples/libDaisy/build/libdaisy.a(stm32h7xx_ll_usb.o)
                0x000000000800a624                USB_StopHost
 .text.USBD_CDC_EP0_RxReady
                0x000000000800a910       0x2c /home/nahomts/Documents/DaisyExamples/libDaisy/build/libdaisy.a(usbd_cdc.o)
 .text.USBD_CDC_GetFSCfgDesc
                0x000000000800a93c       0x24 /home/nahomts/Documents/DaisyExamples/libDaisy/build/libdaisy.a(usbd_cdc.o)
 .text.USBD_CDC_GetHSCfgDesc
                0x000000000800a960       0x24 /home/nahomts/Documents/DaisyExamples/libDaisy/build/libdaisy.a(usbd_cdc.o)
 .text.USBD_CDC_GetOtherSpeedCfgDesc
                0x000000000800a984       0x24 /home/nahomts/Documents/DaisyExamples/libDaisy/build/libdaisy.a(usbd_cdc.o)
 .text.USBD_CDC_GetDeviceQualifierDescriptor
                0x000000000800a9a8       0x10 /home/nahomts/Documents/DaisyExamples/libDaisy/build/libdaisy.a(usbd_cdc.o)
                0x000000000800a9a8                USBD_CDC_GetDeviceQualifierDescriptor
 .text.USBD_CDC_DataOut
                0x000000000800a9b8       0x30 /home/nahomts/Documents/DaisyExamples/libDaisy/build/libdaisy.a(usbd_cdc.o)
 .text.USBD_CDC_DataIn
                0x000000000800a9e8       0x50 /home/nahomts/Documents/DaisyExamples/libDaisy/build/libdaisy.a(usbd_cdc.o)
 .text.USBD_CDC_Setup
                0x000000000800aa38       0xcc /home/nahomts/Documents/DaisyExamples/libDaisy/build/libdaisy.a(usbd_cdc.o)
 .text.USBD_CDC_DeInit
                0x000000000800ab04       0x44 /home/nahomts/Documents/DaisyExamples/libDaisy/build/libdaisy.a(usbd_cdc.o)
 .text.USBD_CDC_Init
                0x000000000800ab48       0x94 /home/nahomts/Documents/DaisyExamples/libDaisy/build/libdaisy.a(usbd_cdc.o)
 .text.USBD_CDC_RegisterInterface
                0x000000000800abdc       0x10 /home/nahomts/Documents/DaisyExamples/libDaisy/build/libdaisy.a(usbd_cdc.o)
                0x000000000800abdc                USBD_CDC_RegisterInterface
 .text.USBD_CDC_SetTxBuffer
                0x000000000800abec       0x14 /home/nahomts/Documents/DaisyExamples/libDaisy/build/libdaisy.a(usbd_cdc.o)
                0x000000000800abec                USBD_CDC_SetTxBuffer
 .text.USBD_CDC_SetRxBuffer
                0x000000000800ac00       0x10 /home/nahomts/Documents/DaisyExamples/libDaisy/build/libdaisy.a(usbd_cdc.o)
                0x000000000800ac00                USBD_CDC_SetRxBuffer
 .text.USBD_CDC_TransmitPacket
                0x000000000800ac10       0x34 /home/nahomts/Documents/DaisyExamples/libDaisy/build/libdaisy.a(usbd_cdc.o)
                0x000000000800ac10                USBD_CDC_TransmitPacket
 .text.USBD_CDC_ReceivePacket
                0x000000000800ac44       0x38 /home/nahomts/Documents/DaisyExamples/libDaisy/build/libdaisy.a(usbd_cdc.o)
                0x000000000800ac44                USBD_CDC_ReceivePacket
 .text.USBD_Init
                0x000000000800ac7c       0x44 /home/nahomts/Documents/DaisyExamples/libDaisy/build/libdaisy.a(usbd_core.o)
                0x000000000800ac7c                USBD_Init
 .text.USBD_RegisterClass
                0x000000000800acc0       0x2c /home/nahomts/Documents/DaisyExamples/libDaisy/build/libdaisy.a(usbd_core.o)
                0x000000000800acc0                USBD_RegisterClass
 .text.USBD_Start
                0x000000000800acec        0xc /home/nahomts/Documents/DaisyExamples/libDaisy/build/libdaisy.a(usbd_core.o)
                0x000000000800acec                USBD_Start
 .text.USBD_SetClassConfig
                0x000000000800acf8       0x14 /home/nahomts/Documents/DaisyExamples/libDaisy/build/libdaisy.a(usbd_core.o)
                0x000000000800acf8                USBD_SetClassConfig
 .text.USBD_ClrClassConfig
                0x000000000800ad0c       0x10 /home/nahomts/Documents/DaisyExamples/libDaisy/build/libdaisy.a(usbd_core.o)
                0x000000000800ad0c                USBD_ClrClassConfig
 .text.USBD_LL_SetupStage
                0x000000000800ad1c       0x5c /home/nahomts/Documents/DaisyExamples/libDaisy/build/libdaisy.a(usbd_core.o)
                0x000000000800ad1c                USBD_LL_SetupStage
 .text.USBD_LL_DataOutStage
                0x000000000800ad78       0x7c /home/nahomts/Documents/DaisyExamples/libDaisy/build/libdaisy.a(usbd_core.o)
                0x000000000800ad78                USBD_LL_DataOutStage
 .text.USBD_LL_DataInStage
                0x000000000800adf4       0xcc /home/nahomts/Documents/DaisyExamples/libDaisy/build/libdaisy.a(usbd_core.o)
                0x000000000800adf4                USBD_LL_DataInStage
 .text.USBD_LL_Reset
                0x000000000800aec0       0x50 /home/nahomts/Documents/DaisyExamples/libDaisy/build/libdaisy.a(usbd_core.o)
                0x000000000800aec0                USBD_LL_Reset
 .text.USBD_LL_SetSpeed
                0x000000000800af10        0x8 /home/nahomts/Documents/DaisyExamples/libDaisy/build/libdaisy.a(usbd_core.o)
                0x000000000800af10                USBD_LL_SetSpeed
 .text.USBD_LL_Suspend
                0x000000000800af18       0x14 /home/nahomts/Documents/DaisyExamples/libDaisy/build/libdaisy.a(usbd_core.o)
                0x000000000800af18                USBD_LL_Suspend
 .text.USBD_LL_Resume
                0x000000000800af2c       0x10 /home/nahomts/Documents/DaisyExamples/libDaisy/build/libdaisy.a(usbd_core.o)
                0x000000000800af2c                USBD_LL_Resume
 .text.USBD_LL_SOF
                0x000000000800af3c       0x1c /home/nahomts/Documents/DaisyExamples/libDaisy/build/libdaisy.a(usbd_core.o)
                0x000000000800af3c                USBD_LL_SOF
 .text.USBD_LL_IsoINIncomplete
                0x000000000800af58        0x4 /home/nahomts/Documents/DaisyExamples/libDaisy/build/libdaisy.a(usbd_core.o)
                0x000000000800af58                USBD_LL_IsoINIncomplete
 .text.USBD_LL_IsoOUTIncomplete
                0x000000000800af5c        0x4 /home/nahomts/Documents/DaisyExamples/libDaisy/build/libdaisy.a(usbd_core.o)
                0x000000000800af5c                USBD_LL_IsoOUTIncomplete
 .text.USBD_LL_DevConnected
                0x000000000800af60        0x4 /home/nahomts/Documents/DaisyExamples/libDaisy/build/libdaisy.a(usbd_core.o)
                0x000000000800af60                USBD_LL_DevConnected
 .text.USBD_LL_DevDisconnected
                0x000000000800af64       0x18 /home/nahomts/Documents/DaisyExamples/libDaisy/build/libdaisy.a(usbd_core.o)
                0x000000000800af64                USBD_LL_DevDisconnected
 .text.USBD_StdDevReq
                0x000000000800af7c      0x304 /home/nahomts/Documents/DaisyExamples/libDaisy/build/libdaisy.a(usbd_ctlreq.o)
                0x000000000800af7c                USBD_StdDevReq
 .text.USBD_StdItfReq
                0x000000000800b280       0x68 /home/nahomts/Documents/DaisyExamples/libDaisy/build/libdaisy.a(usbd_ctlreq.o)
                0x000000000800b280                USBD_StdItfReq
 .text.USBD_StdEPReq
                0x000000000800b2e8      0x13c /home/nahomts/Documents/DaisyExamples/libDaisy/build/libdaisy.a(usbd_ctlreq.o)
                0x000000000800b2e8                USBD_StdEPReq
 .text.USBD_ParseSetupRequest
                0x000000000800b424       0x28 /home/nahomts/Documents/DaisyExamples/libDaisy/build/libdaisy.a(usbd_ctlreq.o)
                0x000000000800b424                USBD_ParseSetupRequest
 .text.USBD_CtlError
                0x000000000800b44c       0x18 /home/nahomts/Documents/DaisyExamples/libDaisy/build/libdaisy.a(usbd_ctlreq.o)
                0x000000000800b44c                USBD_CtlError
 .text.USBD_GetString
                0x000000000800b464       0x54 /home/nahomts/Documents/DaisyExamples/libDaisy/build/libdaisy.a(usbd_ctlreq.o)
                0x000000000800b464                USBD_GetString
 .text.USBD_CtlSendData
                0x000000000800b4b8       0x1c /home/nahomts/Documents/DaisyExamples/libDaisy/build/libdaisy.a(usbd_ioreq.o)
                0x000000000800b4b8                USBD_CtlSendData
 .text.USBD_CtlContinueSendData
                0x000000000800b4d4       0x14 /home/nahomts/Documents/DaisyExamples/libDaisy/build/libdaisy.a(usbd_ioreq.o)
                0x000000000800b4d4                USBD_CtlContinueSendData
 .text.USBD_CtlPrepareRx
                0x000000000800b4e8       0x1c /home/nahomts/Documents/DaisyExamples/libDaisy/build/libdaisy.a(usbd_ioreq.o)
                0x000000000800b4e8                USBD_CtlPrepareRx
 .text.USBD_CtlContinueRx
                0x000000000800b504       0x14 /home/nahomts/Documents/DaisyExamples/libDaisy/build/libdaisy.a(usbd_ioreq.o)
                0x000000000800b504                USBD_CtlContinueRx
 .text.USBD_CtlSendStatus
                0x000000000800b518       0x18 /home/nahomts/Documents/DaisyExamples/libDaisy/build/libdaisy.a(usbd_ioreq.o)
                0x000000000800b518                USBD_CtlSendStatus
 .text.USBD_CtlReceiveStatus
                0x000000000800b530       0x18 /home/nahomts/Documents/DaisyExamples/libDaisy/build/libdaisy.a(usbd_ioreq.o)
                0x000000000800b530                USBD_CtlReceiveStatus
 .text.USBH_LL_IncTimer
                0x000000000800b548       0x20 /home/nahomts/Documents/DaisyExamples/libDaisy/build/libdaisy.a(usbh_core.o)
                0x000000000800b548                USBH_LL_IncTimer
 .text.USBH_LL_PortEnabled
                0x000000000800b568        0x8 /home/nahomts/Documents/DaisyExamples/libDaisy/build/libdaisy.a(usbh_core.o)
                0x000000000800b568                USBH_LL_PortEnabled
 .text.USBH_LL_PortDisabled
                0x000000000800b570        0x8 /home/nahomts/Documents/DaisyExamples/libDaisy/build/libdaisy.a(usbh_core.o)
                0x000000000800b570                USBH_LL_PortDisabled
 .text.USBH_LL_Connect
                0x000000000800b578       0x18 /home/nahomts/Documents/DaisyExamples/libDaisy/build/libdaisy.a(usbh_core.o)
                0x000000000800b578                USBH_LL_Connect
 .text.USBH_LL_Disconnect
                0x000000000800b590       0x2c /home/nahomts/Documents/DaisyExamples/libDaisy/build/libdaisy.a(usbh_core.o)
                0x000000000800b590                USBH_LL_Disconnect
 .text.USBH_FreePipe
                0x000000000800b5bc       0x18 /home/nahomts/Documents/DaisyExamples/libDaisy/build/libdaisy.a(usbh_pipes.o)
                0x000000000800b5bc                USBH_FreePipe
 .text._ZN5daisy6Random4InitEv
                0x000000000800b5d4       0x3c /home/nahomts/Documents/DaisyExamples/libDaisy/build/libdaisy.a(rng.o)
                0x000000000800b5d4                daisy::Random::Init()
 .text._ZN5daisy9SpiHandle4Impl7InitDmaEv
                0x000000000800b610       0xec /home/nahomts/Documents/DaisyExamples/libDaisy/build/libdaisy.a(spi.o)
                0x000000000800b610                daisy::SpiHandle::Impl::InitDma()
 .text._ZN5daisy9SpiHandle4Impl10StartDmaTxEPhjPFvPvEPFvS3_NS0_6ResultEES3_
                0x000000000800b6fc       0xc8 /home/nahomts/Documents/DaisyExamples/libDaisy/build/libdaisy.a(spi.o)
                0x000000000800b6fc                daisy::SpiHandle::Impl::StartDmaTx(unsigned char*, unsigned int, void (*)(void*), void (*)(void*, daisy::SpiHandle::Result), void*)
 .text._ZN5daisy9SpiHandle4Impl10StartDmaRxEPhjPFvPvEPFvS3_NS0_6ResultEES3_
                0x000000000800b7c4       0xc8 /home/nahomts/Documents/DaisyExamples/libDaisy/build/libdaisy.a(spi.o)
                0x000000000800b7c4                daisy::SpiHandle::Impl::StartDmaRx(unsigned char*, unsigned int, void (*)(void*), void (*)(void*, daisy::SpiHandle::Result), void*)
 .text._ZN5daisy9SpiHandle4Impl12StartDmaRxTxEPhS2_jPFvPvEPFvS3_NS0_6ResultEES3_
                0x000000000800b88c       0xcc /home/nahomts/Documents/DaisyExamples/libDaisy/build/libdaisy.a(spi.o)
                0x000000000800b88c                daisy::SpiHandle::Impl::StartDmaRxTx(unsigned char*, unsigned char*, unsigned int, void (*)(void*), void (*)(void*, daisy::SpiHandle::Result), void*)
 .text._ZN5daisy9SpiHandle4Impl8InitPinsEv
                0x000000000800b958      0x274 /home/nahomts/Documents/DaisyExamples/libDaisy/build/libdaisy.a(spi.o)
                0x000000000800b958                daisy::SpiHandle::Impl::InitPins()
 .text.HAL_SPI_MspInit
                0x000000000800bbcc      0x1a8 /home/nahomts/Documents/DaisyExamples/libDaisy/build/libdaisy.a(spi.o)
                0x000000000800bbcc                HAL_SPI_MspInit
 .text.dsy_spi_global_init
                0x000000000800bd74       0x80 /home/nahomts/Documents/DaisyExamples/libDaisy/build/libdaisy.a(spi.o)
                0x000000000800bd74                dsy_spi_global_init
 .text.SPI1_IRQHandler
                0x000000000800bdf4        0xc /home/nahomts/Documents/DaisyExamples/libDaisy/build/libdaisy.a(spi.o)
                0x000000000800bdf4                SPI1_IRQHandler
 .text.SPI2_IRQHandler
                0x000000000800be00        0xc /home/nahomts/Documents/DaisyExamples/libDaisy/build/libdaisy.a(spi.o)
                0x000000000800be00                SPI2_IRQHandler
 .text.SPI3_IRQHandler
                0x000000000800be0c        0xc /home/nahomts/Documents/DaisyExamples/libDaisy/build/libdaisy.a(spi.o)
                0x000000000800be0c                SPI3_IRQHandler
 .text.SPI4_IRQHandler
                0x000000000800be18        0xc /home/nahomts/Documents/DaisyExamples/libDaisy/build/libdaisy.a(spi.o)
                0x000000000800be18                SPI4_IRQHandler
 .text.SPI5_IRQHandler
                0x000000000800be24        0xc /home/nahomts/Documents/DaisyExamples/libDaisy/build/libdaisy.a(spi.o)
                0x000000000800be24                SPI5_IRQHandler
 .text.DMA2_Stream2_IRQHandler
                0x000000000800be30       0x34 /home/nahomts/Documents/DaisyExamples/libDaisy/build/libdaisy.a(spi.o)
                0x000000000800be30                DMA2_Stream2_IRQHandler
 .text.DMA2_Stream3_IRQHandler
                0x000000000800be64       0x38 /home/nahomts/Documents/DaisyExamples/libDaisy/build/libdaisy.a(spi.o)
                0x000000000800be64                DMA2_Stream3_IRQHandler
 .text.HAL_SPI_TxCpltCallback
                0x000000000800be9c       0xc4 /home/nahomts/Documents/DaisyExamples/libDaisy/build/libdaisy.a(spi.o)
                0x000000000800be9c                HAL_SPI_TxCpltCallback
 .text.HAL_SPI_RxCpltCallback
                0x000000000800bf60       0xc4 /home/nahomts/Documents/DaisyExamples/libDaisy/build/libdaisy.a(spi.o)
                0x000000000800bf60                HAL_SPI_RxCpltCallback
 .text.HAL_SPI_TxRxCpltCallback
                0x000000000800c024       0xc4 /home/nahomts/Documents/DaisyExamples/libDaisy/build/libdaisy.a(spi.o)
                0x000000000800c024                HAL_SPI_TxRxCpltCallback
 .text.HAL_SPI_ErrorCallback
                0x000000000800c0e8       0xc8 /home/nahomts/Documents/DaisyExamples/libDaisy/build/libdaisy.a(spi.o)
                0x000000000800c0e8                HAL_SPI_ErrorCallback
 .text.startup._GLOBAL__sub_I__Z19MapInstanceToHandleP11SPI_TypeDef
                0x000000000800c1b0      0x1b0 /home/nahomts/Documents/DaisyExamples/libDaisy/build/libdaisy.a(spi.o)
 .text.HAL_TIM_Base_MspInit
                0x000000000800c360      0x1e0 /home/nahomts/Documents/DaisyExamples/libDaisy/build/libdaisy.a(tim.o)
                0x000000000800c360                HAL_TIM_Base_MspInit
 .text.HAL_TIM_PeriodElapsedCallback
                0x000000000800c540       0x44 /home/nahomts/Documents/DaisyExamples/libDaisy/build/libdaisy.a(tim.o)
                0x000000000800c540                HAL_TIM_PeriodElapsedCallback
 .text.TIM2_IRQHandler
                0x000000000800c584        0xc /home/nahomts/Documents/DaisyExamples/libDaisy/build/libdaisy.a(tim.o)
                0x000000000800c584                TIM2_IRQHandler
 .text.TIM3_IRQHandler
                0x000000000800c590        0xc /home/nahomts/Documents/DaisyExamples/libDaisy/build/libdaisy.a(tim.o)
                0x000000000800c590                TIM3_IRQHandler
 .text.TIM4_IRQHandler
                0x000000000800c59c        0xc /home/nahomts/Documents/DaisyExamples/libDaisy/build/libdaisy.a(tim.o)
                0x000000000800c59c                TIM4_IRQHandler
 .text.TIM5_IRQHandler
                0x000000000800c5a8        0xc /home/nahomts/Documents/DaisyExamples/libDaisy/build/libdaisy.a(tim.o)
                0x000000000800c5a8                TIM5_IRQHandler
 .text._ZN5daisy11TimerHandle4InitERKNS0_6ConfigE
                0x000000000800c5b4       0xd0 /home/nahomts/Documents/DaisyExamples/libDaisy/build/libdaisy.a(tim.o)
                0x000000000800c5b4                daisy::TimerHandle::Init(daisy::TimerHandle::Config const&)
 .text._ZN5daisy11TimerHandle5StartEv
                0x000000000800c684       0x24 /home/nahomts/Documents/DaisyExamples/libDaisy/build/libdaisy.a(tim.o)
                0x000000000800c684                daisy::TimerHandle::Start()
 .text.startup._GLOBAL__sub_I__ZN5daisy11TimerHandle4Impl4InitERKNS0_6ConfigE
                0x000000000800c6a8       0x38 /home/nahomts/Documents/DaisyExamples/libDaisy/build/libdaisy.a(tim.o)
 .text._ZL20UART_CheckRxListenerPN5daisy11UartHandler4ImplE
                0x000000000800c6e0       0x84 /home/nahomts/Documents/DaisyExamples/libDaisy/build/libdaisy.a(uart.o)
 .text._ZN5daisy11UartHandler4Impl10StartDmaTxEPhjPFvPvEPFvS3_NS0_6ResultEES3_
                0x000000000800c764      0x184 /home/nahomts/Documents/DaisyExamples/libDaisy/build/libdaisy.a(uart.o)
                0x000000000800c764                daisy::UartHandler::Impl::StartDmaTx(unsigned char*, unsigned int, void (*)(void*), void (*)(void*, daisy::UartHandler::Result), void*)
 .text._ZN5daisy11UartHandler4Impl10StartDmaRxEPhjPFvPvEPFvS3_NS0_6ResultEES3_
                0x000000000800c8e8      0x184 /home/nahomts/Documents/DaisyExamples/libDaisy/build/libdaisy.a(uart.o)
                0x000000000800c8e8                daisy::UartHandler::Impl::StartDmaRx(unsigned char*, unsigned int, void (*)(void*), void (*)(void*, daisy::UartHandler::Result), void*)
 .text._ZN5daisy11UartHandler4Impl19DmaTransferFinishedEP20__UART_HandleTypeDefNS0_6ResultE
                0x000000000800ca6c       0xc0 /home/nahomts/Documents/DaisyExamples/libDaisy/build/libdaisy.a(uart.o)
                0x000000000800ca6c                daisy::UartHandler::Impl::DmaTransferFinished(__UART_HandleTypeDef*, daisy::UartHandler::Result)
 .text._ZN5daisy11UartHandler4Impl8InitPinsEv
                0x000000000800cb2c      0x154 /home/nahomts/Documents/DaisyExamples/libDaisy/build/libdaisy.a(uart.o)
                0x000000000800cb2c                daisy::UartHandler::Impl::InitPins()
 .text.HAL_UART_MspInit
                0x000000000800cc80      0x210 /home/nahomts/Documents/DaisyExamples/libDaisy/build/libdaisy.a(uart.o)
                0x000000000800cc80                HAL_UART_MspInit
 .text.dsy_uart_global_init
                0x000000000800ce90      0x110 /home/nahomts/Documents/DaisyExamples/libDaisy/build/libdaisy.a(uart.o)
                0x000000000800ce90                dsy_uart_global_init
 .text.USART1_IRQHandler
                0x000000000800cfa0       0x2c /home/nahomts/Documents/DaisyExamples/libDaisy/build/libdaisy.a(uart.o)
                0x000000000800cfa0                USART1_IRQHandler
 .text.USART2_IRQHandler
                0x000000000800cfcc       0x34 /home/nahomts/Documents/DaisyExamples/libDaisy/build/libdaisy.a(uart.o)
                0x000000000800cfcc                USART2_IRQHandler
 .text.USART3_IRQHandler
                0x000000000800d000       0x34 /home/nahomts/Documents/DaisyExamples/libDaisy/build/libdaisy.a(uart.o)