Archive member included to satisfy reference by file (symbol)

/home/nahomts/Documents/DaisyExamples/libDaisy/build/libdaisy.a(daisy_seed.o)
                              build/main.o (daisy::DaisySeed::Init(bool))
/home/nahomts/Documents/DaisyExamples/libDaisy/build/libdaisy.a(codec_ak4556.o)
                              /home/nahomts/Documents/DaisyExamples/libDaisy/build/libdaisy.a(daisy_seed.o) (daisy::Ak4556::Init(dsy_gpio_pin))
/home/nahomts/Documents/DaisyExamples/libDaisy/build/libdaisy.a(codec_wm8731.o)
                              /home/nahomts/Documents/DaisyExamples/libDaisy/build/libdaisy.a(daisy_seed.o) (daisy::Wm8731::Init(daisy::Wm8731::Config const&, daisy::I2CHandle))
/home/nahomts/Documents/DaisyExamples/libDaisy/build/libdaisy.a(sdram.o)
                              /home/nahomts/Documents/DaisyExamples/libDaisy/build/libdaisy.a(daisy_seed.o) (SdramHandle::Init())
/home/nahomts/Documents/DaisyExamples/libDaisy/build/libdaisy.a(audio.o)
                              /home/nahomts/Documents/DaisyExamples/libDaisy/build/libdaisy.a(daisy_seed.o) (daisy::AudioHandle::Init(daisy::AudioHandle::Config const&, daisy::SaiHandle))
/home/nahomts/Documents/DaisyExamples/libDaisy/build/libdaisy.a(logger.o)
                              build/main.o (daisy::Logger<(daisy::LoggerDestination)1>::Print(char const*, ...))
/home/nahomts/Documents/DaisyExamples/libDaisy/build/libdaisy.a(usb.o)
                              /home/nahomts/Documents/DaisyExamples/libDaisy/build/libdaisy.a(logger.o) (daisy::UsbHandle::Init(daisy::UsbHandle::UsbPeriph))
/home/nahomts/Documents/DaisyExamples/libDaisy/build/libdaisy.a(gpio.o)
                              /home/nahomts/Documents/DaisyExamples/libDaisy/build/libdaisy.a(daisy_seed.o) (daisy::GPIO::Init(daisy::Pin, daisy::GPIO::Mode, daisy::GPIO::Pull, daisy::GPIO::Speed))
/home/nahomts/Documents/DaisyExamples/libDaisy/build/libdaisy.a(i2c.o)
                              build/main.o (daisy::I2CHandle::Init(daisy::I2CHandle::Config const&))
/home/nahomts/Documents/DaisyExamples/libDaisy/build/libdaisy.a(qspi.o)
                              /home/nahomts/Documents/DaisyExamples/libDaisy/build/libdaisy.a(daisy_seed.o) (daisy::QSPIHandle::Init(daisy::QSPIHandle::Config const&))
/home/nahomts/Documents/DaisyExamples/libDaisy/build/libdaisy.a(sai.o)
                              /home/nahomts/Documents/DaisyExamples/libDaisy/build/libdaisy.a(daisy_seed.o) (daisy::SaiHandle::Init(daisy::SaiHandle::Config const&))
/home/nahomts/Documents/DaisyExamples/libDaisy/build/libdaisy.a(system.o)
                              /home/nahomts/Documents/DaisyExamples/libDaisy/build/libdaisy.a(daisy_seed.o) (daisy::System::DeInit())
/home/nahomts/Documents/DaisyExamples/libDaisy/build/libdaisy.a(system_stm32h7xx.o)
                              build/startup_stm32h750xx.o (SystemInit)
/home/nahomts/Documents/DaisyExamples/libDaisy/build/libdaisy.a(usbd_cdc_if.o)
                              /home/nahomts/Documents/DaisyExamples/libDaisy/build/libdaisy.a(usb.o) (CDC_Transmit_FS)
/home/nahomts/Documents/DaisyExamples/libDaisy/build/libdaisy.a(usbd_conf.o)
                              /home/nahomts/Documents/DaisyExamples/libDaisy/build/libdaisy.a(system.o) (hpcd_USB_OTG_HS)
/home/nahomts/Documents/DaisyExamples/libDaisy/build/libdaisy.a(usbd_desc.o)
                              /home/nahomts/Documents/DaisyExamples/libDaisy/build/libdaisy.a(usb.o) (HS_Desc)
/home/nahomts/Documents/DaisyExamples/libDaisy/build/libdaisy.a(usbh_conf.o)
                              /home/nahomts/Documents/DaisyExamples/libDaisy/build/libdaisy.a(system.o) (hhcd_USB_OTG_HS)
/home/nahomts/Documents/DaisyExamples/libDaisy/build/libdaisy.a(hal_map.o)
                              /home/nahomts/Documents/DaisyExamples/libDaisy/build/libdaisy.a(gpio.o) (dsy_hal_map_get_port)
/home/nahomts/Documents/DaisyExamples/libDaisy/build/libdaisy.a(stm32h7xx_hal.o)
                              /home/nahomts/Documents/DaisyExamples/libDaisy/build/libdaisy.a(system.o) (HAL_Init)
/home/nahomts/Documents/DaisyExamples/libDaisy/build/libdaisy.a(stm32h7xx_hal_cortex.o)
                              /home/nahomts/Documents/DaisyExamples/libDaisy/build/libdaisy.a(stm32h7xx_hal.o) (HAL_NVIC_SetPriorityGrouping)
/home/nahomts/Documents/DaisyExamples/libDaisy/build/libdaisy.a(stm32h7xx_hal_dma.o)
                              /home/nahomts/Documents/DaisyExamples/libDaisy/build/libdaisy.a(i2c.o) (HAL_DMA_Init)
/home/nahomts/Documents/DaisyExamples/libDaisy/build/libdaisy.a(stm32h7xx_hal_gpio.o)
                              /home/nahomts/Documents/DaisyExamples/libDaisy/build/libdaisy.a(sdram.o) (HAL_GPIO_Init)
/home/nahomts/Documents/DaisyExamples/libDaisy/build/libdaisy.a(stm32h7xx_hal_hcd.o)
                              /home/nahomts/Documents/DaisyExamples/libDaisy/build/libdaisy.a(usbh_conf.o) (HAL_HCD_HC_Init)
/home/nahomts/Documents/DaisyExamples/libDaisy/build/libdaisy.a(stm32h7xx_hal_i2c.o)
[...]
Memory Configuration

Name             Origin             Length             Attributes
FLASH            0x0000000008000000 0x0000000000020000 xr
DTCMRAM          0x0000000020000000 0x0000000000020000 xrw
SRAM             0x0000000024000000 0x0000000000080000 xrw
RAM_D2           0x0000000030000000 0x0000000000048000 xrw
RAM_D3           0x0000000038000000 0x0000000000010000 xrw
BACKUP_SRAM      0x0000000038800000 0x0000000000001000 xrw
ITCMRAM          0x0000000000000000 0x0000000000010000 xrw
SDRAM            0x00000000c0000000 0x0000000004000000 xrw
QSPIFLASH        0x0000000090000000 0x0000000000800000 xr
*default*        0x0000000000000000 0xffffffffffffffff

Linker script and memory map

LOAD /home/nahomts/Developer/gcc-arm-none-eabi-10-2020-q4-major/bin/../lib/gcc/arm-none-eabi/10.2.1/thumb/v7e-m+dp/hard/crti.o
LOAD /home/nahomts/Developer/gcc-arm-none-eabi-10-2020-q4-major/bin/../lib/gcc/arm-none-eabi/10.2.1/thumb/v7e-m+dp/hard/crtbegin.o
LOAD /home/nahomts/Developer/gcc-arm-none-eabi-10-2020-q4-major/bin/../lib/gcc/arm-none-eabi/10.2.1/../../../../arm-none-eabi/lib/thumb/v7e-m+dp/hard/crt0.o
LOAD build/startup_stm32h750xx.o
LOAD build/main.o
LOAD /home/nahomts/Documents/DaisyExamples/libDaisy/build/libdaisy.a
LOAD /home/nahomts/Developer/gcc-arm-none-eabi-10-2020-q4-major/bin/../lib/gcc/arm-none-eabi/10.2.1/../../../../arm-none-eabi/lib/thumb/v7e-m+dp/hard/libnosys.a
LOAD /home/nahomts/Documents/DaisyExamples/DaisySP/build/libdaisysp.a
LOAD /home/nahomts/Developer/gcc-arm-none-eabi-10-2020-q4-major/bin/../lib/gcc/arm-none-eabi/10.2.1/../../../../arm-none-eabi/lib/thumb/v7e-m+dp/hard/libstdc++_nano.a
LOAD /home/nahomts/Developer/gcc-arm-none-eabi-10-2020-q4-major/bin/../lib/gcc/arm-none-eabi/10.2.1/../../../../arm-none-eabi/lib/thumb/v7e-m+dp/hard/libm.a
LOAD /home/nahomts/Developer/gcc-arm-none-eabi-10-2020-q4-major/bin/../lib/gcc/arm-none-eabi/10.2.1/../../../../arm-none-eabi/lib/thumb/v7e-m+dp/hard/libc_nano.a
START GROUP
LOAD /home/nahomts/Developer/gcc-arm-none-eabi-10-2020-q4-major/bin/../lib/gcc/arm-none-eabi/10.2.1/thumb/v7e-m+dp/hard/libgcc.a
LOAD /home/nahomts/Developer/gcc-arm-none-eabi-10-2020-q4-major/bin/../lib/gcc/arm-none-eabi/10.2.1/../../../../arm-none-eabi/lib/thumb/v7e-m+dp/hard/libc_nano.a
END GROUP
START GROUP
LOAD /home/nahomts/Developer/gcc-arm-none-eabi-10-2020-q4-major/bin/../lib/gcc/arm-none-eabi/10.2.1/thumb/v7e-m+dp/hard/libgcc.a
LOAD /home/nahomts/Developer/gcc-arm-none-eabi-10-2020-q4-major/bin/../lib/gcc/arm-none-eabi/10.2.1/../../../../arm-none-eabi/lib/thumb/v7e-m+dp/hard/libc_nano.a
LOAD /home/nahomts/Developer/gcc-arm-none-eabi-10-2020-q4-major/bin/../lib/gcc/arm-none-eabi/10.2.1/../../../../arm-none-eabi/lib/thumb/v7e-m+dp/hard/libnosys.a
END GROUP
START GROUP
LOAD /home/nahomts/Developer/gcc-arm-none-eabi-10-2020-q4-major/bin/../lib/gcc/arm-none-eabi/10.2.1/thumb/v7e-m+dp/hard/libgcc.a
LOAD /home/nahomts/Developer/gcc-arm-none-eabi-10-2020-q4-major/bin/../lib/gcc/arm-none-eabi/10.2.1/../../../../arm-none-eabi/lib/thumb/v7e-m+dp/hard/libc_nano.a
LOAD /home/nahomts/Developer/gcc-arm-none-eabi-10-2020-q4-major/bin/../lib/gcc/arm-none-eabi/10.2.1/../../../../arm-none-eabi/lib/thumb/v7e-m+dp/hard/libnosys.a
END GROUP
LOAD /home/nahomts/Developer/gcc-arm-none-eabi-10-2020-q4-major/bin/../lib/gcc/arm-none-eabi/10.2.1/thumb/v7e-m+dp/hard/crtend.o
LOAD /home/nahomts/Developer/gcc-arm-none-eabi-10-2020-q4-major/bin/../lib/gcc/arm-none-eabi/10.2.1/thumb/v7e-m+dp/hard/crtn.o
                0x0000000020020000                _estack = 0x20020000

.isr_vector     0x0000000008000000      0x298
                0x0000000008000000                . = ALIGN (0x4)
 *(.isr_vector)
 .isr_vector    0x0000000008000000      0x298 build/startup_stm32h750xx.o
                0x0000000008000000                g_pfnVectors
                0x0000000008000298                . = ALIGN (0x4)

.text           0x00000000080002a0    0x1141c
                0x00000000080002a0                . = ALIGN (0x4)
                0x00000000080002a0                _stext = .
 *(.text)
 .text          0x00000000080002a0       0x40 /home/nahomts/Developer/gcc-arm-none-eabi-10-2020-q4-major/bin/../lib/gcc/arm-none-eabi/10.2.1/thumb/v7e-m+dp/hard/crtbegin.o
 .text          0x00000000080002e0       0xa0 /home/nahomts/Developer/gcc-arm-none-eabi-10-2020-q4-major/bin/../lib/gcc/arm-none-eabi/10.2.1/../../../../arm-none-eabi/lib/thumb/v7e-m+dp/hard/libc_nano.a(lib_a-memchr.o)
                0x00000000080002e0                memchr
 .text          0x0000000008000380       0x30 /home/nahomts/Developer/gcc-arm-none-eabi-10-2020-q4-major/bin/../lib/gcc/arm-none-eabi/10.2.1/thumb/v7e-m+dp/hard/libgcc.a(_aeabi_uldivmod.o)
                0x0000000008000380                __aeabi_uldivmod
 .text          0x00000000080003b0      0x2d0 /home/nahomts/Developer/gcc-arm-none-eabi-10-2020-q4-major/bin/../lib/gcc/arm-none-eabi/10.2.1/thumb/v7e-m+dp/hard/libgcc.a(_udivmoddi4.o)
                0x00000000080003b0                __udivmoddi4
 .text          0x0000000008000680        0x4 /home/nahomts/Developer/gcc-arm-none-eabi-10-2020-q4-major/bin/../lib/gcc/arm-none-eabi/10.2.1/thumb/v7e-m+dp/hard/libgcc.a(_dvmd_tls.o)
                0x0000000008000680                __aeabi_ldiv0
                0x0000000008000680                __aeabi_idiv0
 *(.text*)
 .text.Default_Handler
                0x0000000008000684        0x4 build/startup_stm32h750xx.o
                0x0000000008000684                RTC_Alarm_IRQHandler
                0x0000000008000684                HASH_RNG_IRQHandler
                0x0000000008000684                EXTI2_IRQHandler
                0x0000000008000684                TIM8_CC_IRQHandler
                0x0000000008000684                HRTIM1_Master_IRQHandler
                0x0000000008000684                DebugMon_Handler
                0x0000000008000684                TIM1_CC_IRQHandler
                0x0000000008000684                BDMA_Channel6_IRQHandler
                0x0000000008000684                DMA2_Stream5_IRQHandler
                0x0000000008000684                HRTIM1_FLT_IRQHandler
                0x0000000008000684                JPEG_IRQHandler
                0x0000000008000684                BDMA_Channel1_IRQHandler
                0x0000000008000684                HRTIM1_TIMD_IRQHandler
                0x0000000008000684                TAMP_STAMP_IRQHandler
                0x0000000008000684                PendSV_Handler
                0x0000000008000684                NMI_Handler
                0x0000000008000684                EXTI3_IRQHandler
                0x0000000008000684                LPTIM4_IRQHandler
                0x0000000008000684                TIM8_TRG_COM_TIM14_IRQHandler
                0x0000000008000684                LPTIM2_IRQHandler
                0x0000000008000684                DFSDM1_FLT1_IRQHandler
                0x0000000008000684                DMAMUX2_OVR_IRQHandler
                0x0000000008000684                TIM8_UP_TIM13_IRQHandler
                0x0000000008000684                I2C3_ER_IRQHandler
                0x0000000008000684                DFSDM1_FLT2_IRQHandler
                0x0000000008000684                MDMA_IRQHandler
                0x0000000008000684                LPTIM3_IRQHandler
                0x0000000008000684                HSEM1_IRQHandler
                0x0000000008000684                EXTI0_IRQHandler
                0x0000000008000684                DMA1_Stream2_IRQHandler
                0x0000000008000684                FPU_IRQHandler
                0x0000000008000684                OTG_HS_WKUP_IRQHandler
                0x0000000008000684                FDCAN1_IT1_IRQHandler
                0x0000000008000684                UsageFault_Handler
                0x0000000008000684                LTDC_ER_IRQHandler
                0x0000000008000684                HRTIM1_TIME_IRQHandler
                0x0000000008000684                TIM6_DAC_IRQHandler
                0x0000000008000684                DCMI_IRQHandler
                0x0000000008000684                HRTIM1_TIMC_IRQHandler
                0x0000000008000684                SAI2_IRQHandler
                0x0000000008000684                DFSDM1_FLT3_IRQHandler
                0x0000000008000684                TIM17_IRQHandler
                0x0000000008000684                CRYP_IRQHandler
                0x0000000008000684                BDMA_Channel7_IRQHandler
                0x0000000008000684                LPTIM5_IRQHandler
                0x0000000008000684                ADC3_IRQHandler
                0x0000000008000684                DMA2_Stream0_IRQHandler
                0x0000000008000684                BDMA_Channel2_IRQHandler
                0x0000000008000684                DMAMUX1_OVR_IRQHandler
                0x0000000008000684                TIM16_IRQHandler
                0x0000000008000684                BDMA_Channel5_IRQHandler
                0x0000000008000684                RCC_IRQHandler
                0x0000000008000684                TIM8_BRK_TIM12_IRQHandler
                0x0000000008000684                TIM1_TRG_COM_IRQHandler
                0x0000000008000684                Default_Handler
                0x0000000008000684                ECC_IRQHandler
                0x0000000008000684                CEC_IRQHandler
                0x0000000008000684                EXTI15_10_IRQHandler
                0x0000000008000684                BDMA_Channel0_IRQHandler
                0x0000000008000684                ADC_IRQHandler
                0x0000000008000684                DMA1_Stream7_IRQHandler
                0x0000000008000684                HRTIM1_TIMA_IRQHandler
                0x0000000008000684                TIM7_IRQHandler
                0x0000000008000684                SDMMC1_IRQHandler
                0x0000000008000684                DMA2_Stream7_IRQHandler
                0x0000000008000684                TIM15_IRQHandler
                0x0000000008000684                PVD_AVD_IRQHandler
                0x0000000008000684                EXTI9_5_IRQHandler
                0x0000000008000684                RTC_WKUP_IRQHandler
                0x0000000008000684                LTDC_IRQHandler
                0x0000000008000684                SAI3_IRQHandler
                0x0000000008000684                ETH_WKUP_IRQHandler
                0x0000000008000684                SPDIF_RX_IRQHandler
                0x0000000008000684                MemManage_Handler
                0x0000000008000684                SVC_Handler
                0x0000000008000684                CRS_IRQHandler
                0x0000000008000684                EXTI4_IRQHandler
                0x0000000008000684                HRTIM1_TIMB_IRQHandler
                0x0000000008000684                FDCAN2_IT1_IRQHandler
                0x0000000008000684                ETH_IRQHandler
                0x0000000008000684                TIM1_UP_IRQHandler
                0x0000000008000684                BDMA_Channel4_IRQHandler
                0x0000000008000684                WWDG_IRQHandler
                0x0000000008000684                SPI6_IRQHandler
                0x0000000008000684                I2C4_EV_IRQHandler
                0x0000000008000684                MDIOS_IRQHandler
                0x0000000008000684                FDCAN2_IT0_IRQHandler
                0x0000000008000684                FDCAN1_IT0_IRQHandler
                0x0000000008000684                OTG_FS_WKUP_IRQHandler
                0x0000000008000684                DMA2D_IRQHandler
                0x0000000008000684                TIM1_BRK_IRQHandler
                0x0000000008000684                EXTI1_IRQHandler
                0x0000000008000684                SDMMC2_IRQHandler
                0x0000000008000684                BDMA_Channel3_IRQHandler
                0x0000000008000684                MDIOS_WKUP_IRQHandler
                0x0000000008000684                DFSDM1_FLT0_IRQHandler
                0x0000000008000684                SAI4_IRQHandler
                0x0000000008000684                I2C2_ER_IRQHandler
                0x0000000008000684                DMA2_Stream1_IRQHandler
                0x0000000008000684                FLASH_IRQHandler
                0x0000000008000684                BusFault_Handler
                0x0000000008000684                WAKEUP_PIN_IRQHandler
                0x0000000008000684                I2C1_ER_IRQHandler
                0x0000000008000684                FMC_IRQHandler
                0x0000000008000684                FDCAN_CAL_IRQHandler
                0x0000000008000684                SWPMI1_IRQHandler
                0x0000000008000684                COMP1_IRQHandler
                0x0000000008000684                LPTIM1_IRQHandler
                0x0000000008000684                I2C4_ER_IRQHandler
                0x0000000008000684                DMA2_Stream6_IRQHandler
                0x0000000008000684                SAI1_IRQHandler
 .text.Reset_Handler
                0x0000000008000688       0x44 build/startup_stm32h750xx.o
                0x0000000008000688                Reset_Handler
 .text._ZN5daisy9DaisySeedD2Ev
                0x00000000080006cc        0x4 build/main.o
                0x00000000080006cc                daisy::DaisySeed::~DaisySeed()
                0x00000000080006cc                daisy::DaisySeed::~DaisySeed()
 .text.startup.main
                0x00000000080006d0       0xac build/main.o
                0x00000000080006d0                main
 .text.startup._GLOBAL__sub_I_hardware
                0x000000000800077c       0x2c build/main.o
 .text._ZN5daisy9DaisySeed17CheckBoardVersionEv
                0x00000000080007a8       0x6c /home/nahomts/Documents/DaisyExamples/libDaisy/build/libdaisy.a(daisy_seed.o)
                0x00000000080007a8                daisy::DaisySeed::CheckBoardVersion()
 .text._ZN5daisy9DaisySeed14ConfigureAudioEv
                0x0000000008000814      0x10c /home/nahomts/Documents/DaisyExamples/libDaisy/build/libdaisy.a(daisy_seed.o)
                0x0000000008000814                daisy::DaisySeed::ConfigureAudio()
 .text._ZN5daisy9DaisySeed4InitEb
                0x0000000008000920      0x108 /home/nahomts/Documents/DaisyExamples/libDaisy/build/libdaisy.a(daisy_seed.o)
                0x0000000008000920                daisy::DaisySeed::Init(bool)
 .text._ZN5daisy6Ak45564InitE12dsy_gpio_pin
                0x0000000008000a28       0x44 /home/nahomts/Documents/DaisyExamples/libDaisy/build/libdaisy.a(codec_ak4556.o)
                0x0000000008000a28                daisy::Ak4556::Init(dsy_gpio_pin)
 .text._ZN5daisy6Wm873120WriteControlRegisterEht
                0x0000000008000a6c       0x3c /home/nahomts/Documents/DaisyExamples/libDaisy/build/libdaisy.a(codec_wm8731.o)
                0x0000000008000a6c                daisy::Wm8731::WriteControlRegister(unsigned char, unsigned short)
 .text._ZN5daisy6Wm87314InitERKNS0_6ConfigENS_9I2CHandleE
                0x0000000008000aa8      0x1bc /home/nahomts/Documents/DaisyExamples/libDaisy/build/libdaisy.a(codec_wm8731.o)
                0x0000000008000aa8                daisy::Wm8731::Init(daisy::Wm8731::Config const&, daisy::I2CHandle)
 .text._ZN11SdramHandle10DeviceInitEv
                0x0000000008000c64       0x98 /home/nahomts/Documents/DaisyExamples/libDaisy/build/libdaisy.a(sdram.o)
                0x0000000008000c64                SdramHandle::DeviceInit()
 .text._ZN11SdramHandle4InitEv
                0x0000000008000cfc       0x7c /home/nahomts/Documents/DaisyExamples/libDaisy/build/libdaisy.a(sdram.o)
                0x0000000008000cfc                SdramHandle::Init()
 .text.HAL_SDRAM_MspInit
                0x0000000008000d78      0x1a8 /home/nahomts/Documents/DaisyExamples/libDaisy/build/libdaisy.a(sdram.o)
                0x0000000008000d78                HAL_SDRAM_MspInit
 .text._ZN5daisy11AudioHandle4InitERKNS0_6ConfigENS_9SaiHandleE
                0x0000000008000f20       0x70 /home/nahomts/Documents/DaisyExamples/libDaisy/build/libdaisy.a(audio.o)
                0x0000000008000f20                daisy::AudioHandle::Init(daisy::AudioHandle::Config const&, daisy::SaiHandle)
 .text._ZNK5daisy11AudioHandle9GetConfigEv
                0x0000000008000f90        0x8 /home/nahomts/Documents/DaisyExamples/libDaisy/build/libdaisy.a(audio.o)
                0x0000000008000f90                daisy::AudioHandle::GetConfig() const
 .text._ZN5daisy11AudioHandle13GetSampleRateEv
                0x0000000008000f98        0x8 /home/nahomts/Documents/DaisyExamples/libDaisy/build/libdaisy.a(audio.o)
                0x0000000008000f98                daisy::AudioHandle::GetSampleRate()
 .text.startup._GLOBAL__sub_I__ZN5daisy11AudioHandle4Impl4InitENS0_6ConfigENS_9SaiHandleE
                0x0000000008000fa0       0x24 /home/nahomts/Documents/DaisyExamples/libDaisy/build/libdaisy.a(audio.o)
 .text._ZN5daisy9UsbHandleD2Ev
                0x0000000008000fc4        0x4 /home/nahomts/Documents/DaisyExamples/libDaisy/build/libdaisy.a(logger.o)
                0x0000000008000fc4                daisy::UsbHandle::~UsbHandle()
                0x0000000008000fc4                daisy::UsbHandle::~UsbHandle()
 .text._ZN5daisy6LoggerILNS_17LoggerDestinationE1EE11TransmitBufEv
                0x0000000008000fc8       0x60 /home/nahomts/Documents/DaisyExamples/libDaisy/build/libdaisy.a(logger.o)
                0x0000000008000fc8                daisy::Logger<(daisy::LoggerDestination)1>::TransmitBuf()
 .text._ZN5daisy6LoggerILNS_17LoggerDestinationE1EE6PrintVEPKcSt9__va_list
                0x0000000008001028       0x2c /home/nahomts/Documents/DaisyExamples/libDaisy/build/libdaisy.a(logger.o)
                0x0000000008001028                daisy::Logger<(daisy::LoggerDestination)1>::PrintV(char const*, std::__va_list)
 .text._ZN5daisy6LoggerILNS_17LoggerDestinationE1EE5PrintEPKcz
                0x0000000008001054       0x1c /home/nahomts/Documents/DaisyExamples/libDaisy/build/libdaisy.a(logger.o)
                0x0000000008001054                daisy::Logger<(daisy::LoggerDestination)1>::Print(char const*, ...)
 .text._ZN5daisy6LoggerILNS_17LoggerDestinationE1EE13AppendNewLineEv
                0x0000000008001070       0x60 /home/nahomts/Documents/DaisyExamples/libDaisy/build/libdaisy.a(logger.o)
                0x0000000008001070                daisy::Logger<(daisy::LoggerDestination)1>::AppendNewLine()
 .text._ZN5daisy6LoggerILNS_17LoggerDestinationE1EE10PrintLineVEPKcSt9__va_list
                0x00000000080010d0       0x30 /home/nahomts/Documents/DaisyExamples/libDaisy/build/libdaisy.a(logger.o)
                0x00000000080010d0                daisy::Logger<(daisy::LoggerDestination)1>::PrintLineV(char const*, std::__va_list)
 .text._ZN5daisy6LoggerILNS_17LoggerDestinationE1EE9PrintLineEPKcz
                0x0000000008001100       0x1c /home/nahomts/Documents/DaisyExamples/libDaisy/build/libdaisy.a(logger.o)
                0x0000000008001100                daisy::Logger<(daisy::LoggerDestination)1>::PrintLine(char const*, ...)
 .text._ZN5daisy6LoggerILNS_17LoggerDestinationE1EE8StartLogEb
                0x000000000800111c       0x40 /home/nahomts/Documents/DaisyExamples/libDaisy/build/libdaisy.a(logger.o)
                0x000000000800111c                daisy::Logger<(daisy::LoggerDestination)1>::StartLog(bool)
 .text.startup._GLOBAL__sub_I__ZN5daisy10LoggerImplILNS_17LoggerDestinationE1EE11usb_handle_E
                0x000000000800115c       0x2c /home/nahomts/Documents/DaisyExamples/libDaisy/build/libdaisy.a(logger.o)
 .text.DummyRxCallback
                0x0000000008001188        0x4 /home/nahomts/Documents/DaisyExamples/libDaisy/build/libdaisy.a(usb.o)
                0x0000000008001188                DummyRxCallback
 .text._ZN5daisy9UsbHandle4InitENS0_9UsbPeriphE
                0x000000000800118c      0x10c /home/nahomts/Documents/DaisyExamples/libDaisy/build/libdaisy.a(usb.o)
                0x000000000800118c                daisy::UsbHandle::Init(daisy::UsbHandle::UsbPeriph)
 .text._ZN5daisy9UsbHandle16TransmitInternalEPhj
                0x0000000008001298       0x14 /home/nahomts/Documents/DaisyExamples/libDaisy/build/libdaisy.a(usb.o)
                0x0000000008001298                daisy::UsbHandle::TransmitInternal(unsigned char*, unsigned int)
 .text.OTG_FS_EP1_OUT_IRQHandler
                0x00000000080012ac        0xc /home/nahomts/Documents/DaisyExamples/libDaisy/build/libdaisy.a(usb.o)
                0x00000000080012ac                OTG_FS_EP1_OUT_IRQHandler
 .text.OTG_FS_EP1_IN_IRQHandler
                0x00000000080012b8        0xc /home/nahomts/Documents/DaisyExamples/libDaisy/build/libdaisy.a(usb.o)
                0x00000000080012b8                OTG_FS_EP1_IN_IRQHandler
 .text.OTG_FS_IRQHandler
                0x00000000080012c4        0xc /home/nahomts/Documents/DaisyExamples/libDaisy/build/libdaisy.a(usb.o)
                0x00000000080012c4                OTG_FS_IRQHandler
 .text._ZN5daisy4GPIO4InitENS_3PinENS0_4ModeENS0_4PullENS0_5SpeedE
                0x00000000080012d0      0x1cc /home/nahomts/Documents/DaisyExamples/libDaisy/build/libdaisy.a(gpio.o)
                0x00000000080012d0                daisy::GPIO::Init(daisy::Pin, daisy::GPIO::Mode, daisy::GPIO::Pull, daisy::GPIO::Speed)
 .text._ZN5daisy4GPIO4ReadEv
                0x000000000800149c       0x18 /home/nahomts/Documents/DaisyExamples/libDaisy/build/libdaisy.a(gpio.o)
                0x000000000800149c                daisy::GPIO::Read()
 .text._ZN5daisy4GPIO5WriteEb
                0x00000000080014b4       0x14 /home/nahomts/Documents/DaisyExamples/libDaisy/build/libdaisy.a(gpio.o)
                0x00000000080014b4                daisy::GPIO::Write(bool)
 .text.dsy_gpio_init
                0x00000000080014c8      0x1b8 /home/nahomts/Documents/DaisyExamples/libDaisy/build/libdaisy.a(gpio.o)
                0x00000000080014c8                dsy_gpio_init
 .text.dsy_gpio_write
                0x0000000008001680       0x24 /home/nahomts/Documents/DaisyExamples/libDaisy/build/libdaisy.a(gpio.o)
                0x0000000008001680                dsy_gpio_write
 .text._ZN5daisy9I2CHandle4Impl8InitPinsEv
                0x00000000080016a4       0x58 /home/nahomts/Documents/DaisyExamples/libDaisy/build/libdaisy.a(i2c.o)
                0x00000000080016a4                daisy::I2CHandle::Impl::InitPins()
 .text.HAL_I2C_MspInit
                0x00000000080016fc      0x1b4 /home/nahomts/Documents/DaisyExamples/libDaisy/build/libdaisy.a(i2c.o)
                0x00000000080016fc                HAL_I2C_MspInit
 .text.dsy_i2c_global_init
                0x00000000080018b0       0x78 /home/nahomts/Documents/DaisyExamples/libDaisy/build/libdaisy.a(i2c.o)
                0x00000000080018b0                dsy_i2c_global_init
 .text.DMA1_Stream6_IRQHandler
                0x0000000008001928       0x34 /home/nahomts/Documents/DaisyExamples/libDaisy/build/libdaisy.a(i2c.o)
                0x0000000008001928                DMA1_Stream6_IRQHandler
 .text.I2C1_EV_IRQHandler
                0x000000000800195c        0xc /home/nahomts/Documents/DaisyExamples/libDaisy/build/libdaisy.a(i2c.o)
                0x000000000800195c                I2C1_EV_IRQHandler
 .text.I2C2_EV_IRQHandler
                0x0000000008001968        0xc /home/nahomts/Documents/DaisyExamples/libDaisy/build/libdaisy.a(i2c.o)
                0x0000000008001968                I2C2_EV_IRQHandler
 .text.I2C3_EV_IRQHandler
                0x0000000008001974        0xc /home/nahomts/Documents/DaisyExamples/libDaisy/build/libdaisy.a(i2c.o)
                0x0000000008001974                I2C3_EV_IRQHandler
 .text._ZN5daisy9I2CHandle4InitERKNS0_6ConfigE
                0x0000000008001980      0x12c /home/nahomts/Documents/DaisyExamples/libDaisy/build/libdaisy.a(i2c.o)
                0x0000000008001980                daisy::I2CHandle::Init(daisy::I2CHandle::Config const&)
 .text._ZN5daisy9I2CHandle16TransmitBlockingEtPhtm
                0x0000000008001aac       0x50 /home/nahomts/Documents/DaisyExamples/libDaisy/build/libdaisy.a(i2c.o)
                0x0000000008001aac                daisy::I2CHandle::TransmitBlocking(unsigned short, unsigned char*, unsigned short, unsigned long)
 .text._ZN5daisy9I2CHandle15ReceiveBlockingEtPhtm
                0x0000000008001afc       0x50 /home/nahomts/Documents/DaisyExamples/libDaisy/build/libdaisy.a(i2c.o)
                0x0000000008001afc                daisy::I2CHandle::ReceiveBlocking(unsigned short, unsigned char*, unsigned short, unsigned long)
 .text.startup._GLOBAL__sub_I__ZN5daisy9I2CHandle4Impl10GlobalInitEv
                0x0000000008001b4c       0x18 /home/nahomts/Documents/DaisyExamples/libDaisy/build/libdaisy.a(i2c.o)
 .text._ZN5daisy10QSPIHandle4Impl11WriteEnableEv
                0x0000000008001b64       0x8c /home/nahomts/Documents/DaisyExamples/libDaisy/build/libdaisy.a(qspi.o)
                0x0000000008001b64                daisy::QSPIHandle::Impl::WriteEnable()
 .text._ZN5daisy10QSPIHandle4Impl17DummyCyclesConfigENS0_6Config6DeviceE
                0x0000000008001bf0      0x118 /home/nahomts/Documents/DaisyExamples/libDaisy/build/libdaisy.a(qspi.o)
                0x0000000008001bf0                daisy::QSPIHandle::Impl::DummyCyclesConfig(daisy::QSPIHandle::Config::Device)
 .text._ZN5daisy10QSPIHandle4Impl10QuadEnableEv
                0x0000000008001d08      0x158 /home/nahomts/Documents/DaisyExamples/libDaisy/build/libdaisy.a(qspi.o)
                0x0000000008001d08                daisy::QSPIHandle::Impl::QuadEnable()
 .text._ZN5daisy10QSPIHandle4InitERKNS0_6ConfigE
                0x0000000008001e60      0x198 /home/nahomts/Documents/DaisyExamples/libDaisy/build/libdaisy.a(qspi.o)
                0x0000000008001e60                daisy::QSPIHandle::Init(daisy::QSPIHandle::Config const&)
 .text.HAL_QSPI_MspInit
                0x0000000008001ff8      0x11c /home/nahomts/Documents/DaisyExamples/libDaisy/build/libdaisy.a(qspi.o)
                0x0000000008001ff8                HAL_QSPI_MspInit
 .text.HAL_QSPI_MspDeInit
                0x0000000008002114       0x54 /home/nahomts/Documents/DaisyExamples/libDaisy/build/libdaisy.a(qspi.o)
                0x0000000008002114                HAL_QSPI_MspDeInit
 .text.QUADSPI_IRQHandler
                0x0000000008002168        0xc /home/nahomts/Documents/DaisyExamples/libDaisy/build/libdaisy.a(qspi.o)
                0x0000000008002168                QUADSPI_IRQHandler
 .text.startup._GLOBAL__sub_I__ZN5daisy10QSPIHandle4Impl4InitERKNS0_6ConfigE
                0x0000000008002174       0x28 /home/nahomts/Documents/DaisyExamples/libDaisy/build/libdaisy.a(qspi.o)
 .text._ZN5daisy9SaiHandle4Impl7InitDmaENS1_15PeripheralBlockE
                0x000000000800219c       0xa0 /home/nahomts/Documents/DaisyExamples/libDaisy/build/libdaisy.a(sai.o)
                0x000000000800219c                daisy::SaiHandle::Impl::InitDma(daisy::SaiHandle::Impl::PeripheralBlock)
 .text._ZN5daisy9SaiHandle4Impl8InitPinsEv
                0x000000000800223c       0xa8 /home/nahomts/Documents/DaisyExamples/libDaisy/build/libdaisy.a(sai.o)
                0x000000000800223c                daisy::SaiHandle::Impl::InitPins()
 .text.HAL_SAI_MspInit
                0x00000000080022e4      0x164 /home/nahomts/Documents/DaisyExamples/libDaisy/build/libdaisy.a(sai.o)
                0x00000000080022e4                HAL_SAI_MspInit
 .text.DMA1_Stream0_IRQHandler
                0x0000000008002448        0xc /home/nahomts/Documents/DaisyExamples/libDaisy/build/libdaisy.a(sai.o)
                0x0000000008002448                DMA1_Stream0_IRQHandler
 .text.DMA1_Stream1_IRQHandler
                0x0000000008002454        0xc /home/nahomts/Documents/DaisyExamples/libDaisy/build/libdaisy.a(sai.o)
                0x0000000008002454                DMA1_Stream1_IRQHandler
 .text.DMA1_Stream3_IRQHandler
                0x0000000008002460        0xc /home/nahomts/Documents/DaisyExamples/libDaisy/build/libdaisy.a(sai.o)
                0x0000000008002460                DMA1_Stream3_IRQHandler
 .text.DMA1_Stream4_IRQHandler
                0x000000000800246c        0xc /home/nahomts/Documents/DaisyExamples/libDaisy/build/libdaisy.a(sai.o)
                0x000000000800246c                DMA1_Stream4_IRQHandler
 .text._ZN5daisy9SaiHandle4InitERKNS0_6ConfigE
                0x0000000008002478      0x1f0 /home/nahomts/Documents/DaisyExamples/libDaisy/build/libdaisy.a(sai.o)
                0x0000000008002478                daisy::SaiHandle::Init(daisy::SaiHandle::Config const&)
 .text._ZNK5daisy9SaiHandle9GetConfigEv
                0x0000000008002668        0x4 /home/nahomts/Documents/DaisyExamples/libDaisy/build/libdaisy.a(sai.o)
                0x0000000008002668                daisy::SaiHandle::GetConfig() const
 .text._ZN5daisy9SaiHandle13GetSampleRateEv
                0x000000000800266c       0x24 /home/nahomts/Documents/DaisyExamples/libDaisy/build/libdaisy.a(sai.o)
                0x000000000800266c                daisy::SaiHandle::GetSampleRate()
 .text._ZN5daisy11TimerHandleD2Ev
                0x0000000008002690        0x4 /home/nahomts/Documents/DaisyExamples/libDaisy/build/libdaisy.a(system.o)
                0x0000000008002690                daisy::TimerHandle::~TimerHandle()
                0x0000000008002690                daisy::TimerHandle::~TimerHandle()
 .text.SysTick_Handler
                0x0000000008002694       0x10 /home/nahomts/Documents/DaisyExamples/libDaisy/build/libdaisy.a(system.o)
                0x0000000008002694                SysTick_Handler
 .text.OTG_HS_EP1_OUT_IRQHandler
                0x00000000080026a4       0x24 /home/nahomts/Documents/DaisyExamples/libDaisy/build/libdaisy.a(system.o)
                0x00000000080026a4                OTG_HS_EP1_OUT_IRQHandler
 .text.OTG_HS_EP1_IN_IRQHandler
                0x00000000080026c8       0x24 /home/nahomts/Documents/DaisyExamples/libDaisy/build/libdaisy.a(system.o)
                0x00000000080026c8                OTG_HS_EP1_IN_IRQHandler
 .text.OTG_HS_IRQHandler
                0x00000000080026ec       0x24 /home/nahomts/Documents/DaisyExamples/libDaisy/build/libdaisy.a(system.o)
                0x00000000080026ec                OTG_HS_IRQHandler
 .text.HardFault_Handler
                0x0000000008002710       0xe0 /home/nahomts/Documents/DaisyExamples/libDaisy/build/libdaisy.a(system.o)
                0x0000000008002710                HardFault_Handler
 .text._ZN5daisy6System5DelayEm
                0x00000000080027f0        0x4 /home/nahomts/Documents/DaisyExamples/libDaisy/build/libdaisy.a(system.o)
                0x00000000080027f0                daisy::System::Delay(unsigned long)
 .text._ZN5daisy6System20GetBootloaderVersionEv
                0x00000000080027f4       0x34 /home/nahomts/Documents/DaisyExamples/libDaisy/build/libdaisy.a(system.o)
                0x00000000080027f4                daisy::System::GetBootloaderVersion()
 .text._ZN5daisy6System15ConfigureClocksEv
                0x0000000008002828      0x194 /home/nahomts/Documents/DaisyExamples/libDaisy/build/libdaisy.a(system.o)
                0x0000000008002828                daisy::System::ConfigureClocks()
 .text._ZN5daisy6System12ConfigureMpuEv
                0x00000000080029bc       0x7c /home/nahomts/Documents/DaisyExamples/libDaisy/build/libdaisy.a(system.o)
                0x00000000080029bc                daisy::System::ConfigureMpu()
 .text._ZN5daisy6System4InitERKNS0_6ConfigE
                0x0000000008002a38       0xec /home/nahomts/Documents/DaisyExamples/libDaisy/build/libdaisy.a(system.o)
                0x0000000008002a38                daisy::System::Init(daisy::System::Config const&)
 .text._ZN5daisy6System12GetPClk1FreqEv
                0x0000000008002b24        0x4 /home/nahomts/Documents/DaisyExamples/libDaisy/build/libdaisy.a(system.o)
                0x0000000008002b24                daisy::System::GetPClk1Freq()
 .text._ZN5daisy6System22GetProgramMemoryRegionEv
                0x0000000008002b28       0x78 /home/nahomts/Documents/DaisyExamples/libDaisy/build/libdaisy.a(system.o)
                0x0000000008002b28                daisy::System::GetProgramMemoryRegion()
 .text.startup._GLOBAL__sub_I__ZN5daisy9boot_infoE
                0x0000000008002ba0       0x1c /home/nahomts/Documents/DaisyExamples/libDaisy/build/libdaisy.a(system.o)
 .text.SystemInit
                0x0000000008002bbc       0x9c /home/nahomts/Documents/DaisyExamples/libDaisy/build/libdaisy.a(system_stm32h7xx.o)
                0x0000000008002bbc                SystemInit
 .text.dummy_rx_callback
                0x0000000008002c58        0x4 /home/nahomts/Documents/DaisyExamples/libDaisy/build/libdaisy.a(usbd_cdc_if.o)
                0x0000000008002c58                dummy_rx_callback
 .text.CDC_DeInit_FS
                0x0000000008002c5c        0x4 /home/nahomts/Documents/DaisyExamples/libDaisy/build/libdaisy.a(usbd_cdc_if.o)
 .text.CDC_Receive_FS
                0x0000000008002c60       0x2c /home/nahomts/Documents/DaisyExamples/libDaisy/build/libdaisy.a(usbd_cdc_if.o)
 .text.CDC_Receive_HS
                0x0000000008002c8c       0x2c /home/nahomts/Documents/DaisyExamples/libDaisy/build/libdaisy.a(usbd_cdc_if.o)
 .text.CDC_Init_FS
                0x0000000008002cb8       0x3c /home/nahomts/Documents/DaisyExamples/libDaisy/build/libdaisy.a(usbd_cdc_if.o)
 .text.CDC_Init_HS
                0x0000000008002cf4       0x3c /home/nahomts/Documents/DaisyExamples/libDaisy/build/libdaisy.a(usbd_cdc_if.o)
 .text.CDC_Control_FS
                0x0000000008002d30       0x34 /home/nahomts/Documents/DaisyExamples/libDaisy/build/libdaisy.a(usbd_cdc_if.o)
 .text.CDC_Control_HS
                0x0000000008002d64       0x34 /home/nahomts/Documents/DaisyExamples/libDaisy/build/libdaisy.a(usbd_cdc_if.o)
 .text.CDC_DeInit_HS
                0x0000000008002d98        0x4 /home/nahomts/Documents/DaisyExamples/libDaisy/build/libdaisy.a(usbd_cdc_if.o)
 .text.CDC_Transmit_FS
                0x0000000008002d9c       0x2c /home/nahomts/Documents/DaisyExamples/libDaisy/build/libdaisy.a(usbd_cdc_if.o)
                0x0000000008002d9c                CDC_Transmit_FS
 .text.HAL_PCD_MspInit
                0x0000000008002dc8      0x144 /home/nahomts/Documents/DaisyExamples/libDaisy/build/libdaisy.a(usbd_conf.o)
                0x0000000008002dc8                HAL_PCD_MspInit
 .text.HAL_PCD_SetupStageCallback
                0x0000000008002f0c        0xc /home/nahomts/Documents/DaisyExamples/libDaisy/build/libdaisy.a(usbd_conf.o)
                0x0000000008002f0c                HAL_PCD_SetupStageCallback
 .text.HAL_PCD_DataOutStageCallback
                0x0000000008002f18       0x14 /home/nahomts/Documents/DaisyExamples/libDaisy/build/libdaisy.a(usbd_conf.o)
                0x0000000008002f18                HAL_PCD_DataOutStageCallback
 .text.HAL_PCD_DataInStageCallback
                0x0000000008002f2c       0x14 /home/nahomts/Documents/DaisyExamples/libDaisy/build/libdaisy.a(usbd_conf.o)
                0x0000000008002f2c                HAL_PCD_DataInStageCallback
 .text.HAL_PCD_SOFCallback
                0x0000000008002f40        0x8 /home/nahomts/Documents/DaisyExamples/libDaisy/build/libdaisy.a(usbd_conf.o)
                0x0000000008002f40                HAL_PCD_SOFCallback
 .text.HAL_PCD_ResetCallback
                0x0000000008002f48       0x24 /home/nahomts/Documents/DaisyExamples/libDaisy/build/libdaisy.a(usbd_conf.o)
                0x0000000008002f48                HAL_PCD_ResetCallback
 .text.HAL_PCD_SuspendCallback
                0x0000000008002f6c       0x30 /home/nahomts/Documents/DaisyExamples/libDaisy/build/libdaisy.a(usbd_conf.o)
                0x0000000008002f6c                HAL_PCD_SuspendCallback
 .text.HAL_PCD_ResumeCallback
                0x0000000008002f9c        0x8 /home/nahomts/Documents/DaisyExamples/libDaisy/build/libdaisy.a(usbd_conf.o)
                0x0000000008002f9c                HAL_PCD_ResumeCallback
 .text.HAL_PCD_ISOOUTIncompleteCallback
                0x0000000008002fa4        0x8 /home/nahomts/Documents/DaisyExamples/libDaisy/build/libdaisy.a(usbd_conf.o)
                0x0000000008002fa4                HAL_PCD_ISOOUTIncompleteCallback
 .text.HAL_PCD_ISOINIncompleteCallback
                0x0000000008002fac        0x8 /home/nahomts/Documents/DaisyExamples/libDaisy/build/libdaisy.a(usbd_conf.o)
                0x0000000008002fac                HAL_PCD_ISOINIncompleteCallback
 .text.HAL_PCD_ConnectCallback
                0x0000000008002fb4        0x8 /home/nahomts/Documents/DaisyExamples/libDaisy/build/libdaisy.a(usbd_conf.o)
                0x0000000008002fb4                HAL_PCD_ConnectCallback
 .text.HAL_PCD_DisconnectCallback
                0x0000000008002fbc        0x8 /home/nahomts/Documents/DaisyExamples/libDaisy/build/libdaisy.a(usbd_conf.o)
                0x0000000008002fbc                HAL_PCD_DisconnectCallback
 .text.USBD_LL_Init
                0x0000000008002fc4       0xe4 /home/nahomts/Documents/DaisyExamples/libDaisy/build/libdaisy.a(usbd_conf.o)
                0x0000000008002fc4                USBD_LL_Init
 .text.USBD_LL_Start
                0x00000000080030a8       0x1c /home/nahomts/Documents/DaisyExamples/libDaisy/build/libdaisy.a(usbd_conf.o)
                0x00000000080030a8                USBD_LL_Start
 .text.USBD_LL_OpenEP
                0x00000000080030c4       0x24 /home/nahomts/Documents/DaisyExamples/libDaisy/build/libdaisy.a(usbd_conf.o)
                0x00000000080030c4                USBD_LL_OpenEP
 .text.USBD_LL_CloseEP
                0x00000000080030e8       0x1c /home/nahomts/Documents/DaisyExamples/libDaisy/build/libdaisy.a(usbd_conf.o)
                0x00000000080030e8                USBD_LL_CloseEP
 .text.USBD_LL_StallEP
                0x0000000008003104       0x1c /home/nahomts/Documents/DaisyExamples/libDaisy/build/libdaisy.a(usbd_conf.o)
                0x0000000008003104                USBD_LL_StallEP
 .text.USBD_LL_ClearStallEP
                0x0000000008003120       0x1c /home/nahomts/Documents/DaisyExamples/libDaisy/build/libdaisy.a(usbd_conf.o)
                0x0000000008003120                USBD_LL_ClearStallEP
 .text.USBD_LL_IsStallEP
                0x000000000800313c       0x28 /home/nahomts/Documents/DaisyExamples/libDaisy/build/libdaisy.a(usbd_conf.o)
                0x000000000800313c                USBD_LL_IsStallEP
 .text.USBD_LL_SetUSBAddress
                0x0000000008003164       0x1c /home/nahomts/Documents/DaisyExamples/libDaisy/build/libdaisy.a(usbd_conf.o)
                0x0000000008003164                USBD_LL_SetUSBAddress
 .text.USBD_LL_Transmit
                0x0000000008003180       0x1c /home/nahomts/Documents/DaisyExamples/libDaisy/build/libdaisy.a(usbd_conf.o)
                0x0000000008003180                USBD_LL_Transmit
 .text.USBD_LL_PrepareReceive
                0x000000000800319c       0x1c /home/nahomts/Documents/DaisyExamples/libDaisy/build/libdaisy.a(usbd_conf.o)
                0x000000000800319c                USBD_LL_PrepareReceive
 .text.USBD_LL_GetRxDataSize
                0x00000000080031b8        0x8 /home/nahomts/Documents/DaisyExamples/libDaisy/build/libdaisy.a(usbd_conf.o)
                0x00000000080031b8                USBD_LL_GetRxDataSize
 .text.USBD_HS_DeviceDescriptor
                0x00000000080031c0        0xc /home/nahomts/Documents/DaisyExamples/libDaisy/build/libdaisy.a(usbd_desc.o)
                0x00000000080031c0                USBD_HS_DeviceDescriptor
 .text.USBD_FS_DeviceDescriptor
                0x00000000080031cc        0xc /home/nahomts/Documents/DaisyExamples/libDaisy/build/libdaisy.a(usbd_desc.o)
                0x00000000080031cc                USBD_FS_DeviceDescriptor
 .text.USBD_FS_LangIDStrDescriptor
                0x00000000080031d8        0xc /home/nahomts/Documents/DaisyExamples/libDaisy/build/libdaisy.a(usbd_desc.o)
                0x00000000080031d8                USBD_FS_LangIDStrDescriptor
 .text.USBD_FS_ManufacturerStrDescriptor
                0x00000000080031e4       0x1c /home/nahomts/Documents/DaisyExamples/libDaisy/build/libdaisy.a(usbd_desc.o)
                0x00000000080031e4                USBD_FS_ManufacturerStrDescriptor
 .text.USBD_HS_ProductStrDescriptor
                0x0000000008003200       0x1c /home/nahomts/Documents/DaisyExamples/libDaisy/build/libdaisy.a(usbd_desc.o)
                0x0000000008003200                USBD_HS_ProductStrDescriptor
 .text.USBD_FS_ConfigStrDescriptor
                0x000000000800321c       0x1c /home/nahomts/Documents/DaisyExamples/libDaisy/build/libdaisy.a(usbd_desc.o)
                0x000000000800321c                USBD_FS_ConfigStrDescriptor
 .text.USBD_FS_InterfaceStrDescriptor
                0x0000000008003238       0x1c /home/nahomts/Documents/DaisyExamples/libDaisy/build/libdaisy.a(usbd_desc.o)
                0x0000000008003238                USBD_FS_InterfaceStrDescriptor
 .text.USBD_FS_ProductStrDescriptor
                0x0000000008003254       0x1c /home/nahomts/Documents/DaisyExamples/libDaisy/build/libdaisy.a(usbd_desc.o)
                0x0000000008003254                USBD_FS_ProductStrDescriptor
 .text.USBD_HS_LangIDStrDescriptor
                0x0000000008003270        0xc /home/nahomts/Documents/DaisyExamples/libDaisy/build/libdaisy.a(usbd_desc.o)
                0x0000000008003270                USBD_HS_LangIDStrDescriptor
 .text.USBD_HS_ManufacturerStrDescriptor
                0x000000000800327c       0x1c /home/nahomts/Documents/DaisyExamples/libDaisy/build/libdaisy.a(usbd_desc.o)
                0x000000000800327c                USBD_HS_ManufacturerStrDescriptor
 .text.USBD_FS_SerialStrDescriptor
                0x0000000008003298      0x124 /home/nahomts/Documents/DaisyExamples/libDaisy/build/libdaisy.a(usbd_desc.o)
                0x0000000008003298                USBD_FS_SerialStrDescriptor
 .text.USBD_HS_SerialStrDescriptor
                0x00000000080033bc      0x124 /home/nahomts/Documents/DaisyExamples/libDaisy/build/libdaisy.a(usbd_desc.o)
                0x00000000080033bc                USBD_HS_SerialStrDescriptor
 .text.USBD_HS_InterfaceStrDescriptor
                0x00000000080034e0       0x1c /home/nahomts/Documents/DaisyExamples/libDaisy/build/libdaisy.a(usbd_desc.o)
                0x00000000080034e0                USBD_HS_InterfaceStrDescriptor
 .text.USBD_HS_ConfigStrDescriptor
                0x00000000080034fc       0x1c /home/nahomts/Documents/DaisyExamples/libDaisy/build/libdaisy.a(usbd_desc.o)
                0x00000000080034fc                USBD_HS_ConfigStrDescriptor
 .text.HAL_HCD_SOF_Callback
                0x0000000008003518        0x8 /home/nahomts/Documents/DaisyExamples/libDaisy/build/libdaisy.a(usbh_conf.o)
                0x0000000008003518                HAL_HCD_SOF_Callback
 .text.HAL_HCD_Connect_Callback
                0x0000000008003520        0x8 /home/nahomts/Documents/DaisyExamples/libDaisy/build/libdaisy.a(usbh_conf.o)
                0x0000000008003520                HAL_HCD_Connect_Callback
 .text.HAL_HCD_Disconnect_Callback
                0x0000000008003528        0x8 /home/nahomts/Documents/DaisyExamples/libDaisy/build/libdaisy.a(usbh_conf.o)
                0x0000000008003528                HAL_HCD_Disconnect_Callback
 .text.HAL_HCD_HC_NotifyURBChange_Callback
                0x0000000008003530        0x4 /home/nahomts/Documents/DaisyExamples/libDaisy/build/libdaisy.a(usbh_conf.o)
                0x0000000008003530                HAL_HCD_HC_NotifyURBChange_Callback
 .text.HAL_HCD_PortEnabled_Callback
                0x0000000008003534        0x8 /home/nahomts/Documents/DaisyExamples/libDaisy/build/libdaisy.a(usbh_conf.o)
                0x0000000008003534                HAL_HCD_PortEnabled_Callback
 .text.HAL_HCD_PortDisabled_Callback
                0x000000000800353c        0x8 /home/nahomts/Documents/DaisyExamples/libDaisy/build/libdaisy.a(usbh_conf.o)
                0x000000000800353c                HAL_HCD_PortDisabled_Callback
 .text.USBH_LL_Stop
                0x0000000008003544       0x1c /home/nahomts/Documents/DaisyExamples/libDaisy/build/libdaisy.a(usbh_conf.o)
                0x0000000008003544                USBH_LL_Stop
 .text.dsy_hal_map_get_port
                0x0000000008003560       0x10 /home/nahomts/Documents/DaisyExamples/libDaisy/build/libdaisy.a(hal_map.o)
                0x0000000008003560                dsy_hal_map_get_port
 .text.dsy_hal_map_get_pin
                0x0000000008003570       0x10 /home/nahomts/Documents/DaisyExamples/libDaisy/build/libdaisy.a(hal_map.o)
                0x0000000008003570                dsy_hal_map_get_pin
 .text.dsy_hal_map_gpio_clk_enable
                0x0000000008003580      0x150 /home/nahomts/Documents/DaisyExamples/libDaisy/build/libdaisy.a(hal_map.o)
                0x0000000008003580                dsy_hal_map_gpio_clk_enable
 .text.HAL_MspInit
                0x00000000080036d0        0x4 /home/nahomts/Documents/DaisyExamples/libDaisy/build/libdaisy.a(stm32h7xx_hal.o)
                0x00000000080036d0                HAL_MspInit
 .text.HAL_InitTick
                0x00000000080036d4       0x4c /home/nahomts/Documents/DaisyExamples/libDaisy/build/libdaisy.a(stm32h7xx_hal.o)
                0x00000000080036d4                HAL_InitTick
 .text.HAL_Init
                0x0000000008003720       0x60 /home/nahomts/Documents/DaisyExamples/libDaisy/build/libdaisy.a(stm32h7xx_hal.o)
                0x0000000008003720                HAL_Init
 .text.HAL_IncTick
                0x0000000008003780       0x18 /home/nahomts/Documents/DaisyExamples/libDaisy/build/libdaisy.a(stm32h7xx_hal.o)
                0x0000000008003780                HAL_IncTick
 .text.HAL_GetTick
                0x0000000008003798        0xc /home/nahomts/Documents/DaisyExamples/libDaisy/build/libdaisy.a(stm32h7xx_hal.o)
                0x0000000008003798                HAL_GetTick
 .text.HAL_Delay
                0x00000000080037a4       0x24 /home/nahomts/Documents/DaisyExamples/libDaisy/build/libdaisy.a(stm32h7xx_hal.o)
                0x00000000080037a4                HAL_Delay
 .text.HAL_GetREVID
                0x00000000080037c8        0xc /home/nahomts/Documents/DaisyExamples/libDaisy/build/libdaisy.a(stm32h7xx_hal.o)
                0x00000000080037c8                HAL_GetREVID
 .text.HAL_NVIC_SetPriorityGrouping
                0x00000000080037d4       0x24 /home/nahomts/Documents/DaisyExamples/libDaisy/build/libdaisy.a(stm32h7xx_hal_cortex.o)
                0x00000000080037d4                HAL_NVIC_SetPriorityGrouping
 .text.HAL_NVIC_SetPriority
                0x00000000080037f8       0x7c /home/nahomts/Documents/DaisyExamples/libDaisy/build/libdaisy.a(stm32h7xx_hal_cortex.o)
                0x00000000080037f8                HAL_NVIC_SetPriority
 .text.HAL_NVIC_EnableIRQ
                0x0000000008003874       0x1c /home/nahomts/Documents/DaisyExamples/libDaisy/build/libdaisy.a(stm32h7xx_hal_cortex.o)
                0x0000000008003874                HAL_NVIC_EnableIRQ
 .text.HAL_NVIC_DisableIRQ
                0x0000000008003890       0x28 /home/nahomts/Documents/DaisyExamples/libDaisy/build/libdaisy.a(stm32h7xx_hal_cortex.o)
                0x0000000008003890                HAL_NVIC_DisableIRQ
 .text.HAL_SYSTICK_Config
                0x00000000080038b8       0x2c /home/nahomts/Documents/DaisyExamples/libDaisy/build/libdaisy.a(stm32h7xx_hal_cortex.o)
                0x00000000080038b8                HAL_SYSTICK_Config
 .text.HAL_MPU_Disable
                0x00000000080038e4       0x1c /home/nahomts/Documents/DaisyExamples/libDaisy/build/libdaisy.a(stm32h7xx_hal_cortex.o)
                0x00000000080038e4                HAL_MPU_Disable
 .text.HAL_MPU_Enable
                0x0000000008003900       0x20 /home/nahomts/Documents/DaisyExamples/libDaisy/build/libdaisy.a(stm32h7xx_hal_cortex.o)
                0x0000000008003900                HAL_MPU_Enable
 .text.HAL_MPU_ConfigRegion
                0x0000000008003920       0x64 /home/nahomts/Documents/DaisyExamples/libDaisy/build/libdaisy.a(stm32h7xx_hal_cortex.o)
                0x0000000008003920                HAL_MPU_ConfigRegion
 .text.HAL_SYSTICK_Callback
                0x0000000008003984        0x4 /home/nahomts/Documents/DaisyExamples/libDaisy/build/libdaisy.a(stm32h7xx_hal_cortex.o)
                0x0000000008003984                HAL_SYSTICK_Callback
 .text.HAL_SYSTICK_IRQHandler
                0x0000000008003988        0x8 /home/nahomts/Documents/DaisyExamples/libDaisy/build/libdaisy.a(stm32h7xx_hal_cortex.o)
                0x0000000008003988                HAL_SYSTICK_IRQHandler
 .text.DMA_CalcBaseAndBitshift
                0x0000000008003990       0xf4 /home/nahomts/Documents/DaisyExamples/libDaisy/build/libdaisy.a(stm32h7xx_hal_dma.o)
 .text.DMA_CalcDMAMUXChannelBaseAndMask
                0x0000000008003a84       0xd8 /home/nahomts/Documents/DaisyExamples/libDaisy/build/libdaisy.a(stm32h7xx_hal_dma.o)
 .text.HAL_DMA_Init
                0x0000000008003b5c      0x37c /home/nahomts/Documents/DaisyExamples/libDaisy/build/libdaisy.a(stm32h7xx_hal_dma.o)
                0x0000000008003b5c                HAL_DMA_Init
 .text.HAL_DMA_Start_IT
                0x0000000008003ed8      0x240 /home/nahomts/Documents/DaisyExamples/libDaisy/build/libdaisy.a(stm32h7xx_hal_dma.o)
                0x0000000008003ed8                HAL_DMA_Start_IT
 .text.HAL_DMA_Abort_IT
                0x0000000008004118      0x134 /home/nahomts/Documents/DaisyExamples/libDaisy/build/libdaisy.a(stm32h7xx_hal_dma.o)
                0x0000000008004118                HAL_DMA_Abort_IT
 .text.HAL_DMA_IRQHandler
                0x000000000800424c      0x6a0 /home/nahomts/Documents/DaisyExamples/libDaisy/build/libdaisy.a(stm32h7xx_hal_dma.o)
                0x000000000800424c                HAL_DMA_IRQHandler
 .text.HAL_DMA_GetError
                0x00000000080048ec        0x4 /home/nahomts/Documents/DaisyExamples/libDaisy/build/libdaisy.a(stm32h7xx_hal_dma.o)
                0x00000000080048ec                HAL_DMA_GetError
 .text.HAL_GPIO_Init
                0x00000000080048f0      0x280 /home/nahomts/Documents/DaisyExamples/libDaisy/build/libdaisy.a(stm32h7xx_hal_gpio.o)
                0x00000000080048f0                HAL_GPIO_Init
 .text.HAL_GPIO_DeInit
                0x0000000008004b70      0x190 /home/nahomts/Documents/DaisyExamples/libDaisy/build/libdaisy.a(stm32h7xx_hal_gpio.o)
                0x0000000008004b70                HAL_GPIO_DeInit
 .text.HAL_GPIO_ReadPin
                0x0000000008004d00        0xc /home/nahomts/Documents/DaisyExamples/libDaisy/build/libdaisy.a(stm32h7xx_hal_gpio.o)
                0x0000000008004d00                HAL_GPIO_ReadPin
 .text.HAL_GPIO_WritePin
                0x0000000008004d0c        0x8 /home/nahomts/Documents/DaisyExamples/libDaisy/build/libdaisy.a(stm32h7xx_hal_gpio.o)
                0x0000000008004d0c                HAL_GPIO_WritePin
 .text.HAL_HCD_IRQHandler
                0x0000000008004d14      0x780 /home/nahomts/Documents/DaisyExamples/libDaisy/build/libdaisy.a(stm32h7xx_hal_hcd.o)
                0x0000000008004d14                HAL_HCD_IRQHandler
 .text.HAL_HCD_Stop
                0x0000000008005494       0x28 /home/nahomts/Documents/DaisyExamples/libDaisy/build/libdaisy.a(stm32h7xx_hal_hcd.o)
                0x0000000008005494                HAL_HCD_Stop
 .text.I2C_WaitOnRXNEFlagUntilTimeout
                0x00000000080054bc      0x100 /home/nahomts/Documents/DaisyExamples/libDaisy/build/libdaisy.a(stm32h7xx_hal_i2c.o)
 .text.I2C_WaitOnTXISFlagUntilTimeout
                0x00000000080055bc       0xb8 /home/nahomts/Documents/DaisyExamples/libDaisy/build/libdaisy.a(stm32h7xx_hal_i2c.o)
 .text.I2C_WaitOnSTOPFlagUntilTimeout
                0x0000000008005674       0xac /home/nahomts/Documents/DaisyExamples/libDaisy/build/libdaisy.a(stm32h7xx_hal_i2c.o)
 .text.HAL_I2C_Init
                0x0000000008005720       0xac /home/nahomts/Documents/DaisyExamples/libDaisy/build/libdaisy.a(stm32h7xx_hal_i2c.o)
                0x0000000008005720                HAL_I2C_Init
 .text.HAL_I2C_Master_Transmit
                0x00000000080057cc      0x1a8 /home/nahomts/Documents/DaisyExamples/libDaisy/build/libdaisy.a(stm32h7xx_hal_i2c.o)
                0x00000000080057cc                HAL_I2C_Master_Transmit
 .text.HAL_I2C_Master_Receive
                0x0000000008005974      0x1ac /home/nahomts/Documents/DaisyExamples/libDaisy/build/libdaisy.a(stm32h7xx_hal_i2c.o)
                0x0000000008005974                HAL_I2C_Master_Receive
 .text.HAL_I2C_Slave_Transmit
                0x0000000008005b20      0x1c8 /home/nahomts/Documents/DaisyExamples/libDaisy/build/libdaisy.a(stm32h7xx_hal_i2c.o)
                0x0000000008005b20                HAL_I2C_Slave_Transmit
 .text.HAL_I2C_Slave_Receive
                0x0000000008005ce8      0x1a4 /home/nahomts/Documents/DaisyExamples/libDaisy/build/libdaisy.a(stm32h7xx_hal_i2c.o)
                0x0000000008005ce8                HAL_I2C_Slave_Receive
 .text.HAL_I2C_EV_IRQHandler
                0x0000000008005e8c       0x10 /home/nahomts/Documents/DaisyExamples/libDaisy/build/libdaisy.a(stm32h7xx_hal_i2c.o)
                0x0000000008005e8c                HAL_I2C_EV_IRQHandler
 .text.HAL_I2C_GetState
                0x0000000008005e9c        0x8 /home/nahomts/Documents/DaisyExamples/libDaisy/build/libdaisy.a(stm32h7xx_hal_i2c.o)
                0x0000000008005e9c                HAL_I2C_GetState
 .text.HAL_I2CEx_ConfigAnalogFilter
                0x0000000008005ea4       0x54 /home/nahomts/Documents/DaisyExamples/libDaisy/build/libdaisy.a(stm32h7xx_hal_i2c_ex.o)
                0x0000000008005ea4                HAL_I2CEx_ConfigAnalogFilter
 .text.HAL_I2CEx_ConfigDigitalFilter
                0x0000000008005ef8       0x58 /home/nahomts/Documents/DaisyExamples/libDaisy/build/libdaisy.a(stm32h7xx_hal_i2c_ex.o)
                0x0000000008005ef8                HAL_I2CEx_ConfigDigitalFilter
 .text.HAL_PCD_Init
                0x0000000008005f50      0x12c /home/nahomts/Documents/DaisyExamples/libDaisy/build/libdaisy.a(stm32h7xx_hal_pcd.o)
                0x0000000008005f50                HAL_PCD_Init
 .text.HAL_PCD_Start
                0x000000000800607c       0x44 /home/nahomts/Documents/DaisyExamples/libDaisy/build/libdaisy.a(stm32h7xx_hal_pcd.o)
                0x000000000800607c                HAL_PCD_Start
 .text.HAL_PCD_IRQHandler
                0x00000000080060c0      0x69c /home/nahomts/Documents/DaisyExamples/libDaisy/build/libdaisy.a(stm32h7xx_hal_pcd.o)
                0x00000000080060c0                HAL_PCD_IRQHandler
 .text.HAL_PCD_SetAddress
                0x000000000800675c       0x2c /home/nahomts/Documents/DaisyExamples/libDaisy/build/libdaisy.a(stm32h7xx_hal_pcd.o)
                0x000000000800675c                HAL_PCD_SetAddress
 .text.HAL_PCD_EP_Open
                0x0000000008006788       0x7c /home/nahomts/Documents/DaisyExamples/libDaisy/build/libdaisy.a(stm32h7xx_hal_pcd.o)
                0x0000000008006788                HAL_PCD_EP_Open
 .text.HAL_PCD_EP_Close
                0x0000000008006804       0x6c /home/nahomts/Documents/DaisyExamples/libDaisy/build/libdaisy.a(stm32h7xx_hal_pcd.o)
                0x0000000008006804                HAL_PCD_EP_Close
 .text.HAL_PCD_EP_Receive
                0x0000000008006870       0x50 /home/nahomts/Documents/DaisyExamples/libDaisy/build/libdaisy.a(stm32h7xx_hal_pcd.o)
                0x0000000008006870                HAL_PCD_EP_Receive
 .text.HAL_PCD_EP_GetRxCount
                0x00000000080068c0       0x14 /home/nahomts/Documents/DaisyExamples/libDaisy/build/libdaisy.a(stm32h7xx_hal_pcd.o)
                0x00000000080068c0                HAL_PCD_EP_GetRxCount
 .text.HAL_PCD_EP_Transmit
                0x00000000080068d4       0x50 /home/nahomts/Documents/DaisyExamples/libDaisy/build/libdaisy.a(stm32h7xx_hal_pcd.o)
                0x00000000080068d4                HAL_PCD_EP_Transmit
 .text.HAL_PCD_EP_SetStall
                0x0000000008006924       0x88 /home/nahomts/Documents/DaisyExamples/libDaisy/build/libdaisy.a(stm32h7xx_hal_pcd.o)
                0x0000000008006924                HAL_PCD_EP_SetStall
 .text.HAL_PCD_EP_ClrStall
                0x00000000080069ac       0x78 /home/nahomts/Documents/DaisyExamples/libDaisy/build/libdaisy.a(stm32h7xx_hal_pcd.o)
                0x00000000080069ac                HAL_PCD_EP_ClrStall
 .text.HAL_PCDEx_SetTxFiFo
                0x0000000008006a24       0x54 /home/nahomts/Documents/DaisyExamples/libDaisy/build/libdaisy.a(stm32h7xx_hal_pcd_ex.o)
                0x0000000008006a24                HAL_PCDEx_SetTxFiFo
 .text.HAL_PCDEx_SetRxFiFo
                0x0000000008006a78        0xc /home/nahomts/Documents/DaisyExamples/libDaisy/build/libdaisy.a(stm32h7xx_hal_pcd_ex.o)
                0x0000000008006a78                HAL_PCDEx_SetRxFiFo
 .text.HAL_PCDEx_ActivateLPM
                0x0000000008006a84       0x30 /home/nahomts/Documents/DaisyExamples/libDaisy/build/libdaisy.a(stm32h7xx_hal_pcd_ex.o)
                0x0000000008006a84                HAL_PCDEx_ActivateLPM
 .text.HAL_PCDEx_LPM_Callback
                0x0000000008006ab4        0x4 /home/nahomts/Documents/DaisyExamples/libDaisy/build/libdaisy.a(stm32h7xx_hal_pcd_ex.o)
                0x0000000008006ab4                HAL_PCDEx_LPM_Callback
 .text.HAL_PWREx_ConfigSupply
                0x0000000008006ab8       0x4c /home/nahomts/Documents/DaisyExamples/libDaisy/build/libdaisy.a(stm32h7xx_hal_pwr_ex.o)
                0x0000000008006ab8                HAL_PWREx_ConfigSupply
 .text.HAL_PWREx_EnableUSBVoltageDetector
                0x0000000008006b04       0x10 /home/nahomts/Documents/DaisyExamples/libDaisy/build/libdaisy.a(stm32h7xx_hal_pwr_ex.o)
                0x0000000008006b04                HAL_PWREx_EnableUSBVoltageDetector
 .text.QSPI_Config
                0x0000000008006b14      0x174 /home/nahomts/Documents/DaisyExamples/libDaisy/build/libdaisy.a(stm32h7xx_hal_qspi.o)
 .text.HAL_QSPI_Init
                0x0000000008006c88       0xd8 /home/nahomts/Documents/DaisyExamples/libDaisy/build/libdaisy.a(stm32h7xx_hal_qspi.o)
                0x0000000008006c88                HAL_QSPI_Init
 .text.HAL_QSPI_DeInit
                0x0000000008006d60       0x3c /home/nahomts/Documents/DaisyExamples/libDaisy/build/libdaisy.a(stm32h7xx_hal_qspi.o)
                0x0000000008006d60                HAL_QSPI_DeInit
 .text.HAL_QSPI_Command
                0x0000000008006d9c       0xd4 /home/nahomts/Documents/DaisyExamples/libDaisy/build/libdaisy.a(stm32h7xx_hal_qspi.o)
                0x0000000008006d9c                HAL_QSPI_Command
 .text.HAL_QSPI_Transmit
                0x0000000008006e70       0xfc /home/nahomts/Documents/DaisyExamples/libDaisy/build/libdaisy.a(stm32h7xx_hal_qspi.o)
                0x0000000008006e70                HAL_QSPI_Transmit
 .text.HAL_QSPI_Receive
                0x0000000008006f6c      0x108 /home/nahomts/Documents/DaisyExamples/libDaisy/build/libdaisy.a(stm32h7xx_hal_qspi.o)
                0x0000000008006f6c                HAL_QSPI_Receive
 .text.HAL_QSPI_AutoPolling
                0x0000000008007074       0xf0 /home/nahomts/Documents/DaisyExamples/libDaisy/build/libdaisy.a(stm32h7xx_hal_qspi.o)
                0x0000000008007074                HAL_QSPI_AutoPolling
 .text.HAL_QSPI_MemoryMapped
                0x0000000008007164       0xc0 /home/nahomts/Documents/DaisyExamples/libDaisy/build/libdaisy.a(stm32h7xx_hal_qspi.o)
                0x0000000008007164                HAL_QSPI_MemoryMapped
 .text.HAL_QSPI_ErrorCallback
                0x0000000008007224        0x4 /home/nahomts/Documents/DaisyExamples/libDaisy/build/libdaisy.a(stm32h7xx_hal_qspi.o)
                0x0000000008007224                HAL_QSPI_ErrorCallback
 .text.QSPI_DMAAbortCplt
                0x0000000008007228       0x38 /home/nahomts/Documents/DaisyExamples/libDaisy/build/libdaisy.a(stm32h7xx_hal_qspi.o)
 .text.HAL_QSPI_AbortCpltCallback
                0x0000000008007260        0x4 /home/nahomts/Documents/DaisyExamples/libDaisy/build/libdaisy.a(stm32h7xx_hal_qspi.o)
                0x0000000008007260                HAL_QSPI_AbortCpltCallback
 .text.HAL_QSPI_CmdCpltCallback
                0x0000000008007264        0x4 /home/nahomts/Documents/DaisyExamples/libDaisy/build/libdaisy.a(stm32h7xx_hal_qspi.o)
                0x0000000008007264                HAL_QSPI_CmdCpltCallback
 .text.HAL_QSPI_RxCpltCallback
                0x0000000008007268        0x4 /home/nahomts/Documents/DaisyExamples/libDaisy/build/libdaisy.a(stm32h7xx_hal_qspi.o)
                0x0000000008007268                HAL_QSPI_RxCpltCallback
 .text.HAL_QSPI_TxCpltCallback
                0x000000000800726c        0x4 /home/nahomts/Documents/DaisyExamples/libDaisy/build/libdaisy.a(stm32h7xx_hal_qspi.o)
                0x000000000800726c                HAL_QSPI_TxCpltCallback
 .text.HAL_QSPI_FifoThresholdCallback
                0x0000000008007270        0x4 /home/nahomts/Documents/DaisyExamples/libDaisy/build/libdaisy.a(stm32h7xx_hal_qspi.o)
                0x0000000008007270                HAL_QSPI_FifoThresholdCallback
 .text.HAL_QSPI_StatusMatchCallback
                0x0000000008007274        0x4 /home/nahomts/Documents/DaisyExamples/libDaisy/build/libdaisy.a(stm32h7xx_hal_qspi.o)
                0x0000000008007274                HAL_QSPI_StatusMatchCallback
 .text.HAL_QSPI_TimeOutCallback
                0x0000000008007278        0x4 /home/nahomts/Documents/DaisyExamples/libDaisy/build/libdaisy.a(stm32h7xx_hal_qspi.o)
                0x0000000008007278                HAL_QSPI_TimeOutCallback
 .text.HAL_QSPI_IRQHandler
                0x000000000800727c      0x210 /home/nahomts/Documents/DaisyExamples/libDaisy/build/libdaisy.a(stm32h7xx_hal_qspi.o)
                0x000000000800727c                HAL_QSPI_IRQHandler
 .text.HAL_RCC_OscConfig
                0x000000000800748c      0x51c /home/nahomts/Documents/DaisyExamples/libDaisy/build/libdaisy.a(stm32h7xx_hal_rcc.o)
                0x000000000800748c                HAL_RCC_OscConfig
 .text.HAL_RCC_GetSysClockFreq
                0x00000000080079a8      0x140 /home/nahomts/Documents/DaisyExamples/libDaisy/build/libdaisy.a(stm32h7xx_hal_rcc.o)
                0x00000000080079a8                HAL_RCC_GetSysClockFreq
 .text.HAL_RCC_ClockConfig
                0x0000000008007ae8      0x234 /home/nahomts/Documents/DaisyExamples/libDaisy/build/libdaisy.a(stm32h7xx_hal_rcc.o)
                0x0000000008007ae8                HAL_RCC_ClockConfig
 .text.HAL_RCC_GetHCLKFreq
                0x0000000008007d1c       0x2c /home/nahomts/Documents/DaisyExamples/libDaisy/build/libdaisy.a(stm32h7xx_hal_rcc.o)
                0x0000000008007d1c                HAL_RCC_GetHCLKFreq
 .text.HAL_RCC_GetPCLK1Freq
                0x0000000008007d48       0x38 /home/nahomts/Documents/DaisyExamples/libDaisy/build/libdaisy.a(stm32h7xx_hal_rcc.o)
                0x0000000008007d48                HAL_RCC_GetPCLK1Freq
 .text.HAL_RCC_GetPCLK2Freq
                0x0000000008007d80       0x38 /home/nahomts/Documents/DaisyExamples/libDaisy/build/libdaisy.a(stm32h7xx_hal_rcc.o)
                0x0000000008007d80                HAL_RCC_GetPCLK2Freq
 .text.RCCEx_PLL2_Config
                0x0000000008007db8       0xf4 /home/nahomts/Documents/DaisyExamples/libDaisy/build/libdaisy.a(stm32h7xx_hal_rcc_ex.o)
 .text.RCCEx_PLL3_Config
                0x0000000008007eac       0xf4 /home/nahomts/Documents/DaisyExamples/libDaisy/build/libdaisy.a(stm32h7xx_hal_rcc_ex.o)
 .text.HAL_RCCEx_PeriphCLKConfig
                0x0000000008007fa0      0xa7c /home/nahomts/Documents/DaisyExamples/libDaisy/build/libdaisy.a(stm32h7xx_hal_rcc_ex.o)
                0x0000000008007fa0                HAL_RCCEx_PeriphCLKConfig
 .text.HAL_RCCEx_GetD3PCLK1Freq
                0x0000000008008a1c       0x24 /home/nahomts/Documents/DaisyExamples/libDaisy/build/libdaisy.a(stm32h7xx_hal_rcc_ex.o)
                0x0000000008008a1c                HAL_RCCEx_GetD3PCLK1Freq
 .text.HAL_RCCEx_GetPLL2ClockFreq
                0x0000000008008a40      0x17c /home/nahomts/Documents/DaisyExamples/libDaisy/build/libdaisy.a(stm32h7xx_hal_rcc_ex.o)
                0x0000000008008a40                HAL_RCCEx_GetPLL2ClockFreq
 .text.HAL_RCCEx_GetPLL3ClockFreq
                0x0000000008008bbc      0x17c /home/nahomts/Documents/DaisyExamples/libDaisy/build/libdaisy.a(stm32h7xx_hal_rcc_ex.o)
                0x0000000008008bbc                HAL_RCCEx_GetPLL3ClockFreq
 .text.HAL_RCCEx_GetPLL1ClockFreq
                0x0000000008008d38      0x17c /home/nahomts/Documents/DaisyExamples/libDaisy/build/libdaisy.a(stm32h7xx_hal_rcc_ex.o)
                0x0000000008008d38                HAL_RCCEx_GetPLL1ClockFreq
 .text.HAL_RCCEx_GetPeriphCLKFreq
                0x0000000008008eb4      0x198 /home/nahomts/Documents/DaisyExamples/libDaisy/build/libdaisy.a(stm32h7xx_hal_rcc_ex.o)
                0x0000000008008eb4                HAL_RCCEx_GetPeriphCLKFreq
 .text.HAL_RCCEx_GetD1SysClockFreq
                0x000000000800904c       0x2c /home/nahomts/Documents/DaisyExamples/libDaisy/build/libdaisy.a(stm32h7xx_hal_rcc_ex.o)
                0x000000000800904c                HAL_RCCEx_GetD1SysClockFreq
 .text.HAL_SAI_Init.part.0
                0x0000000008009078      0x348 /home/nahomts/Documents/DaisyExamples/libDaisy/build/libdaisy.a(stm32h7xx_hal_sai.o)
 .text.HAL_SAI_InitProtocol
                0x00000000080093c0      0x178 /home/nahomts/Documents/DaisyExamples/libDaisy/build/libdaisy.a(stm32h7xx_hal_sai.o)
                0x00000000080093c0                HAL_SAI_InitProtocol
 .text.HAL_SDRAM_Init
                0x0000000008009538       0x54 /home/nahomts/Documents/DaisyExamples/libDaisy/build/libdaisy.a(stm32h7xx_hal_sdram.o)
                0x0000000008009538                HAL_SDRAM_Init
 .text.HAL_SDRAM_SendCommand
                0x000000000800958c       0x40 /home/nahomts/Documents/DaisyExamples/libDaisy/build/libdaisy.a(stm32h7xx_hal_sdram.o)
                0x000000000800958c                HAL_SDRAM_SendCommand
 .text.HAL_SDRAM_ProgramRefreshRate
                0x00000000080095cc       0x30 /home/nahomts/Documents/DaisyExamples/libDaisy/build/libdaisy.a(stm32h7xx_hal_sdram.o)
                0x00000000080095cc                HAL_SDRAM_ProgramRefreshRate
 .text.FMC_SDRAM_Init
                0x00000000080095fc       0x7c /home/nahomts/Documents/DaisyExamples/libDaisy/build/libdaisy.a(stm32h7xx_ll_fmc.o)
                0x00000000080095fc                FMC_SDRAM_Init
 .text.FMC_SDRAM_Timing_Init
                0x0000000008009678       0x98 /home/nahomts/Documents/DaisyExamples/libDaisy/build/libdaisy.a(stm32h7xx_ll_fmc.o)
                0x0000000008009678                FMC_SDRAM_Timing_Init
 .text.FMC_SDRAM_SendCommand
                0x0000000008009710       0x28 /home/nahomts/Documents/DaisyExamples/libDaisy/build/libdaisy.a(stm32h7xx_ll_fmc.o)
                0x0000000008009710                FMC_SDRAM_SendCommand
 .text.FMC_SDRAM_ProgramRefreshRate
                0x0000000008009738       0x1c /home/nahomts/Documents/DaisyExamples/libDaisy/build/libdaisy.a(stm32h7xx_ll_fmc.o)
                0x0000000008009738                FMC_SDRAM_ProgramRefreshRate
 .text.USB_CoreInit
                0x0000000008009754      0x124 /home/nahomts/Documents/DaisyExamples/libDaisy/build/libdaisy.a(stm32h7xx_ll_usb.o)
                0x0000000008009754                USB_CoreInit
 .text.USB_SetTurnaroundTime
                0x0000000008009878      0x104 /home/nahomts/Documents/DaisyExamples/libDaisy/build/libdaisy.a(stm32h7xx_ll_usb.o)
                0x0000000008009878                USB_SetTurnaroundTime
 .text.USB_EnableGlobalInt
                0x000000000800997c       0x10 /home/nahomts/Documents/DaisyExamples/libDaisy/build/libdaisy.a(stm32h7xx_ll_usb.o)
                0x000000000800997c                USB_EnableGlobalInt
 .text.USB_DisableGlobalInt
                0x000000000800998c       0x10 /home/nahomts/Documents/DaisyExamples/libDaisy/build/libdaisy.a(stm32h7xx_ll_usb.o)
                0x000000000800998c                USB_DisableGlobalInt
 .text.USB_SetCurrentMode
                0x000000000800999c       0x30 /home/nahomts/Documents/DaisyExamples/libDaisy/build/libdaisy.a(stm32h7xx_ll_usb.o)
                0x000000000800999c                USB_SetCurrentMode
 .text.USB_DevInit
                0x00000000080099cc      0x20c /home/nahomts/Documents/DaisyExamples/libDaisy/build/libdaisy.a(stm32h7xx_ll_usb.o)
                0x00000000080099cc                USB_DevInit
 .text.USB_FlushTxFifo
                0x0000000008009bd8       0x34 /home/nahomts/Documents/DaisyExamples/libDaisy/build/libdaisy.a(stm32h7xx_ll_usb.o)
                0x0000000008009bd8                USB_FlushTxFifo
 .text.USB_GetDevSpeed
                0x0000000008009c0c       0x24 /home/nahomts/Documents/DaisyExamples/libDaisy/build/libdaisy.a(stm32h7xx_ll_usb.o)
                0x0000000008009c0c                USB_GetDevSpeed
 .text.USB_ActivateEndpoint
                0x0000000008009c30       0x90 /home/nahomts/Documents/DaisyExamples/libDaisy/build/libdaisy.a(stm32h7xx_ll_usb.o)
                0x0000000008009c30                USB_ActivateEndpoint
 .text.USB_DeactivateEndpoint
                0x0000000008009cc0       0x84 /home/nahomts/Documents/DaisyExamples/libDaisy/build/libdaisy.a(stm32h7xx_ll_usb.o)
                0x0000000008009cc0                USB_DeactivateEndpoint
 .text.USB_EPStartXfer
                0x0000000008009d44      0x230 /home/nahomts/Documents/DaisyExamples/libDaisy/build/libdaisy.a(stm32h7xx_ll_usb.o)
                0x0000000008009d44                USB_EPStartXfer
 .text.USB_EP0StartXfer
                0x0000000008009f74      0x174 /home/nahomts/Documents/DaisyExamples/libDaisy/build/libdaisy.a(stm32h7xx_ll_usb.o)
                0x0000000008009f74                USB_EP0StartXfer
 .text.USB_WritePacket
                0x000000000800a0e8       0x2c /home/nahomts/Documents/DaisyExamples/libDaisy/build/libdaisy.a(stm32h7xx_ll_usb.o)
                0x000000000800a0e8                USB_WritePacket
 .text.USB_ReadPacket
                0x000000000800a114       0x20 /home/nahomts/Documents/DaisyExamples/libDaisy/build/libdaisy.a(stm32h7xx_ll_usb.o)
                0x000000000800a114                USB_ReadPacket
 .text.USB_EPSetStall
                0x000000000800a134       0x68 /home/nahomts/Documents/DaisyExamples/libDaisy/build/libdaisy.a(stm32h7xx_ll_usb.o)
                0x000000000800a134                USB_EPSetStall
 .text.USB_EPClearStall
                0x000000000800a19c       0x58 /home/nahomts/Documents/DaisyExamples/libDaisy/build/libdaisy.a(stm32h7xx_ll_usb.o)
                0x000000000800a19c                USB_EPClearStall
 .text.USB_SetDevAddress
                0x000000000800a1f4       0x24 /home/nahomts/Documents/DaisyExamples/libDaisy/build/libdaisy.a(stm32h7xx_ll_usb.o)
                0x000000000800a1f4                USB_SetDevAddress
 .text.USB_DevConnect
                0x000000000800a218       0x1c /home/nahomts/Documents/DaisyExamples/libDaisy/build/libdaisy.a(stm32h7xx_ll_usb.o)
                0x000000000800a218                USB_DevConnect
 .text.USB_DevDisconnect
                0x000000000800a234       0x1c /home/nahomts/Documents/DaisyExamples/libDaisy/build/libdaisy.a(stm32h7xx_ll_usb.o)
                0x000000000800a234                USB_DevDisconnect
 .text.USB_ReadInterrupts
                0x000000000800a250       0x14 /home/nahomts/Documents/DaisyExamples/libDaisy/build/libdaisy.a(stm32h7xx_ll_usb.o)
                0x000000000800a250                USB_ReadInterrupts
 .text.USB_ReadDevAllOutEpInterrupt
                0x000000000800a264       0x1c /home/nahomts/Documents/DaisyExamples/libDaisy/build/libdaisy.a(stm32h7xx_ll_usb.o)
                0x000000000800a264                USB_ReadDevAllOutEpInterrupt
 .text.USB_ReadDevAllInEpInterrupt
                0x000000000800a280       0x1c /home/nahomts/Documents/DaisyExamples/libDaisy/build/libdaisy.a(stm32h7xx_ll_usb.o)
                0x000000000800a280                USB_ReadDevAllInEpInterrupt
 .text.USB_ReadDevOutEPInterrupt
                0x000000000800a29c       0x1c /home/nahomts/Documents/DaisyExamples/libDaisy/build/libdaisy.a(stm32h7xx_ll_usb.o)
                0x000000000800a29c                USB_ReadDevOutEPInterrupt
 .text.USB_ReadDevInEPInterrupt
                0x000000000800a2b8       0x38 /home/nahomts/Documents/DaisyExamples/libDaisy/build/libdaisy.a(stm32h7xx_ll_usb.o)
                0x000000000800a2b8                USB_ReadDevInEPInterrupt
 .text.USB_GetMode
                0x000000000800a2f0        0x8 /home/nahomts/Documents/DaisyExamples/libDaisy/build/libdaisy.a(stm32h7xx_ll_usb.o)
                0x000000000800a2f0                USB_GetMode
 .text.USB_ActivateSetup
                0x000000000800a2f8       0x38 /home/nahomts/Documents/DaisyExamples/libDaisy/build/libdaisy.a(stm32h7xx_ll_usb.o)
                0x000000000800a2f8                USB_ActivateSetup
 .text.USB_EP0_OutStart
                0x000000000800a330       0x58 /home/nahomts/Documents/DaisyExamples/libDaisy/build/libdaisy.a(stm32h7xx_ll_usb.o)
                0x000000000800a330                USB_EP0_OutStart
 .text.USB_InitFSLSPClkSel
                0x000000000800a388       0x44 /home/nahomts/Documents/DaisyExamples/libDaisy/build/libdaisy.a(stm32h7xx_ll_usb.o)
                0x000000000800a388                USB_InitFSLSPClkSel
 .text.USB_HC_ReadInterrupt
                0x000000000800a3cc        0x8 /home/nahomts/Documents/DaisyExamples/libDaisy/build/libdaisy.a(stm32h7xx_ll_usb.o)
                0x000000000800a3cc                USB_HC_ReadInterrupt
 .text.USB_HC_Halt
                0x000000000800a3d4       0xc0 /home/nahomts/Documents/DaisyExamples/libDaisy/build/libdaisy.a(stm32h7xx_ll_usb.o)
                0x000000000800a3d4                USB_HC_Halt
 .text.USB_StopHost
                0x000000000800a494      0x2ec /home/nahomts/Documents/DaisyExamples/libDaisy/build/libdaisy.a(stm32h7xx_ll_usb.o)
                0x000000000800a494                USB_StopHost
 .text.USBD_CDC_EP0_RxReady
                0x000000000800a780       0x2c /home/nahomts/Documents/DaisyExamples/libDaisy/build/libdaisy.a(usbd_cdc.o)
 .text.USBD_CDC_GetFSCfgDesc
                0x000000000800a7ac       0x24 /home/nahomts/Documents/DaisyExamples/libDaisy/build/libdaisy.a(usbd_cdc.o)
 .text.USBD_CDC_GetHSCfgDesc
                0x000000000800a7d0       0x24 /home/nahomts/Documents/DaisyExamples/libDaisy/build/libdaisy.a(usbd_cdc.o)
 .text.USBD_CDC_GetOtherSpeedCfgDesc
                0x000000000800a7f4       0x24 /home/nahomts/Documents/DaisyExamples/libDaisy/build/libdaisy.a(usbd_cdc.o)
 .text.USBD_CDC_GetDeviceQualifierDescriptor
                0x000000000800a818       0x10 /home/nahomts/Documents/DaisyExamples/libDaisy/build/libdaisy.a(usbd_cdc.o)
                0x000000000800a818                USBD_CDC_GetDeviceQualifierDescriptor
 .text.USBD_CDC_DataOut
                0x000000000800a828       0x30 /home/nahomts/Documents/DaisyExamples/libDaisy/build/libdaisy.a(usbd_cdc.o)
 .text.USBD_CDC_DataIn
                0x000000000800a858       0x50 /home/nahomts/Documents/DaisyExamples/libDaisy/build/libdaisy.a(usbd_cdc.o)
 .text.USBD_CDC_Setup
                0x000000000800a8a8       0xcc /home/nahomts/Documents/DaisyExamples/libDaisy/build/libdaisy.a(usbd_cdc.o)
 .text.USBD_CDC_DeInit
                0x000000000800a974       0x44 /home/nahomts/Documents/DaisyExamples/libDaisy/build/libdaisy.a(usbd_cdc.o)
 .text.USBD_CDC_Init
                0x000000000800a9b8       0x94 /home/nahomts/Documents/DaisyExamples/libDaisy/build/libdaisy.a(usbd_cdc.o)
 .text.USBD_CDC_RegisterInterface
                0x000000000800aa4c       0x10 /home/nahomts/Documents/DaisyExamples/libDaisy/build/libdaisy.a(usbd_cdc.o)
                0x000000000800aa4c                USBD_CDC_RegisterInterface
 .text.USBD_CDC_SetTxBuffer
                0x000000000800aa5c       0x14 /home/nahomts/Documents/DaisyExamples/libDaisy/build/libdaisy.a(usbd_cdc.o)
                0x000000000800aa5c                USBD_CDC_SetTxBuffer
 .text.USBD_CDC_SetRxBuffer
                0x000000000800aa70       0x10 /home/nahomts/Documents/DaisyExamples/libDaisy/build/libdaisy.a(usbd_cdc.o)
                0x000000000800aa70                USBD_CDC_SetRxBuffer
 .text.USBD_CDC_TransmitPacket
                0x000000000800aa80       0x34 /home/nahomts/Documents/DaisyExamples/libDaisy/build/libdaisy.a(usbd_cdc.o)
                0x000000000800aa80                USBD_CDC_TransmitPacket
 .text.USBD_CDC_ReceivePacket
                0x000000000800aab4       0x38 /home/nahomts/Documents/DaisyExamples/libDaisy/build/libdaisy.a(usbd_cdc.o)
                0x000000000800aab4                USBD_CDC_ReceivePacket
 .text.USBD_Init
                0x000000000800aaec       0x44 /home/nahomts/Documents/DaisyExamples/libDaisy/build/libdaisy.a(usbd_core.o)
                0x000000000800aaec                USBD_Init
 .text.USBD_RegisterClass
                0x000000000800ab30       0x2c /home/nahomts/Documents/DaisyExamples/libDaisy/build/libdaisy.a(usbd_core.o)
                0x000000000800ab30                USBD_RegisterClass
 .text.USBD_Start
                0x000000000800ab5c        0xc /home/nahomts/Documents/DaisyExamples/libDaisy/build/libdaisy.a(usbd_core.o)
                0x000000000800ab5c                USBD_Start
 .text.USBD_SetClassConfig
                0x000000000800ab68       0x14 /home/nahomts/Documents/DaisyExamples/libDaisy/build/libdaisy.a(usbd_core.o)
                0x000000000800ab68                USBD_SetClassConfig
 .text.USBD_ClrClassConfig
                0x000000000800ab7c       0x10 /home/nahomts/Documents/DaisyExamples/libDaisy/build/libdaisy.a(usbd_core.o)
                0x000000000800ab7c                USBD_ClrClassConfig
 .text.USBD_LL_SetupStage
                0x000000000800ab8c       0x5c /home/nahomts/Documents/DaisyExamples/libDaisy/build/libdaisy.a(usbd_core.o)
                0x000000000800ab8c                USBD_LL_SetupStage
 .text.USBD_LL_DataOutStage
                0x000000000800abe8       0x7c /home/nahomts/Documents/DaisyExamples/libDaisy/build/libdaisy.a(usbd_core.o)
                0x000000000800abe8                USBD_LL_DataOutStage
 .text.USBD_LL_DataInStage
                0x000000000800ac64       0xcc /home/nahomts/Documents/DaisyExamples/libDaisy/build/libdaisy.a(usbd_core.o)
                0x000000000800ac64                USBD_LL_DataInStage
 .text.USBD_LL_Reset
                0x000000000800ad30       0x50 /home/nahomts/Documents/DaisyExamples/libDaisy/build/libdaisy.a(usbd_core.o)
                0x000000000800ad30                USBD_LL_Reset
 .text.USBD_LL_SetSpeed
                0x000000000800ad80        0x8 /home/nahomts/Documents/DaisyExamples/libDaisy/build/libdaisy.a(usbd_core.o)
                0x000000000800ad80                USBD_LL_SetSpeed
 .text.USBD_LL_Suspend
                0x000000000800ad88       0x14 /home/nahomts/Documents/DaisyExamples/libDaisy/build/libdaisy.a(usbd_core.o)
                0x000000000800ad88                USBD_LL_Suspend
 .text.USBD_LL_Resume
                0x000000000800ad9c       0x10 /home/nahomts/Documents/DaisyExamples/libDaisy/build/libdaisy.a(usbd_core.o)
                0x000000000800ad9c                USBD_LL_Resume
 .text.USBD_LL_SOF
                0x000000000800adac       0x1c /home/nahomts/Documents/DaisyExamples/libDaisy/build/libdaisy.a(usbd_core.o)
                0x000000000800adac                USBD_LL_SOF
 .text.USBD_LL_IsoINIncomplete
                0x000000000800adc8        0x4 /home/nahomts/Documents/DaisyExamples/libDaisy/build/libdaisy.a(usbd_core.o)
                0x000000000800adc8                USBD_LL_IsoINIncomplete
 .text.USBD_LL_IsoOUTIncomplete
                0x000000000800adcc        0x4 /home/nahomts/Documents/DaisyExamples/libDaisy/build/libdaisy.a(usbd_core.o)
                0x000000000800adcc                USBD_LL_IsoOUTIncomplete
 .text.USBD_LL_DevConnected
                0x000000000800add0        0x4 /home/nahomts/Documents/DaisyExamples/libDaisy/build/libdaisy.a(usbd_core.o)
                0x000000000800add0                USBD_LL_DevConnected
 .text.USBD_LL_DevDisconnected
                0x000000000800add4       0x18 /home/nahomts/Documents/DaisyExamples/libDaisy/build/libdaisy.a(usbd_core.o)
                0x000000000800add4                USBD_LL_DevDisconnected
 .text.USBD_StdDevReq
                0x000000000800adec      0x304 /home/nahomts/Documents/DaisyExamples/libDaisy/build/libdaisy.a(usbd_ctlreq.o)
                0x000000000800adec                USBD_StdDevReq
 .text.USBD_StdItfReq
                0x000000000800b0f0       0x68 /home/nahomts/Documents/DaisyExamples/libDaisy/build/libdaisy.a(usbd_ctlreq.o)
                0x000000000800b0f0                USBD_StdItfReq
 .text.USBD_StdEPReq
                0x000000000800b158      0x13c /home/nahomts/Documents/DaisyExamples/libDaisy/build/libdaisy.a(usbd_ctlreq.o)
                0x000000000800b158                USBD_StdEPReq
 .text.USBD_ParseSetupRequest
                0x000000000800b294       0x28 /home/nahomts/Documents/DaisyExamples/libDaisy/build/libdaisy.a(usbd_ctlreq.o)
                0x000000000800b294                USBD_ParseSetupRequest
 .text.USBD_CtlError
                0x000000000800b2bc       0x18 /home/nahomts/Documents/DaisyExamples/libDaisy/build/libdaisy.a(usbd_ctlreq.o)
                0x000000000800b2bc                USBD_CtlError
 .text.USBD_GetString
                0x000000000800b2d4       0x54 /home/nahomts/Documents/DaisyExamples/libDaisy/build/libdaisy.a(usbd_ctlreq.o)
                0x000000000800b2d4                USBD_GetString
 .text.USBD_CtlSendData
                0x000000000800b328       0x1c /home/nahomts/Documents/DaisyExamples/libDaisy/build/libdaisy.a(usbd_ioreq.o)
                0x000000000800b328                USBD_CtlSendData
 .text.USBD_CtlContinueSendData
                0x000000000800b344       0x14 /home/nahomts/Documents/DaisyExamples/libDaisy/build/libdaisy.a(usbd_ioreq.o)
                0x000000000800b344                USBD_CtlContinueSendData
 .text.USBD_CtlPrepareRx
                0x000000000800b358       0x1c /home/nahomts/Documents/DaisyExamples/libDaisy/build/libdaisy.a(usbd_ioreq.o)
                0x000000000800b358                USBD_CtlPrepareRx
 .text.USBD_CtlContinueRx
                0x000000000800b374       0x14 /home/nahomts/Documents/DaisyExamples/libDaisy/build/libdaisy.a(usbd_ioreq.o)
                0x000000000800b374                USBD_CtlContinueRx
 .text.USBD_CtlSendStatus
                0x000000000800b388       0x18 /home/nahomts/Documents/DaisyExamples/libDaisy/build/libdaisy.a(usbd_ioreq.o)
                0x000000000800b388                USBD_CtlSendStatus
 .text.USBD_CtlReceiveStatus
                0x000000000800b3a0       0x18 /home/nahomts/Documents/DaisyExamples/libDaisy/build/libdaisy.a(usbd_ioreq.o)
                0x000000000800b3a0                USBD_CtlReceiveStatus
 .text.USBH_LL_IncTimer
                0x000000000800b3b8       0x20 /home/nahomts/Documents/DaisyExamples/libDaisy/build/libdaisy.a(usbh_core.o)
                0x000000000800b3b8                USBH_LL_IncTimer
 .text.USBH_LL_PortEnabled
                0x000000000800b3d8        0x8 /home/nahomts/Documents/DaisyExamples/libDaisy/build/libdaisy.a(usbh_core.o)
                0x000000000800b3d8                USBH_LL_PortEnabled
 .text.USBH_LL_PortDisabled
                0x000000000800b3e0        0x8 /home/nahomts/Documents/DaisyExamples/libDaisy/build/libdaisy.a(usbh_core.o)
                0x000000000800b3e0                USBH_LL_PortDisabled
 .text.USBH_LL_Connect
                0x000000000800b3e8       0x18 /home/nahomts/Documents/DaisyExamples/libDaisy/build/libdaisy.a(usbh_core.o)
                0x000000000800b3e8                USBH_LL_Connect
 .text.USBH_LL_Disconnect
                0x000000000800b400       0x2c /home/nahomts/Documents/DaisyExamples/libDaisy/build/libdaisy.a(usbh_core.o)
                0x000000000800b400                USBH_LL_Disconnect
 .text.USBH_FreePipe
                0x000000000800b42c       0x18 /home/nahomts/Documents/DaisyExamples/libDaisy/build/libdaisy.a(usbh_pipes.o)
                0x000000000800b42c                USBH_FreePipe
 .text._ZN5daisy6Random4InitEv
                0x000000000800b444       0x3c /home/nahomts/Documents/DaisyExamples/libDaisy/build/libdaisy.a(rng.o)
                0x000000000800b444                daisy::Random::Init()
 .text._ZN5daisy9SpiHandle4Impl7InitDmaEv
                0x000000000800b480       0xec /home/nahomts/Documents/DaisyExamples/libDaisy/build/libdaisy.a(spi.o)
                0x000000000800b480                daisy::SpiHandle::Impl::InitDma()
 .text._ZN5daisy9SpiHandle4Impl10StartDmaTxEPhjPFvPvEPFvS3_NS0_6ResultEES3_
                0x000000000800b56c       0xc8 /home/nahomts/Documents/DaisyExamples/libDaisy/build/libdaisy.a(spi.o)
                0x000000000800b56c                daisy::SpiHandle::Impl::StartDmaTx(unsigned char*, unsigned int, void (*)(void*), void (*)(void*, daisy::SpiHandle::Result), void*)
 .text._ZN5daisy9SpiHandle4Impl10StartDmaRxEPhjPFvPvEPFvS3_NS0_6ResultEES3_
                0x000000000800b634       0xc8 /home/nahomts/Documents/DaisyExamples/libDaisy/build/libdaisy.a(spi.o)
                0x000000000800b634                daisy::SpiHandle::Impl::StartDmaRx(unsigned char*, unsigned int, void (*)(void*), void (*)(void*, daisy::SpiHandle::Result), void*)
 .text._ZN5daisy9SpiHandle4Impl12StartDmaRxTxEPhS2_jPFvPvEPFvS3_NS0_6ResultEES3_
                0x000000000800b6fc       0xcc /home/nahomts/Documents/DaisyExamples/libDaisy/build/libdaisy.a(spi.o)
                0x000000000800b6fc                daisy::SpiHandle::Impl::StartDmaRxTx(unsigned char*, unsigned char*, unsigned int, void (*)(void*), void (*)(void*, daisy::SpiHandle::Result), void*)
 .text._ZN5daisy9SpiHandle4Impl8InitPinsEv
                0x000000000800b7c8      0x274 /home/nahomts/Documents/DaisyExamples/libDaisy/build/libdaisy.a(spi.o)
                0x000000000800b7c8                daisy::SpiHandle::Impl::InitPins()
 .text.HAL_SPI_MspInit
                0x000000000800ba3c      0x1a8 /home/nahomts/Documents/DaisyExamples/libDaisy/build/libdaisy.a(spi.o)
                0x000000000800ba3c                HAL_SPI_MspInit
 .text.dsy_spi_global_init
                0x000000000800bbe4       0x80 /home/nahomts/Documents/DaisyExamples/libDaisy/build/libdaisy.a(spi.o)
                0x000000000800bbe4                dsy_spi_global_init
 .text.SPI1_IRQHandler
                0x000000000800bc64        0xc /home/nahomts/Documents/DaisyExamples/libDaisy/build/libdaisy.a(spi.o)
                0x000000000800bc64                SPI1_IRQHandler
 .text.SPI2_IRQHandler
                0x000000000800bc70        0xc /home/nahomts/Documents/DaisyExamples/libDaisy/build/libdaisy.a(spi.o)
                0x000000000800bc70                SPI2_IRQHandler
 .text.SPI3_IRQHandler
                0x000000000800bc7c        0xc /home/nahomts/Documents/DaisyExamples/libDaisy/build/libdaisy.a(spi.o)
                0x000000000800bc7c                SPI3_IRQHandler
 .text.SPI4_IRQHandler
                0x000000000800bc88        0xc /home/nahomts/Documents/DaisyExamples/libDaisy/build/libdaisy.a(spi.o)
                0x000000000800bc88                SPI4_IRQHandler
 .text.SPI5_IRQHandler
                0x000000000800bc94        0xc /home/nahomts/Documents/DaisyExamples/libDaisy/build/libdaisy.a(spi.o)
                0x000000000800bc94                SPI5_IRQHandler
 .text.DMA2_Stream2_IRQHandler
                0x000000000800bca0       0x34 /home/nahomts/Documents/DaisyExamples/libDaisy/build/libdaisy.a(spi.o)
                0x000000000800bca0                DMA2_Stream2_IRQHandler
 .text.DMA2_Stream3_IRQHandler
                0x000000000800bcd4       0x38 /home/nahomts/Documents/DaisyExamples/libDaisy/build/libdaisy.a(spi.o)
                0x000000000800bcd4                DMA2_Stream3_IRQHandler
 .text.HAL_SPI_TxCpltCallback
                0x000000000800bd0c       0xc4 /home/nahomts/Documents/DaisyExamples/libDaisy/build/libdaisy.a(spi.o)
                0x000000000800bd0c                HAL_SPI_TxCpltCallback
 .text.HAL_SPI_RxCpltCallback
                0x000000000800bdd0       0xc4 /home/nahomts/Documents/DaisyExamples/libDaisy/build/libdaisy.a(spi.o)
                0x000000000800bdd0                HAL_SPI_RxCpltCallback
 .text.HAL_SPI_TxRxCpltCallback
                0x000000000800be94       0xc4 /home/nahomts/Documents/DaisyExamples/libDaisy/build/libdaisy.a(spi.o)
                0x000000000800be94                HAL_SPI_TxRxCpltCallback
 .text.HAL_SPI_ErrorCallback
                0x000000000800bf58       0xc8 /home/nahomts/Documents/DaisyExamples/libDaisy/build/libdaisy.a(spi.o)
                0x000000000800bf58                HAL_SPI_ErrorCallback
 .text.startup._GLOBAL__sub_I__Z19MapInstanceToHandleP11SPI_TypeDef
                0x000000000800c020      0x1b0 /home/nahomts/Documents/DaisyExamples/libDaisy/build/libdaisy.a(spi.o)
 .text.HAL_TIM_Base_MspInit
                0x000000000800c1d0      0x1e0 /home/nahomts/Documents/DaisyExamples/libDaisy/build/libdaisy.a(tim.o)
                0x000000000800c1d0                HAL_TIM_Base_MspInit
 .text.HAL_TIM_PeriodElapsedCallback
                0x000000000800c3b0       0x44 /home/nahomts/Documents/DaisyExamples/libDaisy/build/libdaisy.a(tim.o)
                0x000000000800c3b0                HAL_TIM_PeriodElapsedCallback
 .text.TIM2_IRQHandler
                0x000000000800c3f4        0xc /home/nahomts/Documents/DaisyExamples/libDaisy/build/libdaisy.a(tim.o)
                0x000000000800c3f4                TIM2_IRQHandler
 .text.TIM3_IRQHandler
                0x000000000800c400        0xc /home/nahomts/Documents/DaisyExamples/libDaisy/build/libdaisy.a(tim.o)
                0x000000000800c400                TIM3_IRQHandler
 .text.TIM4_IRQHandler
                0x000000000800c40c        0xc /home/nahomts/Documents/DaisyExamples/libDaisy/build/libdaisy.a(tim.o)
                0x000000000800c40c                TIM4_IRQHandler
 .text.TIM5_IRQHandler
                0x000000000800c418        0xc /home/nahomts/Documents/DaisyExamples/libDaisy/build/libdaisy.a(tim.o)
                0x000000000800c418                TIM5_IRQHandler
 .text._ZN5daisy11TimerHandle4InitERKNS0_6ConfigE
                0x000000000800c424       0xd0 /home/nahomts/Documents/DaisyExamples/libDaisy/build/libdaisy.a(tim.o)
                0x000000000800c424                daisy::TimerHandle::Init(daisy::TimerHandle::Config const&)
 .text._ZN5daisy11TimerHandle5StartEv
                0x000000000800c4f4       0x24 /home/nahomts/Documents/DaisyExamples/libDaisy/build/libdaisy.a(tim.o)
                0x000000000800c4f4                daisy::TimerHandle::Start()
 .text.startup._GLOBAL__sub_I__ZN5daisy11TimerHandle4Impl4InitERKNS0_6ConfigE
                0x000000000800c518       0x38 /home/nahomts/Documents/DaisyExamples/libDaisy/build/libdaisy.a(tim.o)
 .text._ZL20UART_CheckRxListenerPN5daisy11UartHandler4ImplE
                0x000000000800c550       0x84 /home/nahomts/Documents/DaisyExamples/libDaisy/build/libdaisy.a(uart.o)
 .text._ZN5daisy11UartHandler4Impl10StartDmaTxEPhjPFvPvEPFvS3_NS0_6ResultEES3_
                0x000000000800c5d4      0x184 /home/nahomts/Documents/DaisyExamples/libDaisy/build/libdaisy.a(uart.o)
                0x000000000800c5d4                daisy::UartHandler::Impl::StartDmaTx(unsigned char*, unsigned int, void (*)(void*), void (*)(void*, daisy::UartHandler::Result), void*)
 .text._ZN5daisy11UartHandler4Impl10StartDmaRxEPhjPFvPvEPFvS3_NS0_6ResultEES3_
                0x000000000800c758      0x184 /home/nahomts/Documents/DaisyExamples/libDaisy/build/libdaisy.a(uart.o)
                0x000000000800c758                daisy::UartHandler::Impl::StartDmaRx(unsigned char*, unsigned int, void (*)(void*), void (*)(void*, daisy::UartHandler::Result), void*)
 .text._ZN5daisy11UartHandler4Impl19DmaTransferFinishedEP20__UART_HandleTypeDefNS0_6ResultE
                0x000000000800c8dc       0xc0 /home/nahomts/Documents/DaisyExamples/libDaisy/build/libdaisy.a(uart.o)
                0x000000000800c8dc                daisy::UartHandler::Impl::DmaTransferFinished(__UART_HandleTypeDef*, daisy::UartHandler::Result)
 .text._ZN5daisy11UartHandler4Impl8InitPinsEv
                0x000000000800c99c      0x154 /home/nahomts/Documents/DaisyExamples/libDaisy/build/libdaisy.a(uart.o)
                0x000000000800c99c                daisy::UartHandler::Impl::InitPins()
 .text.HAL_UART_MspInit
                0x000000000800caf0      0x210 /home/nahomts/Documents/DaisyExamples/libDaisy/build/libdaisy.a(uart.o)
                0x000000000800caf0                HAL_UART_MspInit
 .text.dsy_uart_global_init
                0x000000000800cd00      0x110 /home/nahomts/Documents/DaisyExamples/libDaisy/build/libdaisy.a(uart.o)
                0x000000000800cd00                dsy_uart_global_init
 .text.USART1_IRQHandler
                0x000000000800ce10       0x2c /home/nahomts/Documents/DaisyExamples/libDaisy/build/libdaisy.a(uart.o)
                0x000000000800ce10                USART1_IRQHandler
 .text.USART2_IRQHandler
                0x000000000800ce3c       0x34 /home/nahomts/Documents/DaisyExamples/libDaisy/build/libdaisy.a(uart.o)
                0x000000000800ce3c                USART2_IRQHandler
 .text.USART3_IRQHandler
                0x000000000800ce70       0x34 /home/nahomts/Documents/DaisyExamples/libDaisy/build/libdaisy.a(uart.o)
                0x000000000800ce70                USART3_IRQHandler
 .text.UART4_IRQHandler
                0x000000000800cea4       0x34 /home/nahomts/Documents/DaisyExamples/libDaisy/build/libdaisy.a(uart.o)
                0x000000000800cea4                UART4_IRQHandler
 .text.UART5_IRQHandler
                0x000000000800ced8       0x34 /home/nahomts/Documents/DaisyExamples/libDaisy/build/libdaisy.a(uart.o)
                0x000000000800ced8                UART5_IRQHandler
 .text.USART6_IRQHandler
                0x000000000800cf0c       0x34 /home/nahomts/Documents/DaisyExamples/libDaisy/build/libdaisy.a(uart.o)
                0x000000000800cf0c                USART6_IRQHandler